../Core/Src/can.c:33:6:MX_CAN1_Init	8	static
../Core/Src/can.c:65:6:HAL_CAN_MspInit	40	static
../Core/Src/can.c:95:6:HAL_CAN_MspDeInit	0	static
../Core/Src/can.c:119:6:can_filter_enable	48	static
../Core/Src/can.c:137:6:can_filter_disable	48	static
../Core/Src/can.c:155:6:can_init	48	static
../Core/Src/can.c:198:6:HAL_CAN_RxFifo0MsgPendingCallback	56	static
../Core/Src/can.c:214:6:can_transmit	64	static
../Core/Src/can.c:239:6:can_ctrl_loop	16	static
../Core/Src/can.c:260:12:get_motor_feedback	0	static
../Core/Src/can.c:262:6:set_motor_current	0	static
../Core/Src/can.c:271:6:set_motor_speed	0	static
