Archive member included to satisfy reference by file (symbol)

c:/st/stm32cubeide_1.10.1/stm32cubeide/plugins/com.st.stm32cube.ide.mcu.externaltools.gnu-tools-for-stm32.10.3-2021.10.win32_1.0.0.202111181127/tools/bin/../lib/gcc/arm-none-eabi/10.3.1/../../../../arm-none-eabi/lib/thumb/v7e-m+fp/hard\libc_nano.a(lib_a-errno.o)
                              ./Core/Src/syscalls.o (__errno)
c:/st/stm32cubeide_1.10.1/stm32cubeide/plugins/com.st.stm32cube.ide.mcu.externaltools.gnu-tools-for-stm32.10.3-2021.10.win32_1.0.0.202111181127/tools/bin/../lib/gcc/arm-none-eabi/10.3.1/../../../../arm-none-eabi/lib/thumb/v7e-m+fp/hard\libc_nano.a(lib_a-exit.o)
                              c:/st/stm32cubeide_1.10.1/stm32cubeide/plugins/com.st.stm32cube.ide.mcu.externaltools.gnu-tools-for-stm32.10.3-2021.10.win32_1.0.0.202111181127/tools/bin/../lib/gcc/arm-none-eabi/10.3.1/../../../../arm-none-eabi/lib/thumb/v7e-m+fp/hard/crt0.o (exit)
c:/st/stm32cubeide_1.10.1/stm32cubeide/plugins/com.st.stm32cube.ide.mcu.externaltools.gnu-tools-for-stm32.10.3-2021.10.win32_1.0.0.202111181127/tools/bin/../lib/gcc/arm-none-eabi/10.3.1/../../../../arm-none-eabi/lib/thumb/v7e-m+fp/hard\libc_nano.a(lib_a-impure.o)
                              c:/st/stm32cubeide_1.10.1/stm32cubeide/plugins/com.st.stm32cube.ide.mcu.externaltools.gnu-tools-for-stm32.10.3-2021.10.win32_1.0.0.202111181127/tools/bin/../lib/gcc/arm-none-eabi/10.3.1/../../../../arm-none-eabi/lib/thumb/v7e-m+fp/hard\libc_nano.a(lib_a-exit.o) (_global_impure_ptr)
c:/st/stm32cubeide_1.10.1/stm32cubeide/plugins/com.st.stm32cube.ide.mcu.externaltools.gnu-tools-for-stm32.10.3-2021.10.win32_1.0.0.202111181127/tools/bin/../lib/gcc/arm-none-eabi/10.3.1/../../../../arm-none-eabi/lib/thumb/v7e-m+fp/hard\libc_nano.a(lib_a-init.o)
                              c:/st/stm32cubeide_1.10.1/stm32cubeide/plugins/com.st.stm32cube.ide.mcu.externaltools.gnu-tools-for-stm32.10.3-2021.10.win32_1.0.0.202111181127/tools/bin/../lib/gcc/arm-none-eabi/10.3.1/../../../../arm-none-eabi/lib/thumb/v7e-m+fp/hard/crt0.o (__libc_init_array)
c:/st/stm32cubeide_1.10.1/stm32cubeide/plugins/com.st.stm32cube.ide.mcu.externaltools.gnu-tools-for-stm32.10.3-2021.10.win32_1.0.0.202111181127/tools/bin/../lib/gcc/arm-none-eabi/10.3.1/../../../../arm-none-eabi/lib/thumb/v7e-m+fp/hard\libc_nano.a(lib_a-memcpy-stub.o)
                              ./Core/Src/main.o (memcpy)
c:/st/stm32cubeide_1.10.1/stm32cubeide/plugins/com.st.stm32cube.ide.mcu.externaltools.gnu-tools-for-stm32.10.3-2021.10.win32_1.0.0.202111181127/tools/bin/../lib/gcc/arm-none-eabi/10.3.1/../../../../arm-none-eabi/lib/thumb/v7e-m+fp/hard\libc_nano.a(lib_a-memset.o)
                              c:/st/stm32cubeide_1.10.1/stm32cubeide/plugins/com.st.stm32cube.ide.mcu.externaltools.gnu-tools-for-stm32.10.3-2021.10.win32_1.0.0.202111181127/tools/bin/../lib/gcc/arm-none-eabi/10.3.1/../../../../arm-none-eabi/lib/thumb/v7e-m+fp/hard/crt0.o (memset)
c:/st/stm32cubeide_1.10.1/stm32cubeide/plugins/com.st.stm32cube.ide.mcu.externaltools.gnu-tools-for-stm32.10.3-2021.10.win32_1.0.0.202111181127/tools/bin/../lib/gcc/arm-none-eabi/10.3.1/../../../../arm-none-eabi/lib/thumb/v7e-m+fp/hard\libm.a(lib_a-w_sqrt.o)
                              ./Core/Src/usart.o (sqrt)
c:/st/stm32cubeide_1.10.1/stm32cubeide/plugins/com.st.stm32cube.ide.mcu.externaltools.gnu-tools-for-stm32.10.3-2021.10.win32_1.0.0.202111181127/tools/bin/../lib/gcc/arm-none-eabi/10.3.1/../../../../arm-none-eabi/lib/thumb/v7e-m+fp/hard\libm.a(lib_a-e_sqrt.o)
                              c:/st/stm32cubeide_1.10.1/stm32cubeide/plugins/com.st.stm32cube.ide.mcu.externaltools.gnu-tools-for-stm32.10.3-2021.10.win32_1.0.0.202111181127/tools/bin/../lib/gcc/arm-none-eabi/10.3.1/../../../../arm-none-eabi/lib/thumb/v7e-m+fp/hard\libm.a(lib_a-w_sqrt.o) (__ieee754_sqrt)
c:/st/stm32cubeide_1.10.1/stm32cubeide/plugins/com.st.stm32cube.ide.mcu.externaltools.gnu-tools-for-stm32.10.3-2021.10.win32_1.0.0.202111181127/tools/bin/../lib/gcc/arm-none-eabi/10.3.1/thumb/v7e-m+fp/hard\libgcc.a(_arm_muldf3.o)
                              ./Core/Src/can.o (__aeabi_dmul)
c:/st/stm32cubeide_1.10.1/stm32cubeide/plugins/com.st.stm32cube.ide.mcu.externaltools.gnu-tools-for-stm32.10.3-2021.10.win32_1.0.0.202111181127/tools/bin/../lib/gcc/arm-none-eabi/10.3.1/thumb/v7e-m+fp/hard\libgcc.a(_arm_addsubdf3.o)
                              ./Core/Src/can.o (__aeabi_dsub)
c:/st/stm32cubeide_1.10.1/stm32cubeide/plugins/com.st.stm32cube.ide.mcu.externaltools.gnu-tools-for-stm32.10.3-2021.10.win32_1.0.0.202111181127/tools/bin/../lib/gcc/arm-none-eabi/10.3.1/thumb/v7e-m+fp/hard\libgcc.a(_arm_muldivdf3.o)
                              c:/st/stm32cubeide_1.10.1/stm32cubeide/plugins/com.st.stm32cube.ide.mcu.externaltools.gnu-tools-for-stm32.10.3-2021.10.win32_1.0.0.202111181127/tools/bin/../lib/gcc/arm-none-eabi/10.3.1/../../../../arm-none-eabi/lib/thumb/v7e-m+fp/hard\libm.a(lib_a-w_sqrt.o) (__aeabi_ddiv)
[...]
Memory Configuration

Name             Origin             Length             Attributes
CCMRAM           0x0000000010000000 0x0000000000010000 xrw
RAM              0x0000000020000000 0x0000000000020000 xrw
FLASH            0x0000000008000000 0x0000000000100000 xr
*default*        0x0000000000000000 0xffffffffffffffff

Linker script and memory map

LOAD c:/st/stm32cubeide_1.10.1/stm32cubeide/plugins/com.st.stm32cube.ide.mcu.externaltools.gnu-tools-for-stm32.10.3-2021.10.win32_1.0.0.202111181127/tools/bin/../lib/gcc/arm-none-eabi/10.3.1/thumb/v7e-m+fp/hard/crti.o
LOAD c:/st/stm32cubeide_1.10.1/stm32cubeide/plugins/com.st.stm32cube.ide.mcu.externaltools.gnu-tools-for-stm32.10.3-2021.10.win32_1.0.0.202111181127/tools/bin/../lib/gcc/arm-none-eabi/10.3.1/thumb/v7e-m+fp/hard/crtbegin.o
LOAD c:/st/stm32cubeide_1.10.1/stm32cubeide/plugins/com.st.stm32cube.ide.mcu.externaltools.gnu-tools-for-stm32.10.3-2021.10.win32_1.0.0.202111181127/tools/bin/../lib/gcc/arm-none-eabi/10.3.1/../../../../arm-none-eabi/lib/thumb/v7e-m+fp/hard/crt0.o
LOAD ./Core/Src/can.o
LOAD ./Core/Src/dma.o
LOAD ./Core/Src/gpio.o
LOAD ./Core/Src/i2c.o
LOAD ./Core/Src/lcd.o
LOAD ./Core/Src/lcd_graphics.o
LOAD ./Core/Src/main.o
LOAD ./Core/Src/spi.o
LOAD ./Core/Src/stm32f4xx_hal_msp.o
LOAD ./Core/Src/stm32f4xx_it.o
LOAD ./Core/Src/syscalls.o
LOAD ./Core/Src/sysmem.o
LOAD ./Core/Src/system_stm32f4xx.o
LOAD ./Core/Src/tim.o
LOAD ./Core/Src/tutorial2_hw.o
LOAD ./Core/Src/tutorial3_pwm.o
LOAD ./Core/Src/usart.o
LOAD ./Core/Startup/startup_stm32f405rgtx.o
LOAD ./Drivers/STM32F4xx_HAL_Driver/Src/stm32f4xx_hal.o
LOAD ./Drivers/STM32F4xx_HAL_Driver/Src/stm32f4xx_hal_can.o
LOAD ./Drivers/STM32F4xx_HAL_Driver/Src/stm32f4xx_hal_cortex.o
LOAD ./Drivers/STM32F4xx_HAL_Driver/Src/stm32f4xx_hal_dma.o
LOAD ./Drivers/STM32F4xx_HAL_Driver/Src/stm32f4xx_hal_dma_ex.o
LOAD ./Drivers/STM32F4xx_HAL_Driver/Src/stm32f4xx_hal_exti.o
LOAD ./Drivers/STM32F4xx_HAL_Driver/Src/stm32f4xx_hal_flash.o
LOAD ./Drivers/STM32F4xx_HAL_Driver/Src/stm32f4xx_hal_flash_ex.o
LOAD ./Drivers/STM32F4xx_HAL_Driver/Src/stm32f4xx_hal_flash_ramfunc.o
LOAD ./Drivers/STM32F4xx_HAL_Driver/Src/stm32f4xx_hal_gpio.o
LOAD ./Drivers/STM32F4xx_HAL_Driver/Src/stm32f4xx_hal_i2c.o
LOAD ./Drivers/STM32F4xx_HAL_Driver/Src/stm32f4xx_hal_i2c_ex.o
LOAD ./Drivers/STM32F4xx_HAL_Driver/Src/stm32f4xx_hal_pwr.o
LOAD ./Drivers/STM32F4xx_HAL_Driver/Src/stm32f4xx_hal_pwr_ex.o
LOAD ./Drivers/STM32F4xx_HAL_Driver/Src/stm32f4xx_hal_rcc.o
LOAD ./Drivers/STM32F4xx_HAL_Driver/Src/stm32f4xx_hal_rcc_ex.o
LOAD ./Drivers/STM32F4xx_HAL_Driver/Src/stm32f4xx_hal_spi.o
LOAD ./Drivers/STM32F4xx_HAL_Driver/Src/stm32f4xx_hal_tim.o
LOAD ./Drivers/STM32F4xx_HAL_Driver/Src/stm32f4xx_hal_tim_ex.o
LOAD ./Drivers/STM32F4xx_HAL_Driver/Src/stm32f4xx_hal_uart.o
START GROUP
LOAD c:/st/stm32cubeide_1.10.1/stm32cubeide/plugins/com.st.stm32cube.ide.mcu.externaltools.gnu-tools-for-stm32.10.3-2021.10.win32_1.0.0.202111181127/tools/bin/../lib/gcc/arm-none-eabi/10.3.1/../../../../arm-none-eabi/lib/thumb/v7e-m+fp/hard\libc_nano.a
LOAD c:/st/stm32cubeide_1.10.1/stm32cubeide/plugins/com.st.stm32cube.ide.mcu.externaltools.gnu-tools-for-stm32.10.3-2021.10.win32_1.0.0.202111181127/tools/bin/../lib/gcc/arm-none-eabi/10.3.1/../../../../arm-none-eabi/lib/thumb/v7e-m+fp/hard\libm.a
END GROUP
START GROUP
LOAD c:/st/stm32cubeide_1.10.1/stm32cubeide/plugins/com.st.stm32cube.ide.mcu.externaltools.gnu-tools-for-stm32.10.3-2021.10.win32_1.0.0.202111181127/tools/bin/../lib/gcc/arm-none-eabi/10.3.1/thumb/v7e-m+fp/hard\libgcc.a
LOAD c:/st/stm32cubeide_1.10.1/stm32cubeide/plugins/com.st.stm32cube.ide.mcu.externaltools.gnu-tools-for-stm32.10.3-2021.10.win32_1.0.0.202111181127/tools/bin/../lib/gcc/arm-none-eabi/10.3.1/../../../../arm-none-eabi/lib/thumb/v7e-m+fp/hard\libc_nano.a
END GROUP
START GROUP
LOAD c:/st/stm32cubeide_1.10.1/stm32cubeide/plugins/com.st.stm32cube.ide.mcu.externaltools.gnu-tools-for-stm32.10.3-2021.10.win32_1.0.0.202111181127/tools/bin/../lib/gcc/arm-none-eabi/10.3.1/thumb/v7e-m+fp/hard\libgcc.a
LOAD c:/st/stm32cubeide_1.10.1/stm32cubeide/plugins/com.st.stm32cube.ide.mcu.externaltools.gnu-tools-for-stm32.10.3-2021.10.win32_1.0.0.202111181127/tools/bin/../lib/gcc/arm-none-eabi/10.3.1/../../../../arm-none-eabi/lib/thumb/v7e-m+fp/hard\libc_nano.a
LOAD c:/st/stm32cubeide_1.10.1/stm32cubeide/plugins/com.st.stm32cube.ide.mcu.externaltools.gnu-tools-for-stm32.10.3-2021.10.win32_1.0.0.202111181127/tools/bin/../lib/gcc/arm-none-eabi/10.3.1/../../../../arm-none-eabi/lib/thumb/v7e-m+fp/hard\libnosys.a
END GROUP
START GROUP
LOAD c:/st/stm32cubeide_1.10.1/stm32cubeide/plugins/com.st.stm32cube.ide.mcu.externaltools.gnu-tools-for-stm32.10.3-2021.10.win32_1.0.0.202111181127/tools/bin/../lib/gcc/arm-none-eabi/10.3.1/thumb/v7e-m+fp/hard\libgcc.a
LOAD c:/st/stm32cubeide_1.10.1/stm32cubeide/plugins/com.st.stm32cube.ide.mcu.externaltools.gnu-tools-for-stm32.10.3-2021.10.win32_1.0.0.202111181127/tools/bin/../lib/gcc/arm-none-eabi/10.3.1/../../../../arm-none-eabi/lib/thumb/v7e-m+fp/hard\libc_nano.a
LOAD c:/st/stm32cubeide_1.10.1/stm32cubeide/plugins/com.st.stm32cube.ide.mcu.externaltools.gnu-tools-for-stm32.10.3-2021.10.win32_1.0.0.202111181127/tools/bin/../lib/gcc/arm-none-eabi/10.3.1/../../../../arm-none-eabi/lib/thumb/v7e-m+fp/hard\libnosys.a
END GROUP
LOAD c:/st/stm32cubeide_1.10.1/stm32cubeide/plugins/com.st.stm32cube.ide.mcu.externaltools.gnu-tools-for-stm32.10.3-2021.10.win32_1.0.0.202111181127/tools/bin/../lib/gcc/arm-none-eabi/10.3.1/thumb/v7e-m+fp/hard/crtend.o
LOAD c:/st/stm32cubeide_1.10.1/stm32cubeide/plugins/com.st.stm32cube.ide.mcu.externaltools.gnu-tools-for-stm32.10.3-2021.10.win32_1.0.0.202111181127/tools/bin/../lib/gcc/arm-none-eabi/10.3.1/thumb/v7e-m+fp/hard/crtn.o
                0x0000000020020000                _estack = (ORIGIN (RAM) + LENGTH (RAM))
                0x0000000000000200                _Min_Heap_Size = 0x200
                0x0000000000000400                _Min_Stack_Size = 0x400

.isr_vector     0x0000000008000000      0x188
                0x0000000008000000                . = ALIGN (0x4)
 *(.isr_vector)
 .isr_vector    0x0000000008000000      0x188 ./Core/Startup/startup_stm32f405rgtx.o
                0x0000000008000000                g_pfnVectors
                0x0000000008000188                . = ALIGN (0x4)

.text           0x0000000008000188     0x90cc
                0x0000000008000188                . = ALIGN (0x4)
 *(.text)
 .text          0x0000000008000188       0x40 c:/st/stm32cubeide_1.10.1/stm32cubeide/plugins/com.st.stm32cube.ide.mcu.externaltools.gnu-tools-for-stm32.10.3-2021.10.win32_1.0.0.202111181127/tools/bin/../lib/gcc/arm-none-eabi/10.3.1/thumb/v7e-m+fp/hard/crtbegin.o
 .text          0x00000000080001c8      0x378 c:/st/stm32cubeide_1.10.1/stm32cubeide/plugins/com.st.stm32cube.ide.mcu.externaltools.gnu-tools-for-stm32.10.3-2021.10.win32_1.0.0.202111181127/tools/bin/../lib/gcc/arm-none-eabi/10.3.1/thumb/v7e-m+fp/hard\libgcc.a(_arm_addsubdf3.o)
                0x00000000080001c8                __aeabi_drsub
                0x00000000080001d0                __aeabi_dsub
                0x00000000080001d0                __subdf3
                0x00000000080001d4                __aeabi_dadd
                0x00000000080001d4                __adddf3
                0x000000000800044c                __floatunsidf
                0x000000000800044c                __aeabi_ui2d
                0x000000000800046c                __floatsidf
                0x000000000800046c                __aeabi_i2d
                0x0000000008000490                __aeabi_f2d
                0x0000000008000490                __extendsfdf2
                0x00000000080004d4                __floatundidf
                0x00000000080004d4                __aeabi_ul2d
                0x00000000080004e4                __floatdidf
                0x00000000080004e4                __aeabi_l2d
 .text          0x0000000008000540      0x424 c:/st/stm32cubeide_1.10.1/stm32cubeide/plugins/com.st.stm32cube.ide.mcu.externaltools.gnu-tools-for-stm32.10.3-2021.10.win32_1.0.0.202111181127/tools/bin/../lib/gcc/arm-none-eabi/10.3.1/thumb/v7e-m+fp/hard\libgcc.a(_arm_muldivdf3.o)
                0x0000000008000540                __aeabi_dmul
                0x0000000008000540                __muldf3
                0x0000000008000794                __divdf3
                0x0000000008000794                __aeabi_ddiv
 .text          0x0000000008000964      0x110 c:/st/stm32cubeide_1.10.1/stm32cubeide/plugins/com.st.stm32cube.ide.mcu.externaltools.gnu-tools-for-stm32.10.3-2021.10.win32_1.0.0.202111181127/tools/bin/../lib/gcc/arm-none-eabi/10.3.1/thumb/v7e-m+fp/hard\libgcc.a(_arm_cmpdf2.o)
                0x0000000008000964                __gtdf2
                0x0000000008000964                __gedf2
                0x000000000800096c                __ltdf2
                0x000000000800096c                __ledf2
                0x0000000008000974                __nedf2
                0x0000000008000974                __eqdf2
                0x0000000008000974                __cmpdf2
                0x00000000080009f0                __aeabi_cdrcmple
                0x0000000008000a00                __aeabi_cdcmpeq
                0x0000000008000a00                __aeabi_cdcmple
                0x0000000008000a10                __aeabi_dcmpeq
                0x0000000008000a24                __aeabi_dcmplt
                0x0000000008000a38                __aeabi_dcmple
                0x0000000008000a4c                __aeabi_dcmpge
                0x0000000008000a60                __aeabi_dcmpgt
 .text          0x0000000008000a74       0x2c c:/st/stm32cubeide_1.10.1/stm32cubeide/plugins/com.st.stm32cube.ide.mcu.externaltools.gnu-tools-for-stm32.10.3-2021.10.win32_1.0.0.202111181127/tools/bin/../lib/gcc/arm-none-eabi/10.3.1/thumb/v7e-m+fp/hard\libgcc.a(_arm_unorddf2.o)
                0x0000000008000a74                __unorddf2
                0x0000000008000a74                __aeabi_dcmpun
 .text          0x0000000008000aa0       0x50 c:/st/stm32cubeide_1.10.1/stm32cubeide/plugins/com.st.stm32cube.ide.mcu.externaltools.gnu-tools-for-stm32.10.3-2021.10.win32_1.0.0.202111181127/tools/bin/../lib/gcc/arm-none-eabi/10.3.1/thumb/v7e-m+fp/hard\libgcc.a(_arm_fixdfsi.o)
                0x0000000008000aa0                __aeabi_d2iz
                0x0000000008000aa0                __fixdfsi
 .text          0x0000000008000af0       0x40 c:/st/stm32cubeide_1.10.1/stm32cubeide/plugins/com.st.stm32cube.ide.mcu.externaltools.gnu-tools-for-stm32.10.3-2021.10.win32_1.0.0.202111181127/tools/bin/../lib/gcc/arm-none-eabi/10.3.1/thumb/v7e-m+fp/hard\libgcc.a(_arm_fixunsdfsi.o)
                0x0000000008000af0                __aeabi_d2uiz
                0x0000000008000af0                __fixunsdfsi
 .text          0x0000000008000b30       0xa0 c:/st/stm32cubeide_1.10.1/stm32cubeide/plugins/com.st.stm32cube.ide.mcu.externaltools.gnu-tools-for-stm32.10.3-2021.10.win32_1.0.0.202111181127/tools/bin/../lib/gcc/arm-none-eabi/10.3.1/thumb/v7e-m+fp/hard\libgcc.a(_arm_truncdfsf2.o)
                0x0000000008000b30                __truncdfsf2
                0x0000000008000b30                __aeabi_d2f
 .text          0x0000000008000bd0       0x30 c:/st/stm32cubeide_1.10.1/stm32cubeide/plugins/com.st.stm32cube.ide.mcu.externaltools.gnu-tools-for-stm32.10.3-2021.10.win32_1.0.0.202111181127/tools/bin/../lib/gcc/arm-none-eabi/10.3.1/thumb/v7e-m+fp/hard\libgcc.a(_aeabi_uldivmod.o)
                0x0000000008000bd0                __aeabi_uldivmod
 .text          0x0000000008000c00      0x2d0 c:/st/stm32cubeide_1.10.1/stm32cubeide/plugins/com.st.stm32cube.ide.mcu.externaltools.gnu-tools-for-stm32.10.3-2021.10.win32_1.0.0.202111181127/tools/bin/../lib/gcc/arm-none-eabi/10.3.1/thumb/v7e-m+fp/hard\libgcc.a(_udivmoddi4.o)
                0x0000000008000c00                __udivmoddi4
 .text          0x0000000008000ed0        0x4 c:/st/stm32cubeide_1.10.1/stm32cubeide/plugins/com.st.stm32cube.ide.mcu.externaltools.gnu-tools-for-stm32.10.3-2021.10.win32_1.0.0.202111181127/tools/bin/../lib/gcc/arm-none-eabi/10.3.1/thumb/v7e-m+fp/hard\libgcc.a(_dvmd_tls.o)
                0x0000000008000ed0                __aeabi_idiv0
                0x0000000008000ed0                __aeabi_ldiv0
 *(.text*)
 .text.MX_CAN1_Init
                0x0000000008000ed4       0x6c ./Core/Src/can.o
                0x0000000008000ed4                MX_CAN1_Init
 .text.MX_CAN2_Init
                0x0000000008000f40       0x6c ./Core/Src/can.o
                0x0000000008000f40                MX_CAN2_Init
 .text.HAL_CAN_MspInit
                0x0000000008000fac      0x144 ./Core/Src/can.o
                0x0000000008000fac                HAL_CAN_MspInit
 .text.can_init
                0x00000000080010f0       0x6c ./Core/Src/can.o
                0x00000000080010f0                can_init
 .text.HAL_CAN_RxFifo0MsgPendingCallback
                0x000000000800115c      0x140 ./Core/Src/can.o
                0x000000000800115c                HAL_CAN_RxFifo0MsgPendingCallback
 .text.can_transmit
                0x000000000800129c       0xae ./Core/Src/can.o
                0x000000000800129c                can_transmit
 *fill*         0x000000000800134a        0x2 
 .text.can_ctrl_loop
                0x000000000800134c       0xcc ./Core/Src/can.o
                0x000000000800134c                can_ctrl_loop
 .text.get_motor_feedback
                0x0000000008001418       0x34 ./Core/Src/can.o
                0x0000000008001418                get_motor_feedback
 .text.set_motor_current
                0x000000000800144c       0x4c ./Core/Src/can.o
                0x000000000800144c                set_motor_current
 .text.max      0x0000000008001498       0x4c ./Core/Src/can.o
                0x0000000008001498                max
 .text.min      0x00000000080014e4       0x4c ./Core/Src/can.o
                0x00000000080014e4                min
 .text.average  0x0000000008001530       0x50 ./Core/Src/can.o
                0x0000000008001530                average
 .text.General_PID
                0x0000000008001580       0xd2 ./Core/Src/can.o
                0x0000000008001580                General_PID
 *fill*         0x0000000008001652        0x2 
 .text.PID_variable_init
                0x0000000008001654       0x94 ./Core/Src/can.o
                0x0000000008001654                PID_variable_init
 .text.set_motor_speed
                0x00000000080016e8      0x194 ./Core/Src/can.o
                0x00000000080016e8                set_motor_speed
 .text.testing  0x000000000800187c      0x100 ./Core/Src/can.o
                0x000000000800187c                testing
 .text.averagespeed
                0x000000000800197c       0x40 ./Core/Src/can.o
                0x000000000800197c                averagespeed
 .text.MX_DMA_Init
                0x00000000080019bc       0x40 ./Core/Src/dma.o
                0x00000000080019bc                MX_DMA_Init
 .text.MX_GPIO_Init
                0x00000000080019fc      0x1e0 ./Core/Src/gpio.o
                0x00000000080019fc                MX_GPIO_Init
 .text.tft_char_is_changed
                0x0000000008001bdc      0x114 ./Core/Src/lcd.o
 .text.itos     0x0000000008001cf0       0xac ./Core/Src/lcd.o
 .text.utos0    0x0000000008001d9c       0xbc ./Core/Src/lcd.o
 .text.ftos     0x0000000008001e58       0xd2 ./Core/Src/lcd.o
 .text.prints   0x0000000008001f2a       0xf0 ./Core/Src/lcd.o
 .text.printi   0x000000000800201a       0xee ./Core/Src/lcd.o
 .text.printf_  0x0000000008002108       0x4e ./Core/Src/lcd.o
 *fill*         0x0000000008002156        0x2 
 .text.print    0x0000000008002158      0x244 ./Core/Src/lcd.o
 .text.write_command
                0x000000000800239c       0x48 ./Core/Src/lcd.o
 .text.write_data
                0x00000000080023e4       0x24 ./Core/Src/lcd.o
 .text.write_many
                0x0000000008002408       0x2a ./Core/Src/lcd.o
 *fill*         0x0000000008002432        0x2 
 .text.write_many_dma
                0x0000000008002434       0x30 ./Core/Src/lcd.o
 .text.write_byte
                0x0000000008002464       0x2a ./Core/Src/lcd.o
 .text.write_2hword
                0x000000000800248e       0x4e ./Core/Src/lcd.o
 .text.tft_clear
                0x00000000080024dc       0x78 ./Core/Src/lcd.o
 .text.tft_clear_full
                0x0000000008002554       0xd8 ./Core/Src/lcd.o
 .text.tft_set_region
                0x000000000800262c       0x90 ./Core/Src/lcd.o
 .text.tft_init
                0x00000000080026bc      0x200 ./Core/Src/lcd.o
                0x00000000080026bc                tft_init
 .text.tft_set_bg_color
                0x00000000080028bc       0x20 ./Core/Src/lcd.o
                0x00000000080028bc                tft_set_bg_color
 .text.tft_set_highlight_color
                0x00000000080028dc       0x20 ./Core/Src/lcd.o
                0x00000000080028dc                tft_set_highlight_color
 .text.tft_set_text_color
                0x00000000080028fc       0x20 ./Core/Src/lcd.o
                0x00000000080028fc                tft_set_text_color
 .text.tft_set_special_color
                0x000000000800291c       0x20 ./Core/Src/lcd.o
                0x000000000800291c                tft_set_special_color
 .text.tft_force_clear
                0x000000000800293c       0x58 ./Core/Src/lcd.o
                0x000000000800293c                tft_force_clear
 .text.tft_print_colored
                0x0000000008002994      0x300 ./Core/Src/lcd.o
                0x0000000008002994                tft_print_colored
 .text.tft_printc
                0x0000000008002c94       0x38 ./Core/Src/lcd.o
                0x0000000008002c94                tft_printc
 .text.tft_prints
                0x0000000008002ccc       0x5a ./Core/Src/lcd.o
                0x0000000008002ccc                tft_prints
 *fill*         0x0000000008002d26        0x2 
 .text.tft_print_rectangle_dma
                0x0000000008002d28       0xfc ./Core/Src/lcd.o
                0x0000000008002d28                tft_print_rectangle_dma
 .text.tft_print_rectangle
                0x0000000008002e24      0x10a ./Core/Src/lcd.o
                0x0000000008002e24                tft_print_rectangle
 *fill*         0x0000000008002f2e        0x2 
 .text.tft_print_image
                0x0000000008002f30       0x60 ./Core/Src/lcd.o
                0x0000000008002f30                tft_print_image
 .text.tft_update
                0x0000000008002f90      0x2ac ./Core/Src/lcd.o
                0x0000000008002f90                tft_update
 *fill*         0x000000000800323c        0x4 
 .text.main     0x0000000008003240      0x578 ./Core/Src/main.o
                0x0000000008003240                main
 .text.SystemClock_Config
                0x00000000080037b8       0xd4 ./Core/Src/main.o
                0x00000000080037b8                SystemClock_Config
 .text.Error_Handler
                0x000000000800388c        0xa ./Core/Src/main.o
                0x000000000800388c                Error_Handler
 *fill*         0x0000000008003896        0x2 
 .text.MX_SPI1_Init
                0x0000000008003898       0x6c ./Core/Src/spi.o
                0x0000000008003898                MX_SPI1_Init
 .text.HAL_SPI_MspInit
                0x0000000008003904      0x118 ./Core/Src/spi.o
                0x0000000008003904                HAL_SPI_MspInit
 .text.HAL_MspInit
                0x0000000008003a1c       0x50 ./Core/Src/stm32f4xx_hal_msp.o
                0x0000000008003a1c                HAL_MspInit
 .text.NMI_Handler
                0x0000000008003a6c        0x6 ./Core/Src/stm32f4xx_it.o
                0x0000000008003a6c                NMI_Handler
 .text.HardFault_Handler
                0x0000000008003a72        0x6 ./Core/Src/stm32f4xx_it.o
                0x0000000008003a72                HardFault_Handler
 .text.MemManage_Handler
                0x0000000008003a78        0x6 ./Core/Src/stm32f4xx_it.o
                0x0000000008003a78                MemManage_Handler
 .text.BusFault_Handler
                0x0000000008003a7e        0x6 ./Core/Src/stm32f4xx_it.o
                0x0000000008003a7e                BusFault_Handler
 .text.UsageFault_Handler
                0x0000000008003a84        0x6 ./Core/Src/stm32f4xx_it.o
                0x0000000008003a84                UsageFault_Handler
 .text.SVC_Handler
                0x0000000008003a8a        0xe ./Core/Src/stm32f4xx_it.o
                0x0000000008003a8a                SVC_Handler
 .text.DebugMon_Handler
                0x0000000008003a98        0xe ./Core/Src/stm32f4xx_it.o
                0x0000000008003a98                DebugMon_Handler
 .text.PendSV_Handler
                0x0000000008003aa6        0xe ./Core/Src/stm32f4xx_it.o
                0x0000000008003aa6                PendSV_Handler
 .text.SysTick_Handler
                0x0000000008003ab4        0xc ./Core/Src/stm32f4xx_it.o
                0x0000000008003ab4                SysTick_Handler
 .text.SPI1_IRQHandler
                0x0000000008003ac0       0x14 ./Core/Src/stm32f4xx_it.o
                0x0000000008003ac0                SPI1_IRQHandler
 .text.USART1_IRQHandler
                0x0000000008003ad4       0x14 ./Core/Src/stm32f4xx_it.o
                0x0000000008003ad4                USART1_IRQHandler
 .text.USART2_IRQHandler
                0x0000000008003ae8       0x14 ./Core/Src/stm32f4xx_it.o
                0x0000000008003ae8                USART2_IRQHandler
 .text.EXTI15_10_IRQHandler
                0x0000000008003afc       0x10 ./Core/Src/stm32f4xx_it.o
                0x0000000008003afc                EXTI15_10_IRQHandler
 .text.TIM5_IRQHandler
                0x0000000008003b0c       0x14 ./Core/Src/stm32f4xx_it.o
                0x0000000008003b0c                TIM5_IRQHandler
 .text.DMA2_Stream3_IRQHandler
                0x0000000008003b20       0x14 ./Core/Src/stm32f4xx_it.o
                0x0000000008003b20                DMA2_Stream3_IRQHandler
 .text.SystemInit
                0x0000000008003b34       0x24 ./Core/Src/system_stm32f4xx.o
                0x0000000008003b34                SystemInit
 .text.MX_TIM5_Init
                0x0000000008003b58       0xec ./Core/Src/tim.o
                0x0000000008003b58                MX_TIM5_Init
 .text.HAL_TIM_Base_MspInit
                0x0000000008003c44       0x50 ./Core/Src/tim.o
                0x0000000008003c44                HAL_TIM_Base_MspInit
 .text.HAL_TIM_MspPostInit
                0x0000000008003c94       0x74 ./Core/Src/tim.o
                0x0000000008003c94                HAL_TIM_MspPostInit
 .text.pwm_init
                0x0000000008003d08       0x30 ./Core/Src/tutorial3_pwm.o
                0x0000000008003d08                pwm_init
 .text.MX_USART1_UART_Init
                0x0000000008003d38       0x54 ./Core/Src/usart.o
                0x0000000008003d38                MX_USART1_UART_Init
 .text.MX_USART2_UART_Init
                0x0000000008003d8c       0x54 ./Core/Src/usart.o
                0x0000000008003d8c                MX_USART2_UART_Init
 .text.HAL_UART_MspInit
                0x0000000008003de0      0x118 ./Core/Src/usart.o
                0x0000000008003de0                HAL_UART_MspInit
 .text.Reset_dat_init
                0x0000000008003ef8       0x34 ./Core/Src/usart.o
                0x0000000008003ef8                Reset_dat_init
 .text.HAL_UART_RxCpltCallback
                0x0000000008003f2c      0x39c ./Core/Src/usart.o
                0x0000000008003f2c                HAL_UART_RxCpltCallback
 .text.HAL_UART_TxCpltCallback
                0x00000000080042c8       0x14 ./Core/Src/usart.o
                0x00000000080042c8                HAL_UART_TxCpltCallback
 .text.ReceiveData
                0x00000000080042dc       0x2c ./Core/Src/usart.o
                0x00000000080042dc                ReceiveData
 .text.SendData
                0x0000000008004308      0x23c ./Core/Src/usart.o
                0x0000000008004308                SendData
 .text.Reset_Handler
                0x0000000008004544       0x50 ./Core/Startup/startup_stm32f405rgtx.o
                0x0000000008004544                Reset_Handler
 .text.Default_Handler
                0x0000000008004594        0x2 ./Core/Startup/startup_stm32f405rgtx.o
                0x0000000008004594                RTC_Alarm_IRQHandler
                0x0000000008004594                HASH_RNG_IRQHandler
                0x0000000008004594                EXTI2_IRQHandler
                0x0000000008004594                TIM8_CC_IRQHandler
                0x0000000008004594                TIM1_CC_IRQHandler
                0x0000000008004594                DMA2_Stream5_IRQHandler
                0x0000000008004594                DMA1_Stream5_IRQHandler
                0x0000000008004594                PVD_IRQHandler
                0x0000000008004594                SDIO_IRQHandler
                0x0000000008004594                TAMP_STAMP_IRQHandler
                0x0000000008004594                CAN2_RX1_IRQHandler
                0x0000000008004594                EXTI3_IRQHandler
                0x0000000008004594                TIM8_TRG_COM_TIM14_IRQHandler
                0x0000000008004594                TIM1_UP_TIM10_IRQHandler
                0x0000000008004594                TIM8_UP_TIM13_IRQHandler
                0x0000000008004594                I2C3_ER_IRQHandler
                0x0000000008004594                EXTI0_IRQHandler
                0x0000000008004594                I2C2_EV_IRQHandler
                0x0000000008004594                DMA1_Stream2_IRQHandler
                0x0000000008004594                CAN1_RX0_IRQHandler
                0x0000000008004594                FPU_IRQHandler
                0x0000000008004594                OTG_HS_WKUP_IRQHandler
                0x0000000008004594                CAN2_SCE_IRQHandler
                0x0000000008004594                DMA2_Stream2_IRQHandler
                0x0000000008004594                TIM6_DAC_IRQHandler
                0x0000000008004594                TIM1_BRK_TIM9_IRQHandler
                0x0000000008004594                CAN2_RX0_IRQHandler
                0x0000000008004594                USART6_IRQHandler
                0x0000000008004594                USART3_IRQHandler
                0x0000000008004594                CAN1_RX1_IRQHandler
                0x0000000008004594                UART5_IRQHandler
                0x0000000008004594                DMA2_Stream0_IRQHandler
                0x0000000008004594                TIM4_IRQHandler
                0x0000000008004594                I2C1_EV_IRQHandler
                0x0000000008004594                DMA1_Stream6_IRQHandler
                0x0000000008004594                DMA1_Stream1_IRQHandler
                0x0000000008004594                UART4_IRQHandler
                0x0000000008004594                TIM3_IRQHandler
                0x0000000008004594                RCC_IRQHandler
                0x0000000008004594                TIM8_BRK_TIM12_IRQHandler
                0x0000000008004594                Default_Handler
                0x0000000008004594                ADC_IRQHandler
                0x0000000008004594                DMA1_Stream7_IRQHandler
                0x0000000008004594                TIM7_IRQHandler
                0x0000000008004594                CAN2_TX_IRQHandler
                0x0000000008004594                DMA2_Stream7_IRQHandler
                0x0000000008004594                I2C3_EV_IRQHandler
                0x0000000008004594                EXTI9_5_IRQHandler
                0x0000000008004594                RTC_WKUP_IRQHandler
                0x0000000008004594                SPI2_IRQHandler
                0x0000000008004594                OTG_HS_EP1_IN_IRQHandler
                0x0000000008004594                DMA1_Stream0_IRQHandler
                0x0000000008004594                CAN1_TX_IRQHandler
                0x0000000008004594                EXTI4_IRQHandler
                0x0000000008004594                FSMC_IRQHandler
                0x0000000008004594                OTG_HS_EP1_OUT_IRQHandler
                0x0000000008004594                WWDG_IRQHandler
                0x0000000008004594                TIM2_IRQHandler
                0x0000000008004594                OTG_FS_WKUP_IRQHandler
                0x0000000008004594                TIM1_TRG_COM_TIM11_IRQHandler
                0x0000000008004594                OTG_HS_IRQHandler
                0x0000000008004594                EXTI1_IRQHandler
                0x0000000008004594                I2C2_ER_IRQHandler
                0x0000000008004594                DMA2_Stream1_IRQHandler
                0x0000000008004594                CAN1_SCE_IRQHandler
                0x0000000008004594                FLASH_IRQHandler
                0x0000000008004594                DMA2_Stream4_IRQHandler
                0x0000000008004594                OTG_FS_IRQHandler
                0x0000000008004594                SPI3_IRQHandler
                0x0000000008004594                DMA1_Stream4_IRQHandler
                0x0000000008004594                I2C1_ER_IRQHandler
                0x0000000008004594                DMA2_Stream6_IRQHandler
                0x0000000008004594                DMA1_Stream3_IRQHandler
 *fill*         0x0000000008004596        0x2 
 .text.HAL_Init
                0x0000000008004598       0x44 ./Drivers/STM32F4xx_HAL_Driver/Src/stm32f4xx_hal.o
                0x0000000008004598                HAL_Init
 .text.HAL_InitTick
                0x00000000080045dc       0x60 ./Drivers/STM32F4xx_HAL_Driver/Src/stm32f4xx_hal.o
                0x00000000080045dc                HAL_InitTick
 .text.HAL_IncTick
                0x000000000800463c       0x28 ./Drivers/STM32F4xx_HAL_Driver/Src/stm32f4xx_hal.o
                0x000000000800463c                HAL_IncTick
 .text.HAL_GetTick
                0x0000000008004664       0x18 ./Drivers/STM32F4xx_HAL_Driver/Src/stm32f4xx_hal.o
                0x0000000008004664                HAL_GetTick
 .text.HAL_Delay
                0x000000000800467c       0x48 ./Drivers/STM32F4xx_HAL_Driver/Src/stm32f4xx_hal.o
                0x000000000800467c                HAL_Delay
 .text.HAL_CAN_Init
                0x00000000080046c4      0x1f6 ./Drivers/STM32F4xx_HAL_Driver/Src/stm32f4xx_hal_can.o
                0x00000000080046c4                HAL_CAN_Init
 *fill*         0x00000000080048ba        0x2 
 .text.HAL_CAN_ConfigFilter
                0x00000000080048bc      0x1c0 ./Drivers/STM32F4xx_HAL_Driver/Src/stm32f4xx_hal_can.o
                0x00000000080048bc                HAL_CAN_ConfigFilter
 .text.HAL_CAN_Start
                0x0000000008004a7c       0x88 ./Drivers/STM32F4xx_HAL_Driver/Src/stm32f4xx_hal_can.o
                0x0000000008004a7c                HAL_CAN_Start
 .text.HAL_CAN_AddTxMessage
                0x0000000008004b04      0x1b6 ./Drivers/STM32F4xx_HAL_Driver/Src/stm32f4xx_hal_can.o
                0x0000000008004b04                HAL_CAN_AddTxMessage
 .text.HAL_CAN_IsTxMessagePending
                0x0000000008004cba       0x48 ./Drivers/STM32F4xx_HAL_Driver/Src/stm32f4xx_hal_can.o
                0x0000000008004cba                HAL_CAN_IsTxMessagePending
 .text.HAL_CAN_GetRxMessage
                0x0000000008004d02      0x224 ./Drivers/STM32F4xx_HAL_Driver/Src/stm32f4xx_hal_can.o
                0x0000000008004d02                HAL_CAN_GetRxMessage
 .text.HAL_CAN_ActivateNotification
                0x0000000008004f26       0x4c ./Drivers/STM32F4xx_HAL_Driver/Src/stm32f4xx_hal_can.o
                0x0000000008004f26                HAL_CAN_ActivateNotification
 *fill*         0x0000000008004f72        0x2 
 .text.__NVIC_SetPriorityGrouping
                0x0000000008004f74       0x48 ./Drivers/STM32F4xx_HAL_Driver/Src/stm32f4xx_hal_cortex.o
 .text.__NVIC_GetPriorityGrouping
                0x0000000008004fbc       0x1c ./Drivers/STM32F4xx_HAL_Driver/Src/stm32f4xx_hal_cortex.o
 .text.__NVIC_EnableIRQ
                0x0000000008004fd8       0x3c ./Drivers/STM32F4xx_HAL_Driver/Src/stm32f4xx_hal_cortex.o
 .text.__NVIC_SetPriority
                0x0000000008005014       0x54 ./Drivers/STM32F4xx_HAL_Driver/Src/stm32f4xx_hal_cortex.o
 .text.NVIC_EncodePriority
                0x0000000008005068       0x66 ./Drivers/STM32F4xx_HAL_Driver/Src/stm32f4xx_hal_cortex.o
 *fill*         0x00000000080050ce        0x2 
 .text.SysTick_Config
                0x00000000080050d0       0x44 ./Drivers/STM32F4xx_HAL_Driver/Src/stm32f4xx_hal_cortex.o
 .text.HAL_NVIC_SetPriorityGrouping
                0x0000000008005114       0x16 ./Drivers/STM32F4xx_HAL_Driver/Src/stm32f4xx_hal_cortex.o
                0x0000000008005114                HAL_NVIC_SetPriorityGrouping
 .text.HAL_NVIC_SetPriority
                0x000000000800512a       0x38 ./Drivers/STM32F4xx_HAL_Driver/Src/stm32f4xx_hal_cortex.o
                0x000000000800512a                HAL_NVIC_SetPriority
 .text.HAL_NVIC_EnableIRQ
                0x0000000008005162       0x1c ./Drivers/STM32F4xx_HAL_Driver/Src/stm32f4xx_hal_cortex.o
                0x0000000008005162                HAL_NVIC_EnableIRQ
 .text.HAL_SYSTICK_Config
                0x000000000800517e       0x18 ./Drivers/STM32F4xx_HAL_Driver/Src/stm32f4xx_hal_cortex.o
                0x000000000800517e                HAL_SYSTICK_Config
 *fill*         0x0000000008005196        0x2 
 .text.HAL_DMA_Init
                0x0000000008005198      0x15c ./Drivers/STM32F4xx_HAL_Driver/Src/stm32f4xx_hal_dma.o
                0x0000000008005198                HAL_DMA_Init
 .text.HAL_DMA_Start_IT
                0x00000000080052f4       0xb0 ./Drivers/STM32F4xx_HAL_Driver/Src/stm32f4xx_hal_dma.o
                0x00000000080052f4                HAL_DMA_Start_IT
 .text.HAL_DMA_Abort
                0x00000000080053a4       0xe0 ./Drivers/STM32F4xx_HAL_Driver/Src/stm32f4xx_hal_dma.o
                0x00000000080053a4                HAL_DMA_Abort
 .text.HAL_DMA_Abort_IT
                0x0000000008005484       0x44 ./Drivers/STM32F4xx_HAL_Driver/Src/stm32f4xx_hal_dma.o
                0x0000000008005484                HAL_DMA_Abort_IT
 .text.HAL_DMA_IRQHandler
                0x00000000080054c8      0x314 ./Drivers/STM32F4xx_HAL_Driver/Src/stm32f4xx_hal_dma.o
                0x00000000080054c8                HAL_DMA_IRQHandler
 .text.DMA_SetConfig
                0x00000000080057dc       0x5c ./Drivers/STM32F4xx_HAL_Driver/Src/stm32f4xx_hal_dma.o
 .text.DMA_CalcBaseAndBitshift
                0x0000000008005838       0x6c ./Drivers/STM32F4xx_HAL_Driver/Src/stm32f4xx_hal_dma.o
 .text.DMA_CheckFifoParam
                0x00000000080058a4       0xf8 ./Drivers/STM32F4xx_HAL_Driver/Src/stm32f4xx_hal_dma.o
 .text.HAL_GPIO_Init
                0x000000000800599c      0x338 ./Drivers/STM32F4xx_HAL_Driver/Src/stm32f4xx_hal_gpio.o
                0x000000000800599c                HAL_GPIO_Init
 .text.HAL_GPIO_ReadPin
                0x0000000008005cd4       0x30 ./Drivers/STM32F4xx_HAL_Driver/Src/stm32f4xx_hal_gpio.o
                0x0000000008005cd4                HAL_GPIO_ReadPin
 .text.HAL_GPIO_WritePin
                0x0000000008005d04       0x32 ./Drivers/STM32F4xx_HAL_Driver/Src/stm32f4xx_hal_gpio.o
                0x0000000008005d04                HAL_GPIO_WritePin
 .text.HAL_GPIO_TogglePin
                0x0000000008005d36       0x34 ./Drivers/STM32F4xx_HAL_Driver/Src/stm32f4xx_hal_gpio.o
                0x0000000008005d36                HAL_GPIO_TogglePin
 *fill*         0x0000000008005d6a        0x2 
 .text.HAL_GPIO_EXTI_IRQHandler
                0x0000000008005d6c       0x30 ./Drivers/STM32F4xx_HAL_Driver/Src/stm32f4xx_hal_gpio.o
                0x0000000008005d6c                HAL_GPIO_EXTI_IRQHandler
 .text.HAL_GPIO_EXTI_Callback
                0x0000000008005d9c       0x16 ./Drivers/STM32F4xx_HAL_Driver/Src/stm32f4xx_hal_gpio.o
                0x0000000008005d9c                HAL_GPIO_EXTI_Callback
 *fill*         0x0000000008005db2        0x2 
 .text.HAL_RCC_OscConfig
                0x0000000008005db4      0x4f0 ./Drivers/STM32F4xx_HAL_Driver/Src/stm32f4xx_hal_rcc.o
                0x0000000008005db4                HAL_RCC_OscConfig
 .text.HAL_RCC_ClockConfig
                0x00000000080062a4      0x1cc ./Drivers/STM32F4xx_HAL_Driver/Src/stm32f4xx_hal_rcc.o
                0x00000000080062a4                HAL_RCC_ClockConfig
 .text.HAL_RCC_GetSysClockFreq
                0x0000000008006470      0x20c ./Drivers/STM32F4xx_HAL_Driver/Src/stm32f4xx_hal_rcc.o
                0x0000000008006470                HAL_RCC_GetSysClockFreq
 .text.HAL_RCC_GetHCLKFreq
                0x000000000800667c       0x18 ./Drivers/STM32F4xx_HAL_Driver/Src/stm32f4xx_hal_rcc.o
                0x000000000800667c                HAL_RCC_GetHCLKFreq
 .text.HAL_RCC_GetPCLK1Freq
                0x0000000008006694       0x28 ./Drivers/STM32F4xx_HAL_Driver/Src/stm32f4xx_hal_rcc.o
                0x0000000008006694                HAL_RCC_GetPCLK1Freq
 .text.HAL_RCC_GetPCLK2Freq
                0x00000000080066bc       0x28 ./Drivers/STM32F4xx_HAL_Driver/Src/stm32f4xx_hal_rcc.o
                0x00000000080066bc                HAL_RCC_GetPCLK2Freq
 .text.HAL_SPI_Init
                0x00000000080066e4      0x112 ./Drivers/STM32F4xx_HAL_Driver/Src/stm32f4xx_hal_spi.o
                0x00000000080066e4                HAL_SPI_Init
 .text.HAL_SPI_Transmit
                0x00000000080067f6      0x278 ./Drivers/STM32F4xx_HAL_Driver/Src/stm32f4xx_hal_spi.o
                0x00000000080067f6                HAL_SPI_Transmit
 *fill*         0x0000000008006a6e        0x2 
 .text.HAL_SPI_Transmit_DMA
                0x0000000008006a70      0x16c ./Drivers/STM32F4xx_HAL_Driver/Src/stm32f4xx_hal_spi.o
                0x0000000008006a70                HAL_SPI_Transmit_DMA
 .text.HAL_SPI_IRQHandler
                0x0000000008006bdc      0x200 ./Drivers/STM32F4xx_HAL_Driver/Src/stm32f4xx_hal_spi.o
                0x0000000008006bdc                HAL_SPI_IRQHandler
 .text.HAL_SPI_TxCpltCallback
                0x0000000008006ddc       0x14 ./Drivers/STM32F4xx_HAL_Driver/Src/stm32f4xx_hal_spi.o
                0x0000000008006ddc                HAL_SPI_TxCpltCallback
 .text.HAL_SPI_TxHalfCpltCallback
                0x0000000008006df0       0x14 ./Drivers/STM32F4xx_HAL_Driver/Src/stm32f4xx_hal_spi.o
                0x0000000008006df0                HAL_SPI_TxHalfCpltCallback
 .text.HAL_SPI_ErrorCallback
                0x0000000008006e04       0x14 ./Drivers/STM32F4xx_HAL_Driver/Src/stm32f4xx_hal_spi.o
                0x0000000008006e04                HAL_SPI_ErrorCallback
 .text.HAL_SPI_GetState
                0x0000000008006e18       0x1c ./Drivers/STM32F4xx_HAL_Driver/Src/stm32f4xx_hal_spi.o
                0x0000000008006e18                HAL_SPI_GetState
 .text.SPI_DMATransmitCplt
                0x0000000008006e34       0xa8 ./Drivers/STM32F4xx_HAL_Driver/Src/stm32f4xx_hal_spi.o
 .text.SPI_DMAHalfTransmitCplt
                0x0000000008006edc       0x1c ./Drivers/STM32F4xx_HAL_Driver/Src/stm32f4xx_hal_spi.o
 .text.SPI_DMAError
                0x0000000008006ef8       0x40 ./Drivers/STM32F4xx_HAL_Driver/Src/stm32f4xx_hal_spi.o
 .text.SPI_DMAAbortOnError
                0x0000000008006f38       0x28 ./Drivers/STM32F4xx_HAL_Driver/Src/stm32f4xx_hal_spi.o
 .text.SPI_WaitFlagStateUntilTimeout
                0x0000000008006f60      0x110 ./Drivers/STM32F4xx_HAL_Driver/Src/stm32f4xx_hal_spi.o
 .text.SPI_EndRxTxTransaction
                0x0000000008007070       0x84 ./Drivers/STM32F4xx_HAL_Driver/Src/stm32f4xx_hal_spi.o
 .text.HAL_TIM_Base_Init
                0x00000000080070f4       0x9e ./Drivers/STM32F4xx_HAL_Driver/Src/stm32f4xx_hal_tim.o
                0x00000000080070f4                HAL_TIM_Base_Init
 .text.HAL_TIM_PWM_Init
                0x0000000008007192       0x9e ./Drivers/STM32F4xx_HAL_Driver/Src/stm32f4xx_hal_tim.o
                0x0000000008007192                HAL_TIM_PWM_Init
 .text.HAL_TIM_PWM_MspInit
                0x0000000008007230       0x14 ./Drivers/STM32F4xx_HAL_Driver/Src/stm32f4xx_hal_tim.o
                0x0000000008007230                HAL_TIM_PWM_MspInit
 .text.HAL_TIM_PWM_Start
                0x0000000008007244      0x190 ./Drivers/STM32F4xx_HAL_Driver/Src/stm32f4xx_hal_tim.o
                0x0000000008007244                HAL_TIM_PWM_Start
 .text.HAL_TIM_IRQHandler
                0x00000000080073d4      0x210 ./Drivers/STM32F4xx_HAL_Driver/Src/stm32f4xx_hal_tim.o
                0x00000000080073d4                HAL_TIM_IRQHandler
 .text.HAL_TIM_PWM_ConfigChannel
                0x00000000080075e4      0x184 ./Drivers/STM32F4xx_HAL_Driver/Src/stm32f4xx_hal_tim.o
                0x00000000080075e4                HAL_TIM_PWM_ConfigChannel
 .text.HAL_TIM_ConfigClockSource
                0x0000000008007768      0x18e ./Drivers/STM32F4xx_HAL_Driver/Src/stm32f4xx_hal_tim.o
                0x0000000008007768                HAL_TIM_ConfigClockSource
 .text.HAL_TIM_PeriodElapsedCallback
                0x00000000080078f6       0x14 ./Drivers/STM32F4xx_HAL_Driver/Src/stm32f4xx_hal_tim.o
                0x00000000080078f6                HAL_TIM_PeriodElapsedCallback
 .text.HAL_TIM_OC_DelayElapsedCallback
                0x000000000800790a       0x14 ./Drivers/STM32F4xx_HAL_Driver/Src/stm32f4xx_hal_tim.o
                0x000000000800790a                HAL_TIM_OC_DelayElapsedCallback
 .text.HAL_TIM_IC_CaptureCallback
                0x000000000800791e       0x14 ./Drivers/STM32F4xx_HAL_Driver/Src/stm32f4xx_hal_tim.o
                0x000000000800791e                HAL_TIM_IC_CaptureCallback
 .text.HAL_TIM_PWM_PulseFinishedCallback
                0x0000000008007932       0x14 ./Drivers/STM32F4xx_HAL_Driver/Src/stm32f4xx_hal_tim.o
                0x0000000008007932                HAL_TIM_PWM_PulseFinishedCallback
 .text.HAL_TIM_TriggerCallback
                0x0000000008007946       0x14 ./Drivers/STM32F4xx_HAL_Driver/Src/stm32f4xx_hal_tim.o
                0x0000000008007946                HAL_TIM_TriggerCallback
 *fill*         0x000000000800795a        0x2 
 .text.TIM_Base_SetConfig
                0x000000000800795c      0x140 ./Drivers/STM32F4xx_HAL_Driver/Src/stm32f4xx_hal_tim.o
                0x000000000800795c                TIM_Base_SetConfig
 .text.TIM_OC1_SetConfig
                0x0000000008007a9c       0xe0 ./Drivers/STM32F4xx_HAL_Driver/Src/stm32f4xx_hal_tim.o
 .text.TIM_OC2_SetConfig
                0x0000000008007b7c       0xec ./Drivers/STM32F4xx_HAL_Driver/Src/stm32f4xx_hal_tim.o
                0x0000000008007b7c                TIM_OC2_SetConfig
 .text.TIM_OC3_SetConfig
                0x0000000008007c68       0xe8 ./Drivers/STM32F4xx_HAL_Driver/Src/stm32f4xx_hal_tim.o
 .text.TIM_OC4_SetConfig
                0x0000000008007d50       0xac ./Drivers/STM32F4xx_HAL_Driver/Src/stm32f4xx_hal_tim.o
 .text.TIM_TI1_ConfigInputStage
                0x0000000008007dfc       0x5e ./Drivers/STM32F4xx_HAL_Driver/Src/stm32f4xx_hal_tim.o
 .text.TIM_TI2_ConfigInputStage
                0x0000000008007e5a       0x60 ./Drivers/STM32F4xx_HAL_Driver/Src/stm32f4xx_hal_tim.o
 .text.TIM_ITRx_SetConfig
                0x0000000008007eba       0x36 ./Drivers/STM32F4xx_HAL_Driver/Src/stm32f4xx_hal_tim.o
 .text.TIM_ETR_SetConfig
                0x0000000008007ef0       0x40 ./Drivers/STM32F4xx_HAL_Driver/Src/stm32f4xx_hal_tim.o
                0x0000000008007ef0                TIM_ETR_SetConfig
 .text.TIM_CCxChannelCmd
                0x0000000008007f30       0x4a ./Drivers/STM32F4xx_HAL_Driver/Src/stm32f4xx_hal_tim.o
                0x0000000008007f30                TIM_CCxChannelCmd
 *fill*         0x0000000008007f7a        0x2 
 .text.HAL_TIMEx_MasterConfigSynchronization
                0x0000000008007f7c       0xf8 ./Drivers/STM32F4xx_HAL_Driver/Src/stm32f4xx_hal_tim_ex.o
                0x0000000008007f7c                HAL_TIMEx_MasterConfigSynchronization
 .text.HAL_TIMEx_CommutCallback
                0x0000000008008074       0x14 ./Drivers/STM32F4xx_HAL_Driver/Src/stm32f4xx_hal_tim_ex.o
                0x0000000008008074                HAL_TIMEx_CommutCallback
 .text.HAL_TIMEx_BreakCallback
                0x0000000008008088       0x14 ./Drivers/STM32F4xx_HAL_Driver/Src/stm32f4xx_hal_tim_ex.o
                0x0000000008008088                HAL_TIMEx_BreakCallback
 .text.HAL_UART_Init
                0x000000000800809c       0x9a ./Drivers/STM32F4xx_HAL_Driver/Src/stm32f4xx_hal_uart.o
                0x000000000800809c                HAL_UART_Init
 .text.HAL_UART_Transmit_IT
                0x0000000008008136       0x8a ./Drivers/STM32F4xx_HAL_Driver/Src/stm32f4xx_hal_uart.o
                0x0000000008008136                HAL_UART_Transmit_IT
 .text.HAL_UART_Receive_IT
                0x00000000080081c0       0x60 ./Drivers/STM32F4xx_HAL_Driver/Src/stm32f4xx_hal_uart.o
                0x00000000080081c0                HAL_UART_Receive_IT
 .text.HAL_UART_IRQHandler
                0x0000000008008220      0x51c ./Drivers/STM32F4xx_HAL_Driver/Src/stm32f4xx_hal_uart.o
                0x0000000008008220                HAL_UART_IRQHandler
 .text.HAL_UART_ErrorCallback
                0x000000000800873c       0x14 ./Drivers/STM32F4xx_HAL_Driver/Src/stm32f4xx_hal_uart.o
                0x000000000800873c                HAL_UART_ErrorCallback
 .text.HAL_UARTEx_RxEventCallback
                0x0000000008008750       0x18 ./Drivers/STM32F4xx_HAL_Driver/Src/stm32f4xx_hal_uart.o
                0x0000000008008750                HAL_UARTEx_RxEventCallback
 .text.UART_Start_Receive_IT
                0x0000000008008768       0x7c ./Drivers/STM32F4xx_HAL_Driver/Src/stm32f4xx_hal_uart.o
                0x0000000008008768                UART_Start_Receive_IT
 .text.UART_EndRxTransfer
                0x00000000080087e4       0xc6 ./Drivers/STM32F4xx_HAL_Driver/Src/stm32f4xx_hal_uart.o
 .text.UART_DMAAbortOnError
                0x00000000080088aa       0x28 ./Drivers/STM32F4xx_HAL_Driver/Src/stm32f4xx_hal_uart.o
 .text.UART_Transmit_IT
                0x00000000080088d2       0xa0 ./Drivers/STM32F4xx_HAL_Driver/Src/stm32f4xx_hal_uart.o
 .text.UART_EndTransmit_IT
                0x0000000008008972       0x30 ./Drivers/STM32F4xx_HAL_Driver/Src/stm32f4xx_hal_uart.o
 .text.UART_Receive_IT
                0x00000000080089a2      0x176 ./Drivers/STM32F4xx_HAL_Driver/Src/stm32f4xx_hal_uart.o
 .text.UART_SetConfig
                0x0000000008008b18      0x4e8 ./Drivers/STM32F4xx_HAL_Driver/Src/stm32f4xx_hal_uart.o
 .text.__errno  0x0000000008009000        0xc c:/st/stm32cubeide_1.10.1/stm32cubeide/plugins/com.st.stm32cube.ide.mcu.externaltools.gnu-tools-for-stm32.10.3-2021.10.win32_1.0.0.202111181127/tools/bin/../lib/gcc/arm-none-eabi/10.3.1/../../../../arm-none-eabi/lib/thumb/v7e-m+fp/hard\libc_nano.a(lib_a-errno.o)
                0x0000000008009000                __errno
 .text.__libc_init_array
                0x000000000800900c       0x48 c:/st/stm32cubeide_1.10.1/stm32cubeide/plugins/com.st.stm32cube.ide.mcu.externaltools.gnu-tools-for-stm32.10.3-2021.10.win32_1.0.0.202111181127/tools/bin/../lib/gcc/arm-none-eabi/10.3.1/../../../../arm-none-eabi/lib/thumb/v7e-m+fp/hard\libc_nano.a(lib_a-init.o)
                0x000000000800900c                __libc_init_array
 .text.memcpy   0x0000000008009054       0x1c c:/st/stm32cubeide_1.10.1/stm32cubeide/plugins/com.st.stm32cube.ide.mcu.externaltools.gnu-tools-for-stm32.10.3-2021.10.win32_1.0.0.202111181127/tools/bin/../lib/gcc/arm-none-eabi/10.3.1/../../../../arm-none-eabi/lib/thumb/v7e-m+fp/hard\libc_nano.a(lib_a-memcpy-stub.o)
                0x0000000008009054                memcpy
 .text.memset   0x0000000008009070       0x10 c:/st/stm32cubeide_1.10.1/stm32cubeide/plugins/com.st.stm32cube.ide.mcu.externaltools.gnu-tools-for-stm32.10.3-2021.10.win32_1.0.0.202111181127/tools/bin/../lib/gcc/arm-none-eabi/10.3.1/../../../../arm-none-eabi/lib/thumb/v7e-m+fp/hard\libc_nano.a(lib_a-memset.o)
                0x0000000008009070                memset
 .text.sqrt     0x0000000008009080       0x58 c:/st/stm32cubeide_1.10.1/stm32cubeide/plugins/com.st.stm32cube.ide.mcu.externaltools.gnu-tools-for-stm32.10.3-2021.10.win32_1.0.0.202111181127/tools/bin/../lib/gcc/arm-none-eabi/10.3.1/../../../../arm-none-eabi/lib/thumb/v7e-m+fp/hard\libm.a(lib_a-w_sqrt.o)
                0x0000000008009080                sqrt
 .text.__ieee754_sqrt
                0x00000000080090d8      0x164 c:/st/stm32cubeide_1.10.1/stm32cubeide/plugins/com.st.stm32cube.ide.mcu.externaltools.gnu-tools-for-stm32.10.3-2021.10.win32_1.0.0.202111181127/tools/bin/../lib/gcc/arm-none-eabi/10.3.1/../../../../arm-none-eabi/lib/thumb/v7e-m+fp/hard\libm.a(lib_a-e_sqrt.o)
                0x00000000080090d8                __ieee754_sqrt
 *(.glue_7)
 .glue_7        0x000000000800923c        0x0 linker stubs
 *(.glue_7t)
 .glue_7t       0x000000000800923c        0x0 linker stubs
 *(.eh_frame)
 .eh_frame      0x000000000800923c        0x0 c:/st/stm32cubeide_1.10.1/stm32cubeide/plugins/com.st.stm32cube.ide.mcu.externaltools.gnu-tools-for-stm32.10.3-2021.10.win32_1.0.0.202111181127/tools/bin/../lib/gcc/arm-none-eabi/10.3.1/thumb/v7e-m+fp/hard/crtbegin.o
 *(.init)
 .init          0x000000000800923c        0x4 c:/st/stm32cubeide_1.10.1/stm32cubeide/plugins/com.st.stm32cube.ide.mcu.externaltools.gnu-tools-for-stm32.10.3-2021.10.win32_1.0.0.202111181127/tools/bin/../lib/gcc/arm-none-eabi/10.3.1/thumb/v7e-m+fp/hard/crti.o
                0x000000000800923c                _init
 .init          0x0000000008009240        0x8 c:/st/stm32cubeide_1.10.1/stm32cubeide/plugins/com.st.stm32cube.ide.mcu.externaltools.gnu-tools-for-stm32.10.3-2021.10.win32_1.0.0.202111181127/tools/bin/../lib/gcc/arm-none-eabi/10.3.1/thumb/v7e-m+fp/hard/crtn.o
 *(.fini)
 .fini          0x0000000008009248        0x4 c:/st/stm32cubeide_1.10.1/stm32cubeide/plugins/com.st.stm32cube.ide.mcu.externaltools.gnu-tools-for-stm32.10.3-2021.10.win32_1.0.0.202111181127/tools/bin/../lib/gcc/arm-none-eabi/10.3.1/thumb/v7e-m+fp/hard/crti.o
                0x0000000008009248                _fini
 .fini          0x000000000800924c        0x8 c:/st/stm32cubeide_1.10.1/stm32cubeide/plugins/com.st.stm32cube.ide.mcu.externaltools.gnu-tools-for-stm32.10.3-2021.10.win32_1.0.0.202111181127/tools/bin/../lib/gcc/arm-none-eabi/10.3.1/thumb/v7e-m+fp/hard/crtn.o
                0x0000000008009254                . = ALIGN (0x4)
                0x0000000008009254                _etext = .

.vfp11_veneer   0x0000000008009254        0x0
 .vfp11_veneer  0x0000000008009254        0x0 linker stubs

.v4_bx          0x0000000008009254        0x0
 .v4_bx         0x0000000008009254        0x0 linker stubs

.iplt           0x0000000008009254        0x0
 .iplt          0x0000000008009254        0x0 c:/st/stm32cubeide_1.10.1/stm32cubeide/plugins/com.st.stm32cube.ide.mcu.externaltools.gnu-tools-for-stm32.10.3-2021.10.win32_1.0.0.202111181127/tools/bin/../lib/gcc/arm-none-eabi/10.3.1/thumb/v7e-m+fp/hard/crtbegin.o

.rodata         0x0000000008009254      0xfb8
                0x0000000008009254                . = ALIGN (0x4)
 *(.rodata)
 .rodata        0x0000000008009254       0x17 ./Core/Src/can.o
 *fill*         0x000000000800926b        0x1 
 .rodata        0x000000000800926c        0x7 ./Core/Src/lcd.o
 *fill*         0x0000000008009273        0x1 
 .rodata        0x0000000008009274       0xe4 ./Core/Src/main.o
 .rodata        0x0000000008009358       0x19 ./Core/Src/usart.o
 *(.rodata*)
 *fill*         0x0000000008009371        0x3 
 .rodata.ascii_8x16
                0x0000000008009374      0xdff ./Core/Src/lcd.o
 *fill*         0x000000000800a173        0x1 
 .rodata.tft_init_code
                0x000000000800a174       0x71 ./Core/Src/lcd.o
                0x000000000800a174                tft_init_code
 *fill*         0x000000000800a1e5        0x3 
 .rodata.tft_orientation_init_code
                0x000000000800a1e8        0x4 ./Core/Src/lcd.o
                0x000000000800a1e8                tft_orientation_init_code
 .rodata.AHBPrescTable
                0x000000000800a1ec       0x10 ./Core/Src/system_stm32f4xx.o
                0x000000000800a1ec                AHBPrescTable
 .rodata.APBPrescTable
                0x000000000800a1fc        0x8 ./Core/Src/system_stm32f4xx.o
                0x000000000800a1fc                APBPrescTable
 .rodata.flagBitshiftOffset.0
                0x000000000800a204        0x8 ./Drivers/STM32F4xx_HAL_Driver/Src/stm32f4xx_hal_dma.o
                0x000000000800a20c                . = ALIGN (0x4)

.ARM.extab      0x000000000800a20c        0x0
                0x000000000800a20c                . = ALIGN (0x4)
 *(.ARM.extab* .gnu.linkonce.armextab.*)
                0x000000000800a20c                . = ALIGN (0x4)

.ARM            0x000000000800a20c        0x8
                0x000000000800a20c                . = ALIGN (0x4)
                0x000000000800a20c                __exidx_start = .
 *(.ARM.exidx*)
 .ARM.exidx     0x000000000800a20c        0x8 c:/st/stm32cubeide_1.10.1/stm32cubeide/plugins/com.st.stm32cube.ide.mcu.externaltools.gnu-tools-for-stm32.10.3-2021.10.win32_1.0.0.202111181127/tools/bin/../lib/gcc/arm-none-eabi/10.3.1/thumb/v7e-m+fp/hard\libgcc.a(_udivmoddi4.o)
                0x000000000800a214                __exidx_end = .
                0x000000000800a214                . = ALIGN (0x4)

.rel.dyn        0x000000000800a214        0x0
 .rel.iplt      0x000000000800a214        0x0 c:/st/stm32cubeide_1.10.1/stm32cubeide/plugins/com.st.stm32cube.ide.mcu.externaltools.gnu-tools-for-stm32.10.3-2021.10.win32_1.0.0.202111181127/tools/bin/../lib/gcc/arm-none-eabi/10.3.1/thumb/v7e-m+fp/hard/crtbegin.o

.preinit_array  0x000000000800a214        0x0
                0x000000000800a214                . = ALIGN (0x4)
                0x000000000800a214                PROVIDE (__preinit_array_start = .)
 *(.preinit_array*)
                0x000000000800a214                PROVIDE (__preinit_array_end = .)
                0x000000000800a214                . = ALIGN (0x4)

.init_array     0x000000000800a214        0x4
                0x000000000800a214                . = ALIGN (0x4)
                0x000000000800a214                PROVIDE (__init_array_start = .)
 *(SORT_BY_NAME(.init_array.*))
 *(.init_array*)
 .init_array    0x000000000800a214        0x4 c:/st/stm32cubeide_1.10.1/stm32cubeide/plugins/com.st.stm32cube.ide.mcu.externaltools.gnu-tools-for-stm32.10.3-2021.10.win32_1.0.0.202111181127/tools/bin/../lib/gcc/arm-none-eabi/10.3.1/thumb/v7e-m+fp/hard/crtbegin.o
                0x000000000800a218                PROVIDE (__init_array_end = .)
                0x000000000800a218                . = ALIGN (0x4)

.fini_array     0x000000000800a218        0x4
                0x000000000800a218                . = ALIGN (0x4)
                [!provide]                        PROVIDE (__fini_array_start = .)
 *(SORT_BY_NAME(.fini_array.*))
 *(.fini_array*)
 .fini_array    0x000000000800a218        0x4 c:/st/stm32cubeide_1.10.1/stm32cubeide/plugins/com.st.stm32cube.ide.mcu.externaltools.gnu-tools-for-stm32.10.3-2021.10.win32_1.0.0.202111181127/tools/bin/../lib/gcc/arm-none-eabi/10.3.1/thumb/v7e-m+fp/hard/crtbegin.o
                [!provide]                        PROVIDE (__fini_array_end = .)
                0x000000000800a21c                . = ALIGN (0x4)
                0x000000000800a21c                _sidata = LOADADDR (.data)

.data           0x0000000020000000       0x94 load address 0x000000000800a21c
                0x0000000020000000                . = ALIGN (0x4)
                0x0000000020000000                _sdata = .
 *(.data)
 *(.data*)
 .data.tft_screens
                0x0000000020000000        0x4 ./Core/Src/lcd.o
                0x0000000020000000                tft_screens
 .data.velocity.6
                0x0000000020000004        0x4 ./Core/Src/main.o
 .data.kp.2     0x0000000020000008        0x8 ./Core/Src/main.o
 .data.ki.1     0x0000000020000010        0x8 ./Core/Src/main.o
 .data.kd.0     0x0000000020000018        0x8 ./Core/Src/main.o
 .data.SystemCoreClock
                0x0000000020000020        0x4 ./Core/Src/system_stm32f4xx.o
                0x0000000020000020                SystemCoreClock
 .data.velocity
                0x0000000020000024        0x4 ./Core/Src/usart.o
                0x0000000020000024                velocity
 .data.uwTickPrio
                0x0000000020000028        0x4 ./Drivers/STM32F4xx_HAL_Driver/Src/stm32f4xx_hal.o
                0x0000000020000028                uwTickPrio
 .data.uwTickFreq
                0x000000002000002c        0x1 ./Drivers/STM32F4xx_HAL_Driver/Src/stm32f4xx_hal.o
                0x000000002000002c                uwTickFreq
 *fill*         0x000000002000002d        0x3 
 .data._impure_ptr
                0x0000000020000030        0x4 c:/st/stm32cubeide_1.10.1/stm32cubeide/plugins/com.st.stm32cube.ide.mcu.externaltools.gnu-tools-for-stm32.10.3-2021.10.win32_1.0.0.202111181127/tools/bin/../lib/gcc/arm-none-eabi/10.3.1/../../../../arm-none-eabi/lib/thumb/v7e-m+fp/hard\libc_nano.a(lib_a-impure.o)
                0x0000000020000030                _impure_ptr
 .data.impure_data
                0x0000000020000034       0x60 c:/st/stm32cubeide_1.10.1/stm32cubeide/plugins/com.st.stm32cube.ide.mcu.externaltools.gnu-tools-for-stm32.10.3-2021.10.win32_1.0.0.202111181127/tools/bin/../lib/gcc/arm-none-eabi/10.3.1/../../../../arm-none-eabi/lib/thumb/v7e-m+fp/hard\libc_nano.a(lib_a-impure.o)
 *(.RamFunc)
 *(.RamFunc*)
                0x0000000020000094                . = ALIGN (0x4)
                0x0000000020000094                _edata = .
                0x000000000800a2b0                _siccmram = LOADADDR (.ccmram)

.igot.plt       0x0000000020000094        0x0 load address 0x000000000800a2b0
 .igot.plt      0x0000000020000094        0x0 c:/st/stm32cubeide_1.10.1/stm32cubeide/plugins/com.st.stm32cube.ide.mcu.externaltools.gnu-tools-for-stm32.10.3-2021.10.win32_1.0.0.202111181127/tools/bin/../lib/gcc/arm-none-eabi/10.3.1/thumb/v7e-m+fp/hard/crtbegin.o

.ccmram         0x0000000010000000        0x0 load address 0x000000000800a2b0
                0x0000000010000000                . = ALIGN (0x4)
                0x0000000010000000                _sccmram = .
 *(.ccmram)
 *(.ccmram*)
                0x0000000010000000                . = ALIGN (0x4)
                0x0000000010000000                _eccmram = .
                0x0000000010000000                . = ALIGN (0x4)

.bss            0x0000000020000098     0xd8cc
                0x0000000020000098                _sbss = .
                0x0000000020000098                __bss_start__ = _sbss
 *(.bss)
 .bss           0x0000000020000098       0x1c c:/st/stm32cubeide_1.10.1/stm32cubeide/plugins/com.st.stm32cube.ide.mcu.externaltools.gnu-tools-for-stm32.10.3-2021.10.win32_1.0.0.202111181127/tools/bin/../lib/gcc/arm-none-eabi/10.3.1/thumb/v7e-m+fp/hard/crtbegin.o
 *(.bss*)
 .bss.rm_ctrl_cmd
                0x00000000200000b4       0x20 ./Core/Src/can.o
                0x00000000200000b4                rm_ctrl_cmd
 .bss.rm_fb_cmd
                0x00000000200000d4       0xc0 ./Core/Src/can.o
                0x00000000200000d4                rm_fb_cmd
 .bss.hcan1     0x0000000020000194       0x28 ./Core/Src/can.o
                0x0000000020000194                hcan1
 .bss.hcan2     0x00000000200001bc       0x28 ./Core/Src/can.o
                0x00000000200001bc                hcan2
 .bss.HAL_RCC_CAN1_CLK_ENABLED
                0x00000000200001e4        0x4 ./Core/Src/can.o
 .bss.currents  0x00000000200001e8     0x7d00 ./Core/Src/can.o
                0x00000000200001e8                currents
 .bss.indexes   0x0000000020007ee8       0x40 ./Core/Src/can.o
 .bss.error     0x0000000020007f28       0x80 ./Core/Src/can.o
 .bss.prev_error
                0x0000000020007fa8       0x80 ./Core/Src/can.o
 .bss.accu      0x0000000020008028       0x80 ./Core/Src/can.o
 .bss.tar_current
                0x00000000200080a8       0x80 ./Core/Src/can.o
 .bss.Cur_vel.0
                0x0000000020008128        0x8 ./Core/Src/can.o
 .bss.curr_bg_color
                0x0000000020008130        0x2 ./Core/Src/lcd.o
                0x0000000020008130                curr_bg_color
 .bss.curr_highlight_color
                0x0000000020008132        0x2 ./Core/Src/lcd.o
                0x0000000020008132                curr_highlight_color
 .bss.curr_text_color
                0x0000000020008134        0x2 ./Core/Src/lcd.o
                0x0000000020008134                curr_text_color
 .bss.curr_text_color_sp
                0x0000000020008136        0x2 ./Core/Src/lcd.o
                0x0000000020008136                curr_text_color_sp
 .bss.tft_orientation
                0x0000000020008138        0x1 ./Core/Src/lcd.o
                0x0000000020008138                tft_orientation
 .bss.char_max_x
                0x0000000020008139        0x1 ./Core/Src/lcd.o
                0x0000000020008139                char_max_x
 .bss.char_max_y
                0x000000002000813a        0x1 ./Core/Src/lcd.o
                0x000000002000813a                char_max_y
 *fill*         0x000000002000813b        0x1 
 .bss.default_tft_screens
                0x000000002000813c      0x642 ./Core/Src/lcd.o
                0x000000002000813c                default_tft_screens
 .bss.col_shift
                0x000000002000877e        0x1 ./Core/Src/lcd.o
 .bss.row_shift
                0x000000002000877f        0x1 ./Core/Src/lcd.o
 .bss.buf_ptr   0x0000000020008780        0x1 ./Core/Src/lcd.o
                0x0000000020008780                buf_ptr
 *fill*         0x0000000020008781        0x3 
 .bss.tft_dma_bufs
                0x0000000020008784     0x5000 ./Core/Src/lcd.o
 .bss.last_update.5
                0x000000002000d784        0x4 ./Core/Src/lcd.o
 .bss.Btn1_mode.9
                0x000000002000d788        0x4 ./Core/Src/main.o
 .bss.Btn1_HoldTime.8
                0x000000002000d78c        0x4 ./Core/Src/main.o
 .bss.motornum.7
                0x000000002000d790        0x4 ./Core/Src/main.o
 .bss.target_vel.5
                0x000000002000d794       0x10 ./Core/Src/main.o
 .bss.Btn2_mode.4
                0x000000002000d7a4        0x4 ./Core/Src/main.o
 .bss.Btn2_HoldTime.3
                0x000000002000d7a8        0x4 ./Core/Src/main.o
 .bss.hspi1     0x000000002000d7ac       0x58 ./Core/Src/spi.o
                0x000000002000d7ac                hspi1
 .bss.hdma_spi1_tx
                0x000000002000d804       0x60 ./Core/Src/spi.o
                0x000000002000d804                hdma_spi1_tx
 .bss.htim5     0x000000002000d864       0x48 ./Core/Src/tim.o
                0x000000002000d864                htim5
 .bss.dat       0x000000002000d8ac       0x1e ./Core/Src/usart.o
                0x000000002000d8ac                dat
 *fill*         0x000000002000d8ca        0x2 
 .bss.target    0x000000002000d8cc        0x4 ./Core/Src/usart.o
                0x000000002000d8cc                target
 .bss.huart1    0x000000002000d8d0       0x44 ./Core/Src/usart.o
                0x000000002000d8d0                huart1
 .bss.huart2    0x000000002000d914       0x44 ./Core/Src/usart.o
                0x000000002000d914                huart2
 .bss.count.1   0x000000002000d958        0x4 ./Core/Src/usart.o
 .bss.last_Send_Time.0
                0x000000002000d95c        0x4 ./Core/Src/usart.o
 .bss.uwTick    0x000000002000d960        0x4 ./Drivers/STM32F4xx_HAL_Driver/Src/stm32f4xx_hal.o
                0x000000002000d960                uwTick
 *(COMMON)
                0x000000002000d964                . = ALIGN (0x4)
                0x000000002000d964                _ebss = .
                0x000000002000d964                __bss_end__ = _ebss

._user_heap_stack
                0x000000002000d964      0x604
                0x000000002000d968                . = ALIGN (0x8)
 *fill*         0x000000002000d964        0x4 
                [!provide]                        PROVIDE (end = .)
                0x000000002000d968                PROVIDE (_end = .)
                0x000000002000db68                . = (. + _Min_Heap_Size)
 *fill*         0x000000002000d968      0x200 
                0x000000002000df68                . = (. + _Min_Stack_Size)
 *fill*         0x000000002000db68      0x400 
                0x000000002000df68                . = ALIGN (0x8)

/DISCARD/
 libc.a(*)
 libm.a(*)
 libgcc.a(*)

.ARM.attributes
                0x0000000000000000       0x30
 *(.ARM.attributes)
 .ARM.attributes
                0x0000000000000000       0x1e c:/st/stm32cubeide_1.10.1/stm32cubeide/plugins/com.st.stm32cube.ide.mcu.externaltools.gnu-tools-for-stm32.10.3-2021.10.win32_1.0.0.202111181127/tools/bin/../lib/gcc/arm-none-eabi/10.3.1/thumb/v7e-m+fp/hard/crti.o
 .ARM.attributes
                0x000000000000001e       0x34 c:/st/stm32cubeide_1.10.1/stm32cubeide/plugins/com.st.stm32cube.ide.mcu.externaltools.gnu-tools-for-stm32.10.3-2021.10.win32_1.0.0.202111181127/tools/bin/../lib/gcc/arm-none-eabi/10.3.1/thumb/v7e-m+fp/hard/crtbegin.o
 .ARM.attributes
                0x0000000000000052       0x34 ./Core/Src/can.o
 .ARM.attributes
                0x0000000000000086       0x34 ./Core/Src/dma.o
 .ARM.attributes
                0x00000000000000ba       0x34 ./Core/Src/gpio.o
 .ARM.attributes
                0x00000000000000ee       0x34 ./Core/Src/lcd.o
 .ARM.attributes
                0x0000000000000122       0x34 ./Core/Src/main.o
 .ARM.attributes
                0x0000000000000156       0x34 ./Core/Src/spi.o
 .ARM.attributes
                0x000000000000018a       0x34 ./Core/Src/stm32f4xx_hal_msp.o
 .ARM.attributes
                0x00000000000001be       0x34 ./Core/Src/stm32f4xx_it.o
 .ARM.attributes
                0x00000000000001f2       0x34 ./Core/Src/system_stm32f4xx.o
 .ARM.attributes
                0x0000000000000226       0x34 ./Core/Src/tim.o
 .ARM.attributes
                0x000000000000025a       0x34 ./Core/Src/tutorial3_pwm.o
 .ARM.attributes
                0x000000000000028e       0x34 ./Core/Src/usart.o
 .ARM.attributes
                0x00000000000002c2       0x21 ./Core/Startup/startup_stm32f405rgtx.o
 .ARM.attributes
                0x00000000000002e3       0x34 ./Drivers/STM32F4xx_HAL_Driver/Src/stm32f4xx_hal.o
 .ARM.attributes
                0x0000000000000317       0x34 ./Drivers/STM32F4xx_HAL_Driver/Src/stm32f4xx_hal_can.o
 .ARM.attributes
                0x000000000000034b       0x34 ./Drivers/STM32F4xx_HAL_Driver/Src/stm32f4xx_hal_cortex.o
 .ARM.attributes
                0x000000000000037f       0x34 ./Drivers/STM32F4xx_HAL_Driver/Src/stm32f4xx_hal_dma.o
 .ARM.attributes
                0x00000000000003b3       0x34 ./Drivers/STM32F4xx_HAL_Driver/Src/stm32f4xx_hal_gpio.o
 .ARM.attributes
                0x00000000000003e7       0x34 ./Drivers/STM32F4xx_HAL_Driver/Src/stm32f4xx_hal_rcc.o
 .ARM.attributes
                0x000000000000041b       0x34 ./Drivers/STM32F4xx_HAL_Driver/Src/stm32f4xx_hal_spi.o
 .ARM.attributes
                0x000000000000044f       0x34 ./Drivers/STM32F4xx_HAL_Driver/Src/stm32f4xx_hal_tim.o
 .ARM.attributes
                0x0000000000000483       0x34 ./Drivers/STM32F4xx_HAL_Driver/Src/stm32f4xx_hal_tim_ex.o
 .ARM.attributes
                0x00000000000004b7       0x34 ./Drivers/STM32F4xx_HAL_Driver/Src/stm32f4xx_hal_uart.o
 .ARM.attributes
                0x00000000000004eb       0x34 c:/st/stm32cubeide_1.10.1/stm32cubeide/plugins/com.st.stm32cube.ide.mcu.externaltools.gnu-tools-for-stm32.10.3-2021.10.win32_1.0.0.202111181127/tools/bin/../lib/gcc/arm-none-eabi/10.3.1/../../../../arm-none-eabi/lib/thumb/v7e-m+fp/hard\libc_nano.a(lib_a-errno.o)
 .ARM.attributes
                0x000000000000051f       0x34 c:/st/stm32cubeide_1.10.1/stm32cubeide/plugins/com.st.stm32cube.ide.mcu.externaltools.gnu-tools-for-stm32.10.3-2021.10.win32_1.0.0.202111181127/tools/bin/../lib/gcc/arm-none-eabi/10.3.1/../../../../arm-none-eabi/lib/thumb/v7e-m+fp/hard\libc_nano.a(lib_a-impure.o)
 .ARM.attributes
                0x0000000000000553       0x34 c:/st/stm32cubeide_1.10.1/stm32cubeide/plugins/com.st.stm32cube.ide.mcu.externaltools.gnu-tools-for-stm32.10.3-2021.10.win32_1.0.0.202111181127/tools/bin/../lib/gcc/arm-none-eabi/10.3.1/../../../../arm-none-eabi/lib/thumb/v7e-m+fp/hard\libc_nano.a(lib_a-init.o)
 .ARM.attributes
                0x0000000000000587       0x34 c:/st/stm32cubeide_1.10.1/stm32cubeide/plugins/com.st.stm32cube.ide.mcu.externaltools.gnu-tools-for-stm32.10.3-2021.10.win32_1.0.0.202111181127/tools/bin/../lib/gcc/arm-none-eabi/10.3.1/../../../../arm-none-eabi/lib/thumb/v7e-m+fp/hard\libc_nano.a(lib_a-memcpy-stub.o)
 .ARM.attributes
                0x00000000000005bb       0x34 c:/st/stm32cubeide_1.10.1/stm32cubeide/plugins/com.st.stm32cube.ide.mcu.externaltools.gnu-tools-for-stm32.10.3-2021.10.win32_1.0.0.202111181127/tools/bin/../lib/gcc/arm-none-eabi/10.3.1/../../../../arm-none-eabi/lib/thumb/v7e-m+fp/hard\libc_nano.a(lib_a-memset.o)
 .ARM.attributes
                0x00000000000005ef       0x34 c:/st/stm32cubeide_1.10.1/stm32cubeide/plugins/com.st.stm32cube.ide.mcu.externaltools.gnu-tools-for-stm32.10.3-2021.10.win32_1.0.0.202111181127/tools/bin/../lib/gcc/arm-none-eabi/10.3.1/../../../../arm-none-eabi/lib/thumb/v7e-m+fp/hard\libm.a(lib_a-w_sqrt.o)
 .ARM.attributes
                0x0000000000000623       0x34 c:/st/stm32cubeide_1.10.1/stm32cubeide/plugins/com.st.stm32cube.ide.mcu.externaltools.gnu-tools-for-stm32.10.3-2021.10.win32_1.0.0.202111181127/tools/bin/../lib/gcc/arm-none-eabi/10.3.1/../../../../arm-none-eabi/lib/thumb/v7e-m+fp/hard\libm.a(lib_a-e_sqrt.o)
 .ARM.attributes
                0x0000000000000657       0x1e c:/st/stm32cubeide_1.10.1/stm32cubeide/plugins/com.st.stm32cube.ide.mcu.externaltools.gnu-tools-for-stm32.10.3-2021.10.win32_1.0.0.202111181127/tools/bin/../lib/gcc/arm-none-eabi/10.3.1/thumb/v7e-m+fp/hard\libgcc.a(_arm_addsubdf3.o)
 .ARM.attributes
                0x0000000000000675       0x1e c:/st/stm32cubeide_1.10.1/stm32cubeide/plugins/com.st.stm32cube.ide.mcu.externaltools.gnu-tools-for-stm32.10.3-2021.10.win32_1.0.0.202111181127/tools/bin/../lib/gcc/arm-none-eabi/10.3.1/thumb/v7e-m+fp/hard\libgcc.a(_arm_muldivdf3.o)
 .ARM.attributes
                0x0000000000000693       0x1e c:/st/stm32cubeide_1.10.1/stm32cubeide/plugins/com.st.stm32cube.ide.mcu.externaltools.gnu-tools-for-stm32.10.3-2021.10.win32_1.0.0.202111181127/tools/bin/../lib/gcc/arm-none-eabi/10.3.1/thumb/v7e-m+fp/hard\libgcc.a(_arm_cmpdf2.o)
 .ARM.attributes
                0x00000000000006b1       0x1e c:/st/stm32cubeide_1.10.1/stm32cubeide/plugins/com.st.stm32cube.ide.mcu.externaltools.gnu-tools-for-stm32.10.3-2021.10.win32_1.0.0.202111181127/tools/bin/../lib/gcc/arm-none-eabi/10.3.1/thumb/v7e-m+fp/hard\libgcc.a(_arm_unorddf2.o)
 .ARM.attributes
                0x00000000000006cf       0x1e c:/st/stm32cubeide_1.10.1/stm32cubeide/plugins/com.st.stm32cube.ide.mcu.externaltools.gnu-tools-for-stm32.10.3-2021.10.win32_1.0.0.202111181127/tools/bin/../lib/gcc/arm-none-eabi/10.3.1/thumb/v7e-m+fp/hard\libgcc.a(_arm_fixdfsi.o)
 .ARM.attributes
                0x00000000000006ed       0x1e c:/st/stm32cubeide_1.10.1/stm32cubeide/plugins/com.st.stm32cube.ide.mcu.externaltools.gnu-tools-for-stm32.10.3-2021.10.win32_1.0.0.202111181127/tools/bin/../lib/gcc/arm-none-eabi/10.3.1/thumb/v7e-m+fp/hard\libgcc.a(_arm_fixunsdfsi.o)
 .ARM.attributes
                0x000000000000070b       0x1e c:/st/stm32cubeide_1.10.1/stm32cubeide/plugins/com.st.stm32cube.ide.mcu.externaltools.gnu-tools-for-stm32.10.3-2021.10.win32_1.0.0.202111181127/tools/bin/../lib/gcc/arm-none-eabi/10.3.1/thumb/v7e-m+fp/hard\libgcc.a(_arm_truncdfsf2.o)
 .ARM.attributes
                0x0000000000000729       0x1e c:/st/stm32cubeide_1.10.1/stm32cubeide/plugins/com.st.stm32cube.ide.mcu.externaltools.gnu-tools-for-stm32.10.3-2021.10.win32_1.0.0.202111181127/tools/bin/../lib/gcc/arm-none-eabi/10.3.1/thumb/v7e-m+fp/hard\libgcc.a(_aeabi_uldivmod.o)
 .ARM.attributes
                0x0000000000000747       0x34 c:/st/stm32cubeide_1.10.1/stm32cubeide/plugins/com.st.stm32cube.ide.mcu.externaltools.gnu-tools-for-stm32.10.3-2021.10.win32_1.0.0.202111181127/tools/bin/../lib/gcc/arm-none-eabi/10.3.1/thumb/v7e-m+fp/hard\libgcc.a(_udivmoddi4.o)
 .ARM.attributes
                0x000000000000077b       0x1e c:/st/stm32cubeide_1.10.1/stm32cubeide/plugins/com.st.stm32cube.ide.mcu.externaltools.gnu-tools-for-stm32.10.3-2021.10.win32_1.0.0.202111181127/tools/bin/../lib/gcc/arm-none-eabi/10.3.1/thumb/v7e-m+fp/hard\libgcc.a(_dvmd_tls.o)
 .ARM.attributes
                0x0000000000000799       0x1e c:/st/stm32cubeide_1.10.1/stm32cubeide/plugins/com.st.stm32cube.ide.mcu.externaltools.gnu-tools-for-stm32.10.3-2021.10.win32_1.0.0.202111181127/tools/bin/../lib/gcc/arm-none-eabi/10.3.1/thumb/v7e-m+fp/hard/crtn.o
OUTPUT(sw-tutorial.elf elf32-littlearm)
LOAD linker stubs
LOAD c:/st/stm32cubeide_1.10.1/stm32cubeide/plugins/com.st.stm32cube.ide.mcu.externaltools.gnu-tools-for-stm32.10.3-2021.10.win32_1.0.0.202111181127/tools/bin/../lib/gcc/arm-none-eabi/10.3.1/../../../../arm-none-eabi/lib/thumb/v7e-m+fp/hard\libc.a
LOAD c:/st/stm32cubeide_1.10.1/stm32cubeide/plugins/com.st.stm32cube.ide.mcu.externaltools.gnu-tools-for-stm32.10.3-2021.10.win32_1.0.0.202111181127/tools/bin/../lib/gcc/arm-none-eabi/10.3.1/../../../../arm-none-eabi/lib/thumb/v7e-m+fp/hard\libm.a
LOAD c:/st/stm32cubeide_1.10.1/stm32cubeide/plugins/com.st.stm32cube.ide.mcu.externaltools.gnu-tools-for-stm32.10.3-2021.10.win32_1.0.0.202111181127/tools/bin/../lib/gcc/arm-none-eabi/10.3.1/thumb/v7e-m+fp/hard\libgcc.a

.debug_info     0x0000000000000000    0x15f09
 .debug_info    0x0000000000000000     0x14bb ./Core/Src/can.o
 .debug_info    0x00000000000014bb      0x4da ./Core/Src/dma.o
 .debug_info    0x0000000000001995      0x6dd ./Core/Src/gpio.o
 .debug_info    0x0000000000002072     0x1e2d ./Core/Src/lcd.o
 .debug_info    0x0000000000003e9f      0xa68 ./Core/Src/main.o
 .debug_info    0x0000000000004907      0xc8d ./Core/Src/spi.o
 .debug_info    0x0000000000005594      0x2a8 ./Core/Src/stm32f4xx_hal_msp.o
 .debug_info    0x000000000000583c      0xd0f ./Core/Src/stm32f4xx_it.o
 .debug_info    0x000000000000654b      0x523 ./Core/Src/system_stm32f4xx.o
 .debug_info    0x0000000000006a6e      0xea9 ./Core/Src/tim.o
 .debug_info    0x0000000000007917      0x9c3 ./Core/Src/tutorial3_pwm.o
 .debug_info    0x00000000000082da     0x1009 ./Core/Src/usart.o
 .debug_info    0x00000000000092e3       0x22 ./Core/Startup/startup_stm32f405rgtx.o
 .debug_info    0x0000000000009305      0x96a ./Drivers/STM32F4xx_HAL_Driver/Src/stm32f4xx_hal.o
 .debug_info    0x0000000000009c6f      0xfc0 ./Drivers/STM32F4xx_HAL_Driver/Src/stm32f4xx_hal_can.o
 .debug_info    0x000000000000ac2f      0xe09 ./Drivers/STM32F4xx_HAL_Driver/Src/stm32f4xx_hal_cortex.o
 .debug_info    0x000000000000ba38      0x94f ./Drivers/STM32F4xx_HAL_Driver/Src/stm32f4xx_hal_dma.o
 .debug_info    0x000000000000c387      0x76a ./Drivers/STM32F4xx_HAL_Driver/Src/stm32f4xx_hal_gpio.o
 .debug_info    0x000000000000caf1      0x966 ./Drivers/STM32F4xx_HAL_Driver/Src/stm32f4xx_hal_rcc.o
 .debug_info    0x000000000000d457     0x1758 ./Drivers/STM32F4xx_HAL_Driver/Src/stm32f4xx_hal_spi.o
 .debug_info    0x000000000000ebaf     0x2bbe ./Drivers/STM32F4xx_HAL_Driver/Src/stm32f4xx_hal_tim.o
 .debug_info    0x000000000001176d     0x15e0 ./Drivers/STM32F4xx_HAL_Driver/Src/stm32f4xx_hal_tim_ex.o
 .debug_info    0x0000000000012d4d     0x31bc ./Drivers/STM32F4xx_HAL_Driver/Src/stm32f4xx_hal_uart.o

.debug_abbrev   0x0000000000000000     0x320b
 .debug_abbrev  0x0000000000000000      0x3e6 ./Core/Src/can.o
 .debug_abbrev  0x00000000000003e6      0x10a ./Core/Src/dma.o
 .debug_abbrev  0x00000000000004f0      0x164 ./Core/Src/gpio.o
 .debug_abbrev  0x0000000000000654      0x477 ./Core/Src/lcd.o
 .debug_abbrev  0x0000000000000acb      0x24c ./Core/Src/main.o
 .debug_abbrev  0x0000000000000d17      0x211 ./Core/Src/spi.o
 .debug_abbrev  0x0000000000000f28       0xd4 ./Core/Src/stm32f4xx_hal_msp.o
 .debug_abbrev  0x0000000000000ffc      0x1cb ./Core/Src/stm32f4xx_it.o
 .debug_abbrev  0x00000000000011c7      0x116 ./Core/Src/system_stm32f4xx.o
 .debug_abbrev  0x00000000000012dd      0x206 ./Core/Src/tim.o
 .debug_abbrev  0x00000000000014e3      0x1f7 ./Core/Src/tutorial3_pwm.o
 .debug_abbrev  0x00000000000016da      0x2f2 ./Core/Src/usart.o
 .debug_abbrev  0x00000000000019cc       0x12 ./Core/Startup/startup_stm32f405rgtx.o
 .debug_abbrev  0x00000000000019de      0x20d ./Drivers/STM32F4xx_HAL_Driver/Src/stm32f4xx_hal.o
 .debug_abbrev  0x0000000000001beb      0x21d ./Drivers/STM32F4xx_HAL_Driver/Src/stm32f4xx_hal_can.o
 .debug_abbrev  0x0000000000001e08      0x316 ./Drivers/STM32F4xx_HAL_Driver/Src/stm32f4xx_hal_cortex.o
 .debug_abbrev  0x000000000000211e      0x25b ./Drivers/STM32F4xx_HAL_Driver/Src/stm32f4xx_hal_dma.o
 .debug_abbrev  0x0000000000002379      0x1c4 ./Drivers/STM32F4xx_HAL_Driver/Src/stm32f4xx_hal_gpio.o
 .debug_abbrev  0x000000000000253d      0x2aa ./Drivers/STM32F4xx_HAL_Driver/Src/stm32f4xx_hal_rcc.o
 .debug_abbrev  0x00000000000027e7      0x26e ./Drivers/STM32F4xx_HAL_Driver/Src/stm32f4xx_hal_spi.o
 .debug_abbrev  0x0000000000002a55      0x25d ./Drivers/STM32F4xx_HAL_Driver/Src/stm32f4xx_hal_tim.o
 .debug_abbrev  0x0000000000002cb2      0x265 ./Drivers/STM32F4xx_HAL_Driver/Src/stm32f4xx_hal_tim_ex.o
 .debug_abbrev  0x0000000000002f17      0x2f4 ./Drivers/STM32F4xx_HAL_Driver/Src/stm32f4xx_hal_uart.o

.debug_aranges  0x0000000000000000     0x1240
 .debug_aranges
                0x0000000000000000       0xb8 ./Core/Src/can.o
 .debug_aranges
                0x00000000000000b8       0x20 ./Core/Src/dma.o
 .debug_aranges
                0x00000000000000d8       0x20 ./Core/Src/gpio.o
 .debug_aranges
                0x00000000000000f8      0x150 ./Core/Src/lcd.o
 .debug_aranges
                0x0000000000000248       0x30 ./Core/Src/main.o
 .debug_aranges
                0x0000000000000278       0x30 ./Core/Src/spi.o
 .debug_aranges
                0x00000000000002a8       0x20 ./Core/Src/stm32f4xx_hal_msp.o
 .debug_aranges
                0x00000000000002c8       0x90 ./Core/Src/stm32f4xx_it.o
 .debug_aranges
                0x0000000000000358       0x28 ./Core/Src/system_stm32f4xx.o
 .debug_aranges
                0x0000000000000380       0x38 ./Core/Src/tim.o
 .debug_aranges
                0x00000000000003b8       0x48 ./Core/Src/tutorial3_pwm.o
 .debug_aranges
                0x0000000000000400       0x60 ./Core/Src/usart.o
 .debug_aranges
                0x0000000000000460       0x28 ./Core/Startup/startup_stm32f405rgtx.o
 .debug_aranges
                0x0000000000000488       0xf0 ./Drivers/STM32F4xx_HAL_Driver/Src/stm32f4xx_hal.o
 .debug_aranges
                0x0000000000000578      0x138 ./Drivers/STM32F4xx_HAL_Driver/Src/stm32f4xx_hal_can.o
 .debug_aranges
                0x00000000000006b0      0x118 ./Drivers/STM32F4xx_HAL_Driver/Src/stm32f4xx_hal_cortex.o
 .debug_aranges
                0x00000000000007c8       0x90 ./Drivers/STM32F4xx_HAL_Driver/Src/stm32f4xx_hal_dma.o
 .debug_aranges
                0x0000000000000858       0x58 ./Drivers/STM32F4xx_HAL_Driver/Src/stm32f4xx_hal_gpio.o
 .debug_aranges
                0x00000000000008b0       0x88 ./Drivers/STM32F4xx_HAL_Driver/Src/stm32f4xx_hal_rcc.o
 .debug_aranges
                0x0000000000000938      0x1d0 ./Drivers/STM32F4xx_HAL_Driver/Src/stm32f4xx_hal_spi.o
 .debug_aranges
                0x0000000000000b08      0x3d0 ./Drivers/STM32F4xx_HAL_Driver/Src/stm32f4xx_hal_tim.o
 .debug_aranges
                0x0000000000000ed8      0x168 ./Drivers/STM32F4xx_HAL_Driver/Src/stm32f4xx_hal_tim_ex.o
 .debug_aranges
                0x0000000000001040      0x200 ./Drivers/STM32F4xx_HAL_Driver/Src/stm32f4xx_hal_uart.o

.debug_ranges   0x0000000000000000     0x1108
 .debug_ranges  0x0000000000000000       0xa8 ./Core/Src/can.o
 .debug_ranges  0x00000000000000a8       0x10 ./Core/Src/dma.o
 .debug_ranges  0x00000000000000b8       0x10 ./Core/Src/gpio.o
 .debug_ranges  0x00000000000000c8      0x140 ./Core/Src/lcd.o
 .debug_ranges  0x0000000000000208       0x20 ./Core/Src/main.o
 .debug_ranges  0x0000000000000228       0x20 ./Core/Src/spi.o
 .debug_ranges  0x0000000000000248       0x10 ./Core/Src/stm32f4xx_hal_msp.o
 .debug_ranges  0x0000000000000258       0x80 ./Core/Src/stm32f4xx_it.o
 .debug_ranges  0x00000000000002d8       0x18 ./Core/Src/system_stm32f4xx.o
 .debug_ranges  0x00000000000002f0       0x28 ./Core/Src/tim.o
 .debug_ranges  0x0000000000000318       0x38 ./Core/Src/tutorial3_pwm.o
 .debug_ranges  0x0000000000000350       0x50 ./Core/Src/usart.o
 .debug_ranges  0x00000000000003a0       0x20 ./Core/Startup/startup_stm32f405rgtx.o
 .debug_ranges  0x00000000000003c0       0xe0 ./Drivers/STM32F4xx_HAL_Driver/Src/stm32f4xx_hal.o
 .debug_ranges  0x00000000000004a0      0x128 ./Drivers/STM32F4xx_HAL_Driver/Src/stm32f4xx_hal_can.o
 .debug_ranges  0x00000000000005c8      0x108 ./Drivers/STM32F4xx_HAL_Driver/Src/stm32f4xx_hal_cortex.o
 .debug_ranges  0x00000000000006d0       0x80 ./Drivers/STM32F4xx_HAL_Driver/Src/stm32f4xx_hal_dma.o
 .debug_ranges  0x0000000000000750       0x48 ./Drivers/STM32F4xx_HAL_Driver/Src/stm32f4xx_hal_gpio.o
 .debug_ranges  0x0000000000000798       0x78 ./Drivers/STM32F4xx_HAL_Driver/Src/stm32f4xx_hal_rcc.o
 .debug_ranges  0x0000000000000810      0x1c0 ./Drivers/STM32F4xx_HAL_Driver/Src/stm32f4xx_hal_spi.o
 .debug_ranges  0x00000000000009d0      0x3c0 ./Drivers/STM32F4xx_HAL_Driver/Src/stm32f4xx_hal_tim.o
 .debug_ranges  0x0000000000000d90      0x158 ./Drivers/STM32F4xx_HAL_Driver/Src/stm32f4xx_hal_tim_ex.o
 .debug_ranges  0x0000000000000ee8      0x220 ./Drivers/STM32F4xx_HAL_Driver/Src/stm32f4xx_hal_uart.o

.debug_macro    0x0000000000000000    0x21ee2
 .debug_macro   0x0000000000000000      0x3a4 ./Core/Src/can.o
 .debug_macro   0x00000000000003a4      0xa78 ./Core/Src/can.o
 .debug_macro   0x0000000000000e1c      0x2ad ./Core/Src/can.o
 .debug_macro   0x00000000000010c9       0x2e ./Core/Src/can.o
 .debug_macro   0x00000000000010f7       0x2f ./Core/Src/can.o
 .debug_macro   0x0000000000001126       0x22 ./Core/Src/can.o
 .debug_macro   0x0000000000001148       0x8e ./Core/Src/can.o
 .debug_macro   0x00000000000011d6       0x51 ./Core/Src/can.o
 .debug_macro   0x0000000000001227      0x103 ./Core/Src/can.o
 .debug_macro   0x000000000000132a       0x6a ./Core/Src/can.o
 .debug_macro   0x0000000000001394      0x1df ./Core/Src/can.o
 .debug_macro   0x0000000000001573       0x1c ./Core/Src/can.o
 .debug_macro   0x000000000000158f       0x22 ./Core/Src/can.o
 .debug_macro   0x00000000000015b1       0xd9 ./Core/Src/can.o
 .debug_macro   0x000000000000168a     0x102d ./Core/Src/can.o
 .debug_macro   0x00000000000026b7      0x11f ./Core/Src/can.o
 .debug_macro   0x00000000000027d6    0x1426d ./Core/Src/can.o
 .debug_macro   0x0000000000016a43       0x6d ./Core/Src/can.o
 .debug_macro   0x0000000000016ab0     0x367e ./Core/Src/can.o
 .debug_macro   0x000000000001a12e      0x174 ./Core/Src/can.o
 .debug_macro   0x000000000001a2a2       0x5c ./Core/Src/can.o
 .debug_macro   0x000000000001a2fe      0x8a7 ./Core/Src/can.o
 .debug_macro   0x000000000001aba5      0x9fe ./Core/Src/can.o
 .debug_macro   0x000000000001b5a3      0x115 ./Core/Src/can.o
 .debug_macro   0x000000000001b6b8      0x130 ./Core/Src/can.o
 .debug_macro   0x000000000001b7e8       0xa5 ./Core/Src/can.o
 .debug_macro   0x000000000001b88d      0x174 ./Core/Src/can.o
 .debug_macro   0x000000000001ba01      0x287 ./Core/Src/can.o
 .debug_macro   0x000000000001bc88       0x5f ./Core/Src/can.o
 .debug_macro   0x000000000001bce7      0x236 ./Core/Src/can.o
 .debug_macro   0x000000000001bf1d      0x40f ./Core/Src/can.o
 .debug_macro   0x000000000001c32c      0x12c ./Core/Src/can.o
 .debug_macro   0x000000000001c458      0x21e ./Core/Src/can.o
 .debug_macro   0x000000000001c676       0x2e ./Core/Src/can.o
 .debug_macro   0x000000000001c6a4      0x1b5 ./Core/Src/can.o
 .debug_macro   0x000000000001c859       0xd6 ./Core/Src/can.o
 .debug_macro   0x000000000001c92f      0x11a ./Core/Src/can.o
 .debug_macro   0x000000000001ca49       0x7e ./Core/Src/can.o
 .debug_macro   0x000000000001cac7       0x89 ./Core/Src/can.o
 .debug_macro   0x000000000001cb50      0x225 ./Core/Src/can.o
 .debug_macro   0x000000000001cd75      0x8e6 ./Core/Src/can.o
 .debug_macro   0x000000000001d65b       0x47 ./Core/Src/can.o
 .debug_macro   0x000000000001d6a2      0x295 ./Core/Src/can.o
 .debug_macro   0x000000000001d937      0x12d ./Core/Src/can.o
 .debug_macro   0x000000000001da64      0x1ba ./Core/Src/can.o
 .debug_macro   0x000000000001dc1e       0x34 ./Core/Src/can.o
 .debug_macro   0x000000000001dc52       0x10 ./Core/Src/can.o
 .debug_macro   0x000000000001dc62       0x58 ./Core/Src/can.o
 .debug_macro   0x000000000001dcba       0x22 ./Core/Src/can.o
 .debug_macro   0x000000000001dcdc       0x52 ./Core/Src/can.o
 .debug_macro   0x000000000001dd2e       0x1e ./Core/Src/can.o
 .debug_macro   0x000000000001dd4c       0x3c ./Core/Src/can.o
 .debug_macro   0x000000000001dd88       0x34 ./Core/Src/can.o
 .debug_macro   0x000000000001ddbc       0x16 ./Core/Src/can.o
 .debug_macro   0x000000000001ddd2       0x35 ./Core/Src/can.o
 .debug_macro   0x000000000001de07      0x341 ./Core/Src/can.o
 .debug_macro   0x000000000001e148       0x16 ./Core/Src/can.o
 .debug_macro   0x000000000001e15e       0x43 ./Core/Src/can.o
 .debug_macro   0x000000000001e1a1       0x34 ./Core/Src/can.o
 .debug_macro   0x000000000001e1d5       0x10 ./Core/Src/can.o
 .debug_macro   0x000000000001e1e5       0x58 ./Core/Src/can.o
 .debug_macro   0x000000000001e23d       0x71 ./Core/Src/can.o
 .debug_macro   0x000000000001e2ae       0x1c ./Core/Src/can.o
 .debug_macro   0x000000000001e2ca      0x12a ./Core/Src/can.o
 .debug_macro   0x000000000001e3f4       0x10 ./Core/Src/can.o
 .debug_macro   0x000000000001e404       0x1c ./Core/Src/can.o
 .debug_macro   0x000000000001e420       0x52 ./Core/Src/can.o
 .debug_macro   0x000000000001e472       0x22 ./Core/Src/can.o
 .debug_macro   0x000000000001e494       0x10 ./Core/Src/can.o
 .debug_macro   0x000000000001e4a4       0x52 ./Core/Src/can.o
 .debug_macro   0x000000000001e4f6       0xd5 ./Core/Src/can.o
 .debug_macro   0x000000000001e5cb       0x1c ./Core/Src/can.o
 .debug_macro   0x000000000001e5e7       0x3d ./Core/Src/can.o
 .debug_macro   0x000000000001e624       0x16 ./Core/Src/can.o
 .debug_macro   0x000000000001e63a      0x145 ./Core/Src/can.o
 .debug_macro   0x000000000001e77f       0x16 ./Core/Src/can.o
 .debug_macro   0x000000000001e795       0xbf ./Core/Src/can.o
 .debug_macro   0x000000000001e854      0x215 ./Core/Src/dma.o
 .debug_macro   0x000000000001ea69      0x215 ./Core/Src/gpio.o
 .debug_macro   0x000000000001ec7e      0x40b ./Core/Src/lcd.o
 .debug_macro   0x000000000001f089       0x4c ./Core/Src/lcd.o
 .debug_macro   0x000000000001f0d5       0x94 ./Core/Src/lcd.o
 .debug_macro   0x000000000001f169       0x57 ./Core/Src/lcd.o
 .debug_macro   0x000000000001f1c0       0x97 ./Core/Src/lcd.o
 .debug_macro   0x000000000001f257       0xfd ./Core/Src/lcd.o
 .debug_macro   0x000000000001f354       0x56 ./Core/Src/lcd.o
 .debug_macro   0x000000000001f3aa       0x11 ./Core/Src/lcd.o
 .debug_macro   0x000000000001f3bb       0x22 ./Core/Src/lcd.o
 .debug_macro   0x000000000001f3dd       0x1f ./Core/Src/lcd.o
 .debug_macro   0x000000000001f3fc      0x414 ./Core/Src/main.o
 .debug_macro   0x000000000001f810       0x10 ./Core/Src/main.o
 .debug_macro   0x000000000001f820       0x20 ./Core/Src/main.o
 .debug_macro   0x000000000001f840       0x1c ./Core/Src/main.o
 .debug_macro   0x000000000001f85c      0x19b ./Core/Src/main.o
 .debug_macro   0x000000000001f9f7      0x21a ./Core/Src/spi.o
 .debug_macro   0x000000000001fc11       0x10 ./Core/Src/spi.o
 .debug_macro   0x000000000001fc21      0x20b ./Core/Src/stm32f4xx_hal_msp.o
 .debug_macro   0x000000000001fe2c      0x215 ./Core/Src/stm32f4xx_it.o
 .debug_macro   0x0000000000020041      0x1fc ./Core/Src/system_stm32f4xx.o
 .debug_macro   0x000000000002023d      0x215 ./Core/Src/tim.o
 .debug_macro   0x0000000000020452      0x219 ./Core/Src/tutorial3_pwm.o
 .debug_macro   0x000000000002066b      0x3bc ./Core/Src/usart.o
 .debug_macro   0x0000000000020a27       0x3a ./Core/Src/usart.o
 .debug_macro   0x0000000000020a61      0x25c ./Drivers/STM32F4xx_HAL_Driver/Src/stm32f4xx_hal.o
 .debug_macro   0x0000000000020cbd      0x204 ./Drivers/STM32F4xx_HAL_Driver/Src/stm32f4xx_hal_can.o
 .debug_macro   0x0000000000020ec1      0x1fc ./Drivers/STM32F4xx_HAL_Driver/Src/stm32f4xx_hal_cortex.o
 .debug_macro   0x00000000000210bd      0x202 ./Drivers/STM32F4xx_HAL_Driver/Src/stm32f4xx_hal_dma.o
 .debug_macro   0x00000000000212bf      0x202 ./Drivers/STM32F4xx_HAL_Driver/Src/stm32f4xx_hal_gpio.o
 .debug_macro   0x00000000000214c1      0x220 ./Drivers/STM32F4xx_HAL_Driver/Src/stm32f4xx_hal_rcc.o
 .debug_macro   0x00000000000216e1      0x20b ./Drivers/STM32F4xx_HAL_Driver/Src/stm32f4xx_hal_spi.o
 .debug_macro   0x00000000000218ec      0x1fd ./Drivers/STM32F4xx_HAL_Driver/Src/stm32f4xx_hal_tim.o
 .debug_macro   0x0000000000021ae9      0x1fc ./Drivers/STM32F4xx_HAL_Driver/Src/stm32f4xx_hal_tim_ex.o
 .debug_macro   0x0000000000021ce5      0x1fd ./Drivers/STM32F4xx_HAL_Driver/Src/stm32f4xx_hal_uart.o

.debug_line     0x0000000000000000    0x1695b
 .debug_line    0x0000000000000000      0xf14 ./Core/Src/can.o
 .debug_line    0x0000000000000f14      0x716 ./Core/Src/dma.o
 .debug_line    0x000000000000162a      0x785 ./Core/Src/gpio.o
 .debug_line    0x0000000000001daf     0x1a6b ./Core/Src/lcd.o
 .debug_line    0x000000000000381a      0xbaa ./Core/Src/main.o
 .debug_line    0x00000000000043c4      0x7bf ./Core/Src/spi.o
 .debug_line    0x0000000000004b83      0x71a ./Core/Src/stm32f4xx_hal_msp.o
 .debug_line    0x000000000000529d      0x86d ./Core/Src/stm32f4xx_it.o
 .debug_line    0x0000000000005b0a      0x79c ./Core/Src/system_stm32f4xx.o
 .debug_line    0x00000000000062a6      0x7d9 ./Core/Src/tim.o
 .debug_line    0x0000000000006a7f      0x834 ./Core/Src/tutorial3_pwm.o
 .debug_line    0x00000000000072b3      0xd7d ./Core/Src/usart.o
 .debug_line    0x0000000000008030       0x88 ./Core/Startup/startup_stm32f405rgtx.o
 .debug_line    0x00000000000080b8      0xa02 ./Drivers/STM32F4xx_HAL_Driver/Src/stm32f4xx_hal.o
 .debug_line    0x0000000000008aba     0x116e ./Drivers/STM32F4xx_HAL_Driver/Src/stm32f4xx_hal_can.o
 .debug_line    0x0000000000009c28      0xcb1 ./Drivers/STM32F4xx_HAL_Driver/Src/stm32f4xx_hal_cortex.o
 .debug_line    0x000000000000a8d9      0xf66 ./Drivers/STM32F4xx_HAL_Driver/Src/stm32f4xx_hal_dma.o
 .debug_line    0x000000000000b83f      0xb76 ./Drivers/STM32F4xx_HAL_Driver/Src/stm32f4xx_hal_gpio.o
 .debug_line    0x000000000000c3b5      0xd7e ./Drivers/STM32F4xx_HAL_Driver/Src/stm32f4xx_hal_rcc.o
 .debug_line    0x000000000000d133     0x1c8c ./Drivers/STM32F4xx_HAL_Driver/Src/stm32f4xx_hal_spi.o
 .debug_line    0x000000000000edbf     0x36f6 ./Drivers/STM32F4xx_HAL_Driver/Src/stm32f4xx_hal_tim.o
 .debug_line    0x00000000000124b5     0x19ff ./Drivers/STM32F4xx_HAL_Driver/Src/stm32f4xx_hal_tim_ex.o
 .debug_line    0x0000000000013eb4     0x2aa7 ./Drivers/STM32F4xx_HAL_Driver/Src/stm32f4xx_hal_uart.o

.debug_str      0x0000000000000000    0xc83a0
 .debug_str     0x0000000000000000    0xc2c1a ./Core/Src/can.o
                                      0xc2f55 (size before relaxing)
 .debug_str     0x00000000000c2c1a      0x4fc ./Core/Src/dma.o
                                      0xbe732 (size before relaxing)
 .debug_str     0x00000000000c3116       0x5c ./Core/Src/gpio.o
                                      0xbe800 (size before relaxing)
 .debug_str     0x00000000000c3172      0xc20 ./Core/Src/lcd.o
                                      0xc31b0 (size before relaxing)
 .debug_str     0x00000000000c3d92      0xb7f ./Core/Src/main.o
                                      0xc3344 (size before relaxing)
 .debug_str     0x00000000000c4911       0x88 ./Core/Src/spi.o
                                      0xbecf1 (size before relaxing)
 .debug_str     0x00000000000c4999       0x2c ./Core/Src/stm32f4xx_hal_msp.o
                                      0xbe236 (size before relaxing)
 .debug_str     0x00000000000c49c5      0x58d ./Core/Src/stm32f4xx_it.o
                                      0xbeb74 (size before relaxing)
 .debug_str     0x00000000000c4f52       0xdb ./Core/Src/system_stm32f4xx.o
                                      0xbdb6c (size before relaxing)
 .debug_str     0x00000000000c502d      0x1ea ./Core/Src/tim.o
                                      0xbef34 (size before relaxing)
 .debug_str     0x00000000000c5217      0x139 ./Core/Src/tutorial3_pwm.o
                                      0xbe86a (size before relaxing)
 .debug_str     0x00000000000c5350       0xfd ./Core/Src/usart.o
                                      0xc39d0 (size before relaxing)
 .debug_str     0x00000000000c544d       0x36 ./Core/Startup/startup_stm32f405rgtx.o
                                         0x81 (size before relaxing)
 .debug_str     0x00000000000c5483      0x5f7 ./Drivers/STM32F4xx_HAL_Driver/Src/stm32f4xx_hal.o
                                      0xbe6cf (size before relaxing)
 .debug_str     0x00000000000c5a7a      0x3b8 ./Drivers/STM32F4xx_HAL_Driver/Src/stm32f4xx_hal_can.o
                                      0xbe258 (size before relaxing)
 .debug_str     0x00000000000c5e32      0x31d ./Drivers/STM32F4xx_HAL_Driver/Src/stm32f4xx_hal_cortex.o
                                      0xbe402 (size before relaxing)
 .debug_str     0x00000000000c614f      0x2e6 ./Drivers/STM32F4xx_HAL_Driver/Src/stm32f4xx_hal_dma.o
                                      0xbdf86 (size before relaxing)
 .debug_str     0x00000000000c6435       0xdf ./Drivers/STM32F4xx_HAL_Driver/Src/stm32f4xx_hal_gpio.o
                                      0xbdce7 (size before relaxing)
 .debug_str     0x00000000000c6514      0x233 ./Drivers/STM32F4xx_HAL_Driver/Src/stm32f4xx_hal_rcc.o
                                      0xbdfa0 (size before relaxing)
 .debug_str     0x00000000000c6747      0x518 ./Drivers/STM32F4xx_HAL_Driver/Src/stm32f4xx_hal_spi.o
                                      0xbe430 (size before relaxing)
 .debug_str     0x00000000000c6c5f      0xd34 ./Drivers/STM32F4xx_HAL_Driver/Src/stm32f4xx_hal_tim.o
                                      0xbeee6 (size before relaxing)