Archive member included to satisfy reference by file (symbol)

/Applications/STM32CubeIDE.app/Contents/Eclipse/plugins/com.st.stm32cube.ide.mcu.externaltools.gnu-tools-for-stm32.10.3-2021.10.macos64_1.0.0.202111181127/tools/bin/../lib/gcc/arm-none-eabi/10.3.1/../../../../arm-none-eabi/lib/thumb/v7e-m+fp/hard/libc_nano.a(lib_a-errno.o)
                              ./Core/Src/syscalls.o (__errno)
/Applications/STM32CubeIDE.app/Contents/Eclipse/plugins/com.st.stm32cube.ide.mcu.externaltools.gnu-tools-for-stm32.10.3-2021.10.macos64_1.0.0.202111181127/tools/bin/../lib/gcc/arm-none-eabi/10.3.1/../../../../arm-none-eabi/lib/thumb/v7e-m+fp/hard/libc_nano.a(lib_a-exit.o)
                              /Applications/STM32CubeIDE.app/Contents/Eclipse/plugins/com.st.stm32cube.ide.mcu.externaltools.gnu-tools-for-stm32.10.3-2021.10.macos64_1.0.0.202111181127/tools/bin/../lib/gcc/arm-none-eabi/10.3.1/../../../../arm-none-eabi/lib/thumb/v7e-m+fp/hard/crt0.o (exit)
/Applications/STM32CubeIDE.app/Contents/Eclipse/plugins/com.st.stm32cube.ide.mcu.externaltools.gnu-tools-for-stm32.10.3-2021.10.macos64_1.0.0.202111181127/tools/bin/../lib/gcc/arm-none-eabi/10.3.1/../../../../arm-none-eabi/lib/thumb/v7e-m+fp/hard/libc_nano.a(lib_a-impure.o)
                              /Applications/STM32CubeIDE.app/Contents/Eclipse/plugins/com.st.stm32cube.ide.mcu.externaltools.gnu-tools-for-stm32.10.3-2021.10.macos64_1.0.0.202111181127/tools/bin/../lib/gcc/arm-none-eabi/10.3.1/../../../../arm-none-eabi/lib/thumb/v7e-m+fp/hard/libc_nano.a(lib_a-exit.o) (_global_impure_ptr)
/Applications/STM32CubeIDE.app/Contents/Eclipse/plugins/com.st.stm32cube.ide.mcu.externaltools.gnu-tools-for-stm32.10.3-2021.10.macos64_1.0.0.202111181127/tools/bin/../lib/gcc/arm-none-eabi/10.3.1/../../../../arm-none-eabi/lib/thumb/v7e-m+fp/hard/libc_nano.a(lib_a-init.o)
                              /Applications/STM32CubeIDE.app/Contents/Eclipse/plugins/com.st.stm32cube.ide.mcu.externaltools.gnu-tools-for-stm32.10.3-2021.10.macos64_1.0.0.202111181127/tools/bin/../lib/gcc/arm-none-eabi/10.3.1/../../../../arm-none-eabi/lib/thumb/v7e-m+fp/hard/crt0.o (__libc_init_array)
/Applications/STM32CubeIDE.app/Contents/Eclipse/plugins/com.st.stm32cube.ide.mcu.externaltools.gnu-tools-for-stm32.10.3-2021.10.macos64_1.0.0.202111181127/tools/bin/../lib/gcc/arm-none-eabi/10.3.1/../../../../arm-none-eabi/lib/thumb/v7e-m+fp/hard/libc_nano.a(lib_a-memcpy-stub.o)
                              ./Core/Src/main.o (memcpy)
/Applications/STM32CubeIDE.app/Contents/Eclipse/plugins/com.st.stm32cube.ide.mcu.externaltools.gnu-tools-for-stm32.10.3-2021.10.macos64_1.0.0.202111181127/tools/bin/../lib/gcc/arm-none-eabi/10.3.1/../../../../arm-none-eabi/lib/thumb/v7e-m+fp/hard/libc_nano.a(lib_a-memset.o)
                              /Applications/STM32CubeIDE.app/Contents/Eclipse/plugins/com.st.stm32cube.ide.mcu.externaltools.gnu-tools-for-stm32.10.3-2021.10.macos64_1.0.0.202111181127/tools/bin/../lib/gcc/arm-none-eabi/10.3.1/../../../../arm-none-eabi/lib/thumb/v7e-m+fp/hard/crt0.o (memset)
/Applications/STM32CubeIDE.app/Contents/Eclipse/plugins/com.st.stm32cube.ide.mcu.externaltools.gnu-tools-for-stm32.10.3-2021.10.macos64_1.0.0.202111181127/tools/bin/../lib/gcc/arm-none-eabi/10.3.1/../../../../arm-none-eabi/lib/thumb/v7e-m+fp/hard/libm.a(lib_a-w_sqrt.o)
                              ./Core/Src/usart.o (sqrt)
/Applications/STM32CubeIDE.app/Contents/Eclipse/plugins/com.st.stm32cube.ide.mcu.externaltools.gnu-tools-for-stm32.10.3-2021.10.macos64_1.0.0.202111181127/tools/bin/../lib/gcc/arm-none-eabi/10.3.1/../../../../arm-none-eabi/lib/thumb/v7e-m+fp/hard/libm.a(lib_a-e_sqrt.o)
                              /Applications/STM32CubeIDE.app/Contents/Eclipse/plugins/com.st.stm32cube.ide.mcu.externaltools.gnu-tools-for-stm32.10.3-2021.10.macos64_1.0.0.202111181127/tools/bin/../lib/gcc/arm-none-eabi/10.3.1/../../../../arm-none-eabi/lib/thumb/v7e-m+fp/hard/libm.a(lib_a-w_sqrt.o) (__ieee754_sqrt)
/Applications/STM32CubeIDE.app/Contents/Eclipse/plugins/com.st.stm32cube.ide.mcu.externaltools.gnu-tools-for-stm32.10.3-2021.10.macos64_1.0.0.202111181127/tools/bin/../lib/gcc/arm-none-eabi/10.3.1/thumb/v7e-m+fp/hard/libgcc.a(_arm_muldf3.o)
                              ./Core/Src/can.o (__aeabi_dmul)
/Applications/STM32CubeIDE.app/Contents/Eclipse/plugins/com.st.stm32cube.ide.mcu.externaltools.gnu-tools-for-stm32.10.3-2021.10.macos64_1.0.0.202111181127/tools/bin/../lib/gcc/arm-none-eabi/10.3.1/thumb/v7e-m+fp/hard/libgcc.a(_arm_addsubdf3.o)
                              ./Core/Src/can.o (__aeabi_dsub)
/Applications/STM32CubeIDE.app/Contents/Eclipse/plugins/com.st.stm32cube.ide.mcu.externaltools.gnu-tools-for-stm32.10.3-2021.10.macos64_1.0.0.202111181127/tools/bin/../lib/gcc/arm-none-eabi/10.3.1/thumb/v7e-m+fp/hard/libgcc.a(_arm_muldivdf3.o)
[...]
Memory Configuration

Name             Origin             Length             Attributes
CCMRAM           0x0000000010000000 0x0000000000010000 xrw
RAM              0x0000000020000000 0x0000000000020000 xrw
FLASH            0x0000000008000000 0x0000000000100000 xr
*default*        0x0000000000000000 0xffffffffffffffff

Linker script and memory map

LOAD /Applications/STM32CubeIDE.app/Contents/Eclipse/plugins/com.st.stm32cube.ide.mcu.externaltools.gnu-tools-for-stm32.10.3-2021.10.macos64_1.0.0.202111181127/tools/bin/../lib/gcc/arm-none-eabi/10.3.1/thumb/v7e-m+fp/hard/crti.o
LOAD /Applications/STM32CubeIDE.app/Contents/Eclipse/plugins/com.st.stm32cube.ide.mcu.externaltools.gnu-tools-for-stm32.10.3-2021.10.macos64_1.0.0.202111181127/tools/bin/../lib/gcc/arm-none-eabi/10.3.1/thumb/v7e-m+fp/hard/crtbegin.o
LOAD /Applications/STM32CubeIDE.app/Contents/Eclipse/plugins/com.st.stm32cube.ide.mcu.externaltools.gnu-tools-for-stm32.10.3-2021.10.macos64_1.0.0.202111181127/tools/bin/../lib/gcc/arm-none-eabi/10.3.1/../../../../arm-none-eabi/lib/thumb/v7e-m+fp/hard/crt0.o
LOAD ./Core/Src/can.o
LOAD ./Core/Src/dma.o
LOAD ./Core/Src/gpio.o
LOAD ./Core/Src/i2c.o
LOAD ./Core/Src/lcd.o
LOAD ./Core/Src/lcd_graphics.o
LOAD ./Core/Src/main.o
LOAD ./Core/Src/spi.o
LOAD ./Core/Src/stm32f4xx_hal_msp.o
LOAD ./Core/Src/stm32f4xx_it.o
LOAD ./Core/Src/syscalls.o
LOAD ./Core/Src/sysmem.o
LOAD ./Core/Src/system_stm32f4xx.o
LOAD ./Core/Src/tim.o
LOAD ./Core/Src/tutorial2_hw.o
LOAD ./Core/Src/tutorial3_pwm.o
LOAD ./Core/Src/usart.o
LOAD ./Core/Startup/startup_stm32f405rgtx.o
LOAD ./Drivers/STM32F4xx_HAL_Driver/Src/stm32f4xx_hal.o
LOAD ./Drivers/STM32F4xx_HAL_Driver/Src/stm32f4xx_hal_can.o
LOAD ./Drivers/STM32F4xx_HAL_Driver/Src/stm32f4xx_hal_cortex.o
LOAD ./Drivers/STM32F4xx_HAL_Driver/Src/stm32f4xx_hal_dma.o
LOAD ./Drivers/STM32F4xx_HAL_Driver/Src/stm32f4xx_hal_dma_ex.o
LOAD ./Drivers/STM32F4xx_HAL_Driver/Src/stm32f4xx_hal_exti.o
LOAD ./Drivers/STM32F4xx_HAL_Driver/Src/stm32f4xx_hal_flash.o
LOAD ./Drivers/STM32F4xx_HAL_Driver/Src/stm32f4xx_hal_flash_ex.o
LOAD ./Drivers/STM32F4xx_HAL_Driver/Src/stm32f4xx_hal_flash_ramfunc.o
LOAD ./Drivers/STM32F4xx_HAL_Driver/Src/stm32f4xx_hal_gpio.o
LOAD ./Drivers/STM32F4xx_HAL_Driver/Src/stm32f4xx_hal_i2c.o
LOAD ./Drivers/STM32F4xx_HAL_Driver/Src/stm32f4xx_hal_i2c_ex.o
LOAD ./Drivers/STM32F4xx_HAL_Driver/Src/stm32f4xx_hal_pwr.o
LOAD ./Drivers/STM32F4xx_HAL_Driver/Src/stm32f4xx_hal_pwr_ex.o
LOAD ./Drivers/STM32F4xx_HAL_Driver/Src/stm32f4xx_hal_rcc.o
LOAD ./Drivers/STM32F4xx_HAL_Driver/Src/stm32f4xx_hal_rcc_ex.o
LOAD ./Drivers/STM32F4xx_HAL_Driver/Src/stm32f4xx_hal_spi.o
LOAD ./Drivers/STM32F4xx_HAL_Driver/Src/stm32f4xx_hal_tim.o
LOAD ./Drivers/STM32F4xx_HAL_Driver/Src/stm32f4xx_hal_tim_ex.o
LOAD ./Drivers/STM32F4xx_HAL_Driver/Src/stm32f4xx_hal_uart.o
START GROUP
LOAD /Applications/STM32CubeIDE.app/Contents/Eclipse/plugins/com.st.stm32cube.ide.mcu.externaltools.gnu-tools-for-stm32.10.3-2021.10.macos64_1.0.0.202111181127/tools/bin/../lib/gcc/arm-none-eabi/10.3.1/../../../../arm-none-eabi/lib/thumb/v7e-m+fp/hard/libc_nano.a
LOAD /Applications/STM32CubeIDE.app/Contents/Eclipse/plugins/com.st.stm32cube.ide.mcu.externaltools.gnu-tools-for-stm32.10.3-2021.10.macos64_1.0.0.202111181127/tools/bin/../lib/gcc/arm-none-eabi/10.3.1/../../../../arm-none-eabi/lib/thumb/v7e-m+fp/hard/libm.a
END GROUP
START GROUP
LOAD /Applications/STM32CubeIDE.app/Contents/Eclipse/plugins/com.st.stm32cube.ide.mcu.externaltools.gnu-tools-for-stm32.10.3-2021.10.macos64_1.0.0.202111181127/tools/bin/../lib/gcc/arm-none-eabi/10.3.1/thumb/v7e-m+fp/hard/libgcc.a
LOAD /Applications/STM32CubeIDE.app/Contents/Eclipse/plugins/com.st.stm32cube.ide.mcu.externaltools.gnu-tools-for-stm32.10.3-2021.10.macos64_1.0.0.202111181127/tools/bin/../lib/gcc/arm-none-eabi/10.3.1/../../../../arm-none-eabi/lib/thumb/v7e-m+fp/hard/libc_nano.a
END GROUP
START GROUP
LOAD /Applications/STM32CubeIDE.app/Contents/Eclipse/plugins/com.st.stm32cube.ide.mcu.externaltools.gnu-tools-for-stm32.10.3-2021.10.macos64_1.0.0.202111181127/tools/bin/../lib/gcc/arm-none-eabi/10.3.1/thumb/v7e-m+fp/hard/libgcc.a
LOAD /Applications/STM32CubeIDE.app/Contents/Eclipse/plugins/com.st.stm32cube.ide.mcu.externaltools.gnu-tools-for-stm32.10.3-2021.10.macos64_1.0.0.202111181127/tools/bin/../lib/gcc/arm-none-eabi/10.3.1/../../../../arm-none-eabi/lib/thumb/v7e-m+fp/hard/libc_nano.a
LOAD /Applications/STM32CubeIDE.app/Contents/Eclipse/plugins/com.st.stm32cube.ide.mcu.externaltools.gnu-tools-for-stm32.10.3-2021.10.macos64_1.0.0.202111181127/tools/bin/../lib/gcc/arm-none-eabi/10.3.1/../../../../arm-none-eabi/lib/thumb/v7e-m+fp/hard/libnosys.a
END GROUP
START GROUP
LOAD /Applications/STM32CubeIDE.app/Contents/Eclipse/plugins/com.st.stm32cube.ide.mcu.externaltools.gnu-tools-for-stm32.10.3-2021.10.macos64_1.0.0.202111181127/tools/bin/../lib/gcc/arm-none-eabi/10.3.1/thumb/v7e-m+fp/hard/libgcc.a
LOAD /Applications/STM32CubeIDE.app/Contents/Eclipse/plugins/com.st.stm32cube.ide.mcu.externaltools.gnu-tools-for-stm32.10.3-2021.10.macos64_1.0.0.202111181127/tools/bin/../lib/gcc/arm-none-eabi/10.3.1/../../../../arm-none-eabi/lib/thumb/v7e-m+fp/hard/libc_nano.a
LOAD /Applications/STM32CubeIDE.app/Contents/Eclipse/plugins/com.st.stm32cube.ide.mcu.externaltools.gnu-tools-for-stm32.10.3-2021.10.macos64_1.0.0.202111181127/tools/bin/../lib/gcc/arm-none-eabi/10.3.1/../../../../arm-none-eabi/lib/thumb/v7e-m+fp/hard/libnosys.a
END GROUP
LOAD /Applications/STM32CubeIDE.app/Contents/Eclipse/plugins/com.st.stm32cube.ide.mcu.externaltools.gnu-tools-for-stm32.10.3-2021.10.macos64_1.0.0.202111181127/tools/bin/../lib/gcc/arm-none-eabi/10.3.1/thumb/v7e-m+fp/hard/crtend.o
LOAD /Applications/STM32CubeIDE.app/Contents/Eclipse/plugins/com.st.stm32cube.ide.mcu.externaltools.gnu-tools-for-stm32.10.3-2021.10.macos64_1.0.0.202111181127/tools/bin/../lib/gcc/arm-none-eabi/10.3.1/thumb/v7e-m+fp/hard/crtn.o
                0x0000000020020000                _estack = (ORIGIN (RAM) + LENGTH (RAM))
                0x0000000000000200                _Min_Heap_Size = 0x200
                0x0000000000000400                _Min_Stack_Size = 0x400

.isr_vector     0x0000000008000000      0x188
                0x0000000008000000                . = ALIGN (0x4)
 *(.isr_vector)
 .isr_vector    0x0000000008000000      0x188 ./Core/Startup/startup_stm32f405rgtx.o
                0x0000000008000000                g_pfnVectors
                0x0000000008000188                . = ALIGN (0x4)

.text           0x0000000008000188     0x8f80
                0x0000000008000188                . = ALIGN (0x4)
 *(.text)
 .text          0x0000000008000188       0x40 /Applications/STM32CubeIDE.app/Contents/Eclipse/plugins/com.st.stm32cube.ide.mcu.externaltools.gnu-tools-for-stm32.10.3-2021.10.macos64_1.0.0.202111181127/tools/bin/../lib/gcc/arm-none-eabi/10.3.1/thumb/v7e-m+fp/hard/crtbegin.o
 .text          0x00000000080001c8      0x378 /Applications/STM32CubeIDE.app/Contents/Eclipse/plugins/com.st.stm32cube.ide.mcu.externaltools.gnu-tools-for-stm32.10.3-2021.10.macos64_1.0.0.202111181127/tools/bin/../lib/gcc/arm-none-eabi/10.3.1/thumb/v7e-m+fp/hard/libgcc.a(_arm_addsubdf3.o)
                0x00000000080001c8                __aeabi_drsub
                0x00000000080001d0                __subdf3
                0x00000000080001d0                __aeabi_dsub
                0x00000000080001d4                __aeabi_dadd
                0x00000000080001d4                __adddf3
                0x000000000800044c                __aeabi_ui2d
                0x000000000800044c                __floatunsidf
                0x000000000800046c                __floatsidf
                0x000000000800046c                __aeabi_i2d
                0x0000000008000490                __extendsfdf2
                0x0000000008000490                __aeabi_f2d
                0x00000000080004d4                __aeabi_ul2d
                0x00000000080004d4                __floatundidf
                0x00000000080004e4                __aeabi_l2d
                0x00000000080004e4                __floatdidf
 .text          0x0000000008000540      0x424 /Applications/STM32CubeIDE.app/Contents/Eclipse/plugins/com.st.stm32cube.ide.mcu.externaltools.gnu-tools-for-stm32.10.3-2021.10.macos64_1.0.0.202111181127/tools/bin/../lib/gcc/arm-none-eabi/10.3.1/thumb/v7e-m+fp/hard/libgcc.a(_arm_muldivdf3.o)
                0x0000000008000540                __aeabi_dmul
                0x0000000008000540                __muldf3
                0x0000000008000794                __aeabi_ddiv
                0x0000000008000794                __divdf3
 .text          0x0000000008000964      0x110 /Applications/STM32CubeIDE.app/Contents/Eclipse/plugins/com.st.stm32cube.ide.mcu.externaltools.gnu-tools-for-stm32.10.3-2021.10.macos64_1.0.0.202111181127/tools/bin/../lib/gcc/arm-none-eabi/10.3.1/thumb/v7e-m+fp/hard/libgcc.a(_arm_cmpdf2.o)
                0x0000000008000964                __gedf2
                0x0000000008000964                __gtdf2
                0x000000000800096c                __ledf2
                0x000000000800096c                __ltdf2
                0x0000000008000974                __cmpdf2
                0x0000000008000974                __eqdf2
                0x0000000008000974                __nedf2
                0x00000000080009f0                __aeabi_cdrcmple
                0x0000000008000a00                __aeabi_cdcmple
                0x0000000008000a00                __aeabi_cdcmpeq
                0x0000000008000a10                __aeabi_dcmpeq
                0x0000000008000a24                __aeabi_dcmplt
                0x0000000008000a38                __aeabi_dcmple
                0x0000000008000a4c                __aeabi_dcmpge
                0x0000000008000a60                __aeabi_dcmpgt
 .text          0x0000000008000a74       0x2c /Applications/STM32CubeIDE.app/Contents/Eclipse/plugins/com.st.stm32cube.ide.mcu.externaltools.gnu-tools-for-stm32.10.3-2021.10.macos64_1.0.0.202111181127/tools/bin/../lib/gcc/arm-none-eabi/10.3.1/thumb/v7e-m+fp/hard/libgcc.a(_arm_unorddf2.o)
                0x0000000008000a74                __aeabi_dcmpun
                0x0000000008000a74                __unorddf2
 .text          0x0000000008000aa0       0x50 /Applications/STM32CubeIDE.app/Contents/Eclipse/plugins/com.st.stm32cube.ide.mcu.externaltools.gnu-tools-for-stm32.10.3-2021.10.macos64_1.0.0.202111181127/tools/bin/../lib/gcc/arm-none-eabi/10.3.1/thumb/v7e-m+fp/hard/libgcc.a(_arm_fixdfsi.o)
                0x0000000008000aa0                __fixdfsi
                0x0000000008000aa0                __aeabi_d2iz
 .text          0x0000000008000af0       0x40 /Applications/STM32CubeIDE.app/Contents/Eclipse/plugins/com.st.stm32cube.ide.mcu.externaltools.gnu-tools-for-stm32.10.3-2021.10.macos64_1.0.0.202111181127/tools/bin/../lib/gcc/arm-none-eabi/10.3.1/thumb/v7e-m+fp/hard/libgcc.a(_arm_fixunsdfsi.o)
                0x0000000008000af0                __fixunsdfsi
                0x0000000008000af0                __aeabi_d2uiz
 .text          0x0000000008000b30       0xa0 /Applications/STM32CubeIDE.app/Contents/Eclipse/plugins/com.st.stm32cube.ide.mcu.externaltools.gnu-tools-for-stm32.10.3-2021.10.macos64_1.0.0.202111181127/tools/bin/../lib/gcc/arm-none-eabi/10.3.1/thumb/v7e-m+fp/hard/libgcc.a(_arm_truncdfsf2.o)
                0x0000000008000b30                __aeabi_d2f
                0x0000000008000b30                __truncdfsf2
 .text          0x0000000008000bd0       0x30 /Applications/STM32CubeIDE.app/Contents/Eclipse/plugins/com.st.stm32cube.ide.mcu.externaltools.gnu-tools-for-stm32.10.3-2021.10.macos64_1.0.0.202111181127/tools/bin/../lib/gcc/arm-none-eabi/10.3.1/thumb/v7e-m+fp/hard/libgcc.a(_aeabi_uldivmod.o)
                0x0000000008000bd0                __aeabi_uldivmod
 .text          0x0000000008000c00      0x2d0 /Applications/STM32CubeIDE.app/Contents/Eclipse/plugins/com.st.stm32cube.ide.mcu.externaltools.gnu-tools-for-stm32.10.3-2021.10.macos64_1.0.0.202111181127/tools/bin/../lib/gcc/arm-none-eabi/10.3.1/thumb/v7e-m+fp/hard/libgcc.a(_udivmoddi4.o)
                0x0000000008000c00                __udivmoddi4
 .text          0x0000000008000ed0        0x4 /Applications/STM32CubeIDE.app/Contents/Eclipse/plugins/com.st.stm32cube.ide.mcu.externaltools.gnu-tools-for-stm32.10.3-2021.10.macos64_1.0.0.202111181127/tools/bin/../lib/gcc/arm-none-eabi/10.3.1/thumb/v7e-m+fp/hard/libgcc.a(_dvmd_tls.o)
                0x0000000008000ed0                __aeabi_ldiv0
                0x0000000008000ed0                __aeabi_idiv0
 *(.text*)
 .text.MX_CAN1_Init
                0x0000000008000ed4       0x6c ./Core/Src/can.o
                0x0000000008000ed4                MX_CAN1_Init
 .text.MX_CAN2_Init
                0x0000000008000f40       0x6c ./Core/Src/can.o
                0x0000000008000f40                MX_CAN2_Init
 .text.HAL_CAN_MspInit
                0x0000000008000fac      0x144 ./Core/Src/can.o
                0x0000000008000fac                HAL_CAN_MspInit
 .text.can_init
                0x00000000080010f0       0x6c ./Core/Src/can.o
                0x00000000080010f0                can_init
 .text.HAL_CAN_RxFifo0MsgPendingCallback
                0x000000000800115c      0x140 ./Core/Src/can.o
                0x000000000800115c                HAL_CAN_RxFifo0MsgPendingCallback
 .text.can_transmit
                0x000000000800129c       0xae ./Core/Src/can.o
                0x000000000800129c                can_transmit
 *fill*         0x000000000800134a        0x2 
 .text.can_ctrl_loop
                0x000000000800134c       0xcc ./Core/Src/can.o
                0x000000000800134c                can_ctrl_loop
 .text.get_motor_feedback
                0x0000000008001418       0x34 ./Core/Src/can.o
                0x0000000008001418                get_motor_feedback
 .text.set_motor_current
                0x000000000800144c       0x4c ./Core/Src/can.o
                0x000000000800144c                set_motor_current
 .text.max      0x0000000008001498       0x4c ./Core/Src/can.o
                0x0000000008001498                max
 .text.min      0x00000000080014e4       0x4c ./Core/Src/can.o
                0x00000000080014e4                min
 .text.average  0x0000000008001530       0x50 ./Core/Src/can.o
                0x0000000008001530                average
 .text.General_PID
                0x0000000008001580       0xd2 ./Core/Src/can.o
                0x0000000008001580                General_PID
 *fill*         0x0000000008001652        0x2 
 .text.PID_variable_init
                0x0000000008001654       0x94 ./Core/Src/can.o
                0x0000000008001654                PID_variable_init
 .text.set_motor_speed
                0x00000000080016e8      0x16c ./Core/Src/can.o
                0x00000000080016e8                set_motor_speed
 .text.testing  0x0000000008001854       0x94 ./Core/Src/can.o
                0x0000000008001854                testing
 .text.averagespeed
                0x00000000080018e8       0x40 ./Core/Src/can.o
                0x00000000080018e8                averagespeed
 .text.MX_DMA_Init
                0x0000000008001928       0x40 ./Core/Src/dma.o
                0x0000000008001928                MX_DMA_Init
 .text.MX_GPIO_Init
                0x0000000008001968      0x1e0 ./Core/Src/gpio.o
                0x0000000008001968                MX_GPIO_Init
 .text.tft_char_is_changed
                0x0000000008001b48      0x114 ./Core/Src/lcd.o
 .text.itos     0x0000000008001c5c       0xac ./Core/Src/lcd.o
 .text.utos0    0x0000000008001d08       0xbc ./Core/Src/lcd.o
 .text.ftos     0x0000000008001dc4       0xd2 ./Core/Src/lcd.o
 .text.prints   0x0000000008001e96       0xf0 ./Core/Src/lcd.o
 .text.printi   0x0000000008001f86       0xee ./Core/Src/lcd.o
 .text.printf_  0x0000000008002074       0x4e ./Core/Src/lcd.o
 *fill*         0x00000000080020c2        0x2 
 .text.print    0x00000000080020c4      0x244 ./Core/Src/lcd.o
 .text.write_command
                0x0000000008002308       0x48 ./Core/Src/lcd.o
 .text.write_data
                0x0000000008002350       0x24 ./Core/Src/lcd.o
 .text.write_many
                0x0000000008002374       0x2a ./Core/Src/lcd.o
 *fill*         0x000000000800239e        0x2 
 .text.write_many_dma
                0x00000000080023a0       0x30 ./Core/Src/lcd.o
 .text.write_byte
                0x00000000080023d0       0x2a ./Core/Src/lcd.o
 .text.write_2hword
                0x00000000080023fa       0x4e ./Core/Src/lcd.o
 .text.tft_clear
                0x0000000008002448       0x78 ./Core/Src/lcd.o
 .text.tft_clear_full
                0x00000000080024c0       0xd8 ./Core/Src/lcd.o
 .text.tft_set_region
                0x0000000008002598       0x90 ./Core/Src/lcd.o
 .text.tft_init
                0x0000000008002628      0x200 ./Core/Src/lcd.o
                0x0000000008002628                tft_init
 .text.tft_set_bg_color
                0x0000000008002828       0x20 ./Core/Src/lcd.o
                0x0000000008002828                tft_set_bg_color
 .text.tft_set_highlight_color
                0x0000000008002848       0x20 ./Core/Src/lcd.o
                0x0000000008002848                tft_set_highlight_color
 .text.tft_set_text_color
                0x0000000008002868       0x20 ./Core/Src/lcd.o
                0x0000000008002868                tft_set_text_color
 .text.tft_set_special_color
                0x0000000008002888       0x20 ./Core/Src/lcd.o
                0x0000000008002888                tft_set_special_color
 .text.tft_force_clear
                0x00000000080028a8       0x58 ./Core/Src/lcd.o
                0x00000000080028a8                tft_force_clear
 .text.tft_print_colored
                0x0000000008002900      0x300 ./Core/Src/lcd.o
                0x0000000008002900                tft_print_colored
 .text.tft_printc
                0x0000000008002c00       0x38 ./Core/Src/lcd.o
                0x0000000008002c00                tft_printc
 .text.tft_prints
                0x0000000008002c38       0x5a ./Core/Src/lcd.o
                0x0000000008002c38                tft_prints
 *fill*         0x0000000008002c92        0x2 
 .text.tft_print_rectangle_dma
                0x0000000008002c94       0xfc ./Core/Src/lcd.o
                0x0000000008002c94                tft_print_rectangle_dma
 .text.tft_print_rectangle
                0x0000000008002d90      0x10a ./Core/Src/lcd.o
                0x0000000008002d90                tft_print_rectangle
 *fill*         0x0000000008002e9a        0x2 
 .text.tft_print_image
                0x0000000008002e9c       0x60 ./Core/Src/lcd.o
                0x0000000008002e9c                tft_print_image
 .text.tft_update
                0x0000000008002efc      0x2ac ./Core/Src/lcd.o
                0x0000000008002efc                tft_update
 .text.main     0x00000000080031a8      0x5d0 ./Core/Src/main.o
                0x00000000080031a8                main
 .text.SystemClock_Config
                0x0000000008003778       0xd4 ./Core/Src/main.o
                0x0000000008003778                SystemClock_Config
 .text.Error_Handler
                0x000000000800384c        0xa ./Core/Src/main.o
                0x000000000800384c                Error_Handler
 *fill*         0x0000000008003856        0x2 
 .text.MX_SPI1_Init
                0x0000000008003858       0x6c ./Core/Src/spi.o
                0x0000000008003858                MX_SPI1_Init
 .text.HAL_SPI_MspInit
                0x00000000080038c4      0x118 ./Core/Src/spi.o
                0x00000000080038c4                HAL_SPI_MspInit
 .text.HAL_MspInit
                0x00000000080039dc       0x50 ./Core/Src/stm32f4xx_hal_msp.o
                0x00000000080039dc                HAL_MspInit
 .text.NMI_Handler
                0x0000000008003a2c        0x6 ./Core/Src/stm32f4xx_it.o
                0x0000000008003a2c                NMI_Handler
 .text.HardFault_Handler
                0x0000000008003a32        0x6 ./Core/Src/stm32f4xx_it.o
                0x0000000008003a32                HardFault_Handler
 .text.MemManage_Handler
                0x0000000008003a38        0x6 ./Core/Src/stm32f4xx_it.o
                0x0000000008003a38                MemManage_Handler
 .text.BusFault_Handler
                0x0000000008003a3e        0x6 ./Core/Src/stm32f4xx_it.o
                0x0000000008003a3e                BusFault_Handler
 .text.UsageFault_Handler
                0x0000000008003a44        0x6 ./Core/Src/stm32f4xx_it.o
                0x0000000008003a44                UsageFault_Handler
 .text.SVC_Handler
                0x0000000008003a4a        0xe ./Core/Src/stm32f4xx_it.o
                0x0000000008003a4a                SVC_Handler
 .text.DebugMon_Handler
                0x0000000008003a58        0xe ./Core/Src/stm32f4xx_it.o
                0x0000000008003a58                DebugMon_Handler
 .text.PendSV_Handler
                0x0000000008003a66        0xe ./Core/Src/stm32f4xx_it.o
                0x0000000008003a66                PendSV_Handler
 .text.SysTick_Handler
                0x0000000008003a74        0xc ./Core/Src/stm32f4xx_it.o
                0x0000000008003a74                SysTick_Handler
 .text.SPI1_IRQHandler
                0x0000000008003a80       0x14 ./Core/Src/stm32f4xx_it.o
                0x0000000008003a80                SPI1_IRQHandler
 .text.USART1_IRQHandler
                0x0000000008003a94       0x14 ./Core/Src/stm32f4xx_it.o
                0x0000000008003a94                USART1_IRQHandler
 .text.USART2_IRQHandler
                0x0000000008003aa8       0x14 ./Core/Src/stm32f4xx_it.o
                0x0000000008003aa8                USART2_IRQHandler
 .text.EXTI15_10_IRQHandler
                0x0000000008003abc       0x10 ./Core/Src/stm32f4xx_it.o
                0x0000000008003abc                EXTI15_10_IRQHandler
 .text.TIM5_IRQHandler
                0x0000000008003acc       0x14 ./Core/Src/stm32f4xx_it.o
                0x0000000008003acc                TIM5_IRQHandler
 .text.DMA2_Stream3_IRQHandler
                0x0000000008003ae0       0x14 ./Core/Src/stm32f4xx_it.o
                0x0000000008003ae0                DMA2_Stream3_IRQHandler
 .text.SystemInit
                0x0000000008003af4       0x24 ./Core/Src/system_stm32f4xx.o
                0x0000000008003af4                SystemInit
 .text.MX_TIM5_Init
                0x0000000008003b18       0xec ./Core/Src/tim.o
                0x0000000008003b18                MX_TIM5_Init
 .text.HAL_TIM_Base_MspInit
                0x0000000008003c04       0x50 ./Core/Src/tim.o
                0x0000000008003c04                HAL_TIM_Base_MspInit
 .text.HAL_TIM_MspPostInit
                0x0000000008003c54       0x74 ./Core/Src/tim.o
                0x0000000008003c54                HAL_TIM_MspPostInit
 .text.pwm_init
                0x0000000008003cc8       0x30 ./Core/Src/tutorial3_pwm.o
                0x0000000008003cc8                pwm_init
 .text.MX_USART1_UART_Init
                0x0000000008003cf8       0x54 ./Core/Src/usart.o
                0x0000000008003cf8                MX_USART1_UART_Init
 .text.MX_USART2_UART_Init
                0x0000000008003d4c       0x54 ./Core/Src/usart.o
                0x0000000008003d4c                MX_USART2_UART_Init
 .text.HAL_UART_MspInit
                0x0000000008003da0      0x118 ./Core/Src/usart.o
                0x0000000008003da0                HAL_UART_MspInit
 .text.Reset_dat_init
                0x0000000008003eb8       0x34 ./Core/Src/usart.o
                0x0000000008003eb8                Reset_dat_init
 .text.HAL_UART_RxCpltCallback
                0x0000000008003eec      0x290 ./Core/Src/usart.o
                0x0000000008003eec                HAL_UART_RxCpltCallback
 .text.ReceiveData
                0x000000000800417c       0x2c ./Core/Src/usart.o
                0x000000000800417c                ReceiveData
 .text.SendData
                0x00000000080041a8      0x23c ./Core/Src/usart.o
                0x00000000080041a8                SendData
 .text.Reset_Handler
                0x00000000080043e4       0x50 ./Core/Startup/startup_stm32f405rgtx.o
                0x00000000080043e4                Reset_Handler
 .text.Default_Handler
                0x0000000008004434        0x2 ./Core/Startup/startup_stm32f405rgtx.o
                0x0000000008004434                DMA1_Stream3_IRQHandler
                0x0000000008004434                HASH_RNG_IRQHandler
                0x0000000008004434                EXTI2_IRQHandler
                0x0000000008004434                TIM8_CC_IRQHandler
                0x0000000008004434                TIM1_CC_IRQHandler
                0x0000000008004434                DMA2_Stream5_IRQHandler
                0x0000000008004434                DMA1_Stream5_IRQHandler
                0x0000000008004434                PVD_IRQHandler
                0x0000000008004434                SDIO_IRQHandler
                0x0000000008004434                TAMP_STAMP_IRQHandler
                0x0000000008004434                CAN2_RX1_IRQHandler
                0x0000000008004434                EXTI3_IRQHandler
                0x0000000008004434                TIM8_TRG_COM_TIM14_IRQHandler
                0x0000000008004434                TIM1_UP_TIM10_IRQHandler
                0x0000000008004434                TIM8_UP_TIM13_IRQHandler
                0x0000000008004434                I2C3_ER_IRQHandler
                0x0000000008004434                EXTI0_IRQHandler
                0x0000000008004434                I2C2_EV_IRQHandler
                0x0000000008004434                DMA1_Stream2_IRQHandler
                0x0000000008004434                CAN1_RX0_IRQHandler
                0x0000000008004434                FPU_IRQHandler
                0x0000000008004434                OTG_HS_WKUP_IRQHandler
                0x0000000008004434                CAN2_SCE_IRQHandler
                0x0000000008004434                DMA2_Stream2_IRQHandler
                0x0000000008004434                TIM6_DAC_IRQHandler
                0x0000000008004434                TIM1_BRK_TIM9_IRQHandler
                0x0000000008004434                CAN2_RX0_IRQHandler
                0x0000000008004434                USART6_IRQHandler
                0x0000000008004434                USART3_IRQHandler
                0x0000000008004434                CAN1_RX1_IRQHandler
                0x0000000008004434                UART5_IRQHandler
                0x0000000008004434                DMA2_Stream0_IRQHandler
                0x0000000008004434                TIM4_IRQHandler
                0x0000000008004434                I2C1_EV_IRQHandler
                0x0000000008004434                DMA1_Stream6_IRQHandler
                0x0000000008004434                DMA1_Stream1_IRQHandler
                0x0000000008004434                UART4_IRQHandler
                0x0000000008004434                TIM3_IRQHandler
                0x0000000008004434                RCC_IRQHandler
                0x0000000008004434                TIM8_BRK_TIM12_IRQHandler
                0x0000000008004434                Default_Handler
                0x0000000008004434                ADC_IRQHandler
                0x0000000008004434                DMA1_Stream7_IRQHandler
                0x0000000008004434                TIM7_IRQHandler
                0x0000000008004434                CAN2_TX_IRQHandler
                0x0000000008004434                DMA2_Stream7_IRQHandler
                0x0000000008004434                I2C3_EV_IRQHandler
                0x0000000008004434                EXTI9_5_IRQHandler
                0x0000000008004434                RTC_WKUP_IRQHandler
                0x0000000008004434                SPI2_IRQHandler
                0x0000000008004434                OTG_HS_EP1_IN_IRQHandler
                0x0000000008004434                DMA1_Stream0_IRQHandler
                0x0000000008004434                CAN1_TX_IRQHandler
                0x0000000008004434                EXTI4_IRQHandler
                0x0000000008004434                FSMC_IRQHandler
                0x0000000008004434                OTG_HS_EP1_OUT_IRQHandler
                0x0000000008004434                WWDG_IRQHandler
                0x0000000008004434                TIM2_IRQHandler
                0x0000000008004434                OTG_FS_WKUP_IRQHandler
                0x0000000008004434                TIM1_TRG_COM_TIM11_IRQHandler
                0x0000000008004434                OTG_HS_IRQHandler
                0x0000000008004434                EXTI1_IRQHandler
                0x0000000008004434                I2C2_ER_IRQHandler
                0x0000000008004434                DMA2_Stream1_IRQHandler
                0x0000000008004434                CAN1_SCE_IRQHandler
                0x0000000008004434                FLASH_IRQHandler
                0x0000000008004434                DMA2_Stream4_IRQHandler
                0x0000000008004434                OTG_FS_IRQHandler
                0x0000000008004434                SPI3_IRQHandler
                0x0000000008004434                DMA1_Stream4_IRQHandler
                0x0000000008004434                I2C1_ER_IRQHandler
                0x0000000008004434                DMA2_Stream6_IRQHandler
                0x0000000008004434                RTC_Alarm_IRQHandler
 *fill*         0x0000000008004436        0x2 
 .text.HAL_Init
                0x0000000008004438       0x44 ./Drivers/STM32F4xx_HAL_Driver/Src/stm32f4xx_hal.o
                0x0000000008004438                HAL_Init
 .text.HAL_InitTick
                0x000000000800447c       0x60 ./Drivers/STM32F4xx_HAL_Driver/Src/stm32f4xx_hal.o
                0x000000000800447c                HAL_InitTick
 .text.HAL_IncTick
                0x00000000080044dc       0x28 ./Drivers/STM32F4xx_HAL_Driver/Src/stm32f4xx_hal.o
                0x00000000080044dc                HAL_IncTick
 .text.HAL_GetTick
                0x0000000008004504       0x18 ./Drivers/STM32F4xx_HAL_Driver/Src/stm32f4xx_hal.o
                0x0000000008004504                HAL_GetTick
 .text.HAL_Delay
                0x000000000800451c       0x48 ./Drivers/STM32F4xx_HAL_Driver/Src/stm32f4xx_hal.o
                0x000000000800451c                HAL_Delay
 .text.HAL_CAN_Init
                0x0000000008004564      0x1f6 ./Drivers/STM32F4xx_HAL_Driver/Src/stm32f4xx_hal_can.o
                0x0000000008004564                HAL_CAN_Init
 *fill*         0x000000000800475a        0x2 
 .text.HAL_CAN_ConfigFilter
                0x000000000800475c      0x1c0 ./Drivers/STM32F4xx_HAL_Driver/Src/stm32f4xx_hal_can.o
                0x000000000800475c                HAL_CAN_ConfigFilter
 .text.HAL_CAN_Start
                0x000000000800491c       0x88 ./Drivers/STM32F4xx_HAL_Driver/Src/stm32f4xx_hal_can.o
                0x000000000800491c                HAL_CAN_Start
 .text.HAL_CAN_AddTxMessage
                0x00000000080049a4      0x1b6 ./Drivers/STM32F4xx_HAL_Driver/Src/stm32f4xx_hal_can.o
                0x00000000080049a4                HAL_CAN_AddTxMessage
 .text.HAL_CAN_IsTxMessagePending
                0x0000000008004b5a       0x48 ./Drivers/STM32F4xx_HAL_Driver/Src/stm32f4xx_hal_can.o
                0x0000000008004b5a                HAL_CAN_IsTxMessagePending
 .text.HAL_CAN_GetRxMessage
                0x0000000008004ba2      0x224 ./Drivers/STM32F4xx_HAL_Driver/Src/stm32f4xx_hal_can.o
                0x0000000008004ba2                HAL_CAN_GetRxMessage
 .text.HAL_CAN_ActivateNotification
                0x0000000008004dc6       0x4c ./Drivers/STM32F4xx_HAL_Driver/Src/stm32f4xx_hal_can.o
                0x0000000008004dc6                HAL_CAN_ActivateNotification
 *fill*         0x0000000008004e12        0x2 
 .text.__NVIC_SetPriorityGrouping
                0x0000000008004e14       0x48 ./Drivers/STM32F4xx_HAL_Driver/Src/stm32f4xx_hal_cortex.o
 .text.__NVIC_GetPriorityGrouping
                0x0000000008004e5c       0x1c ./Drivers/STM32F4xx_HAL_Driver/Src/stm32f4xx_hal_cortex.o
 .text.__NVIC_EnableIRQ
                0x0000000008004e78       0x3c ./Drivers/STM32F4xx_HAL_Driver/Src/stm32f4xx_hal_cortex.o
 .text.__NVIC_SetPriority
                0x0000000008004eb4       0x54 ./Drivers/STM32F4xx_HAL_Driver/Src/stm32f4xx_hal_cortex.o
 .text.NVIC_EncodePriority
                0x0000000008004f08       0x66 ./Drivers/STM32F4xx_HAL_Driver/Src/stm32f4xx_hal_cortex.o
 *fill*         0x0000000008004f6e        0x2 
 .text.SysTick_Config
                0x0000000008004f70       0x44 ./Drivers/STM32F4xx_HAL_Driver/Src/stm32f4xx_hal_cortex.o
 .text.HAL_NVIC_SetPriorityGrouping
                0x0000000008004fb4       0x16 ./Drivers/STM32F4xx_HAL_Driver/Src/stm32f4xx_hal_cortex.o
                0x0000000008004fb4                HAL_NVIC_SetPriorityGrouping
 .text.HAL_NVIC_SetPriority
                0x0000000008004fca       0x38 ./Drivers/STM32F4xx_HAL_Driver/Src/stm32f4xx_hal_cortex.o
                0x0000000008004fca                HAL_NVIC_SetPriority
 .text.HAL_NVIC_EnableIRQ
                0x0000000008005002       0x1c ./Drivers/STM32F4xx_HAL_Driver/Src/stm32f4xx_hal_cortex.o
                0x0000000008005002                HAL_NVIC_EnableIRQ
 .text.HAL_SYSTICK_Config
                0x000000000800501e       0x18 ./Drivers/STM32F4xx_HAL_Driver/Src/stm32f4xx_hal_cortex.o
                0x000000000800501e                HAL_SYSTICK_Config
 *fill*         0x0000000008005036        0x2 
 .text.HAL_DMA_Init
                0x0000000008005038      0x15c ./Drivers/STM32F4xx_HAL_Driver/Src/stm32f4xx_hal_dma.o
                0x0000000008005038                HAL_DMA_Init
 .text.HAL_DMA_Start_IT
                0x0000000008005194       0xb0 ./Drivers/STM32F4xx_HAL_Driver/Src/stm32f4xx_hal_dma.o
                0x0000000008005194                HAL_DMA_Start_IT
 .text.HAL_DMA_Abort
                0x0000000008005244       0xe0 ./Drivers/STM32F4xx_HAL_Driver/Src/stm32f4xx_hal_dma.o
                0x0000000008005244                HAL_DMA_Abort
 .text.HAL_DMA_Abort_IT
                0x0000000008005324       0x44 ./Drivers/STM32F4xx_HAL_Driver/Src/stm32f4xx_hal_dma.o
                0x0000000008005324                HAL_DMA_Abort_IT
 .text.HAL_DMA_IRQHandler
                0x0000000008005368      0x314 ./Drivers/STM32F4xx_HAL_Driver/Src/stm32f4xx_hal_dma.o
                0x0000000008005368                HAL_DMA_IRQHandler
 .text.DMA_SetConfig
                0x000000000800567c       0x5c ./Drivers/STM32F4xx_HAL_Driver/Src/stm32f4xx_hal_dma.o
 .text.DMA_CalcBaseAndBitshift
                0x00000000080056d8       0x6c ./Drivers/STM32F4xx_HAL_Driver/Src/stm32f4xx_hal_dma.o
 .text.DMA_CheckFifoParam
                0x0000000008005744       0xf8 ./Drivers/STM32F4xx_HAL_Driver/Src/stm32f4xx_hal_dma.o
 .text.HAL_GPIO_Init
                0x000000000800583c      0x338 ./Drivers/STM32F4xx_HAL_Driver/Src/stm32f4xx_hal_gpio.o
                0x000000000800583c                HAL_GPIO_Init
 .text.HAL_GPIO_ReadPin
                0x0000000008005b74       0x30 ./Drivers/STM32F4xx_HAL_Driver/Src/stm32f4xx_hal_gpio.o
                0x0000000008005b74                HAL_GPIO_ReadPin
 .text.HAL_GPIO_WritePin
                0x0000000008005ba4       0x32 ./Drivers/STM32F4xx_HAL_Driver/Src/stm32f4xx_hal_gpio.o
                0x0000000008005ba4                HAL_GPIO_WritePin
 .text.HAL_GPIO_TogglePin
                0x0000000008005bd6       0x34 ./Drivers/STM32F4xx_HAL_Driver/Src/stm32f4xx_hal_gpio.o
                0x0000000008005bd6                HAL_GPIO_TogglePin
 *fill*         0x0000000008005c0a        0x2 
 .text.HAL_GPIO_EXTI_IRQHandler
                0x0000000008005c0c       0x30 ./Drivers/STM32F4xx_HAL_Driver/Src/stm32f4xx_hal_gpio.o
                0x0000000008005c0c                HAL_GPIO_EXTI_IRQHandler
 .text.HAL_GPIO_EXTI_Callback
                0x0000000008005c3c       0x16 ./Drivers/STM32F4xx_HAL_Driver/Src/stm32f4xx_hal_gpio.o
                0x0000000008005c3c                HAL_GPIO_EXTI_Callback
 *fill*         0x0000000008005c52        0x2 
 .text.HAL_RCC_OscConfig
                0x0000000008005c54      0x4f0 ./Drivers/STM32F4xx_HAL_Driver/Src/stm32f4xx_hal_rcc.o
                0x0000000008005c54                HAL_RCC_OscConfig
 .text.HAL_RCC_ClockConfig
                0x0000000008006144      0x1cc ./Drivers/STM32F4xx_HAL_Driver/Src/stm32f4xx_hal_rcc.o
                0x0000000008006144                HAL_RCC_ClockConfig
 .text.HAL_RCC_GetSysClockFreq
                0x0000000008006310      0x20c ./Drivers/STM32F4xx_HAL_Driver/Src/stm32f4xx_hal_rcc.o
                0x0000000008006310                HAL_RCC_GetSysClockFreq
 .text.HAL_RCC_GetHCLKFreq
                0x000000000800651c       0x18 ./Drivers/STM32F4xx_HAL_Driver/Src/stm32f4xx_hal_rcc.o
                0x000000000800651c                HAL_RCC_GetHCLKFreq
 .text.HAL_RCC_GetPCLK1Freq
                0x0000000008006534       0x28 ./Drivers/STM32F4xx_HAL_Driver/Src/stm32f4xx_hal_rcc.o
                0x0000000008006534                HAL_RCC_GetPCLK1Freq
 .text.HAL_RCC_GetPCLK2Freq
                0x000000000800655c       0x28 ./Drivers/STM32F4xx_HAL_Driver/Src/stm32f4xx_hal_rcc.o
                0x000000000800655c                HAL_RCC_GetPCLK2Freq
 .text.HAL_SPI_Init
                0x0000000008006584      0x112 ./Drivers/STM32F4xx_HAL_Driver/Src/stm32f4xx_hal_spi.o
                0x0000000008006584                HAL_SPI_Init
 .text.HAL_SPI_Transmit
                0x0000000008006696      0x278 ./Drivers/STM32F4xx_HAL_Driver/Src/stm32f4xx_hal_spi.o
                0x0000000008006696                HAL_SPI_Transmit
 *fill*         0x000000000800690e        0x2 
 .text.HAL_SPI_Transmit_DMA
                0x0000000008006910      0x16c ./Drivers/STM32F4xx_HAL_Driver/Src/stm32f4xx_hal_spi.o
                0x0000000008006910                HAL_SPI_Transmit_DMA
 .text.HAL_SPI_IRQHandler
                0x0000000008006a7c      0x200 ./Drivers/STM32F4xx_HAL_Driver/Src/stm32f4xx_hal_spi.o
                0x0000000008006a7c                HAL_SPI_IRQHandler
 .text.HAL_SPI_TxCpltCallback
                0x0000000008006c7c       0x14 ./Drivers/STM32F4xx_HAL_Driver/Src/stm32f4xx_hal_spi.o
                0x0000000008006c7c                HAL_SPI_TxCpltCallback
 .text.HAL_SPI_TxHalfCpltCallback
                0x0000000008006c90       0x14 ./Drivers/STM32F4xx_HAL_Driver/Src/stm32f4xx_hal_spi.o
                0x0000000008006c90                HAL_SPI_TxHalfCpltCallback
 .text.HAL_SPI_ErrorCallback
                0x0000000008006ca4       0x14 ./Drivers/STM32F4xx_HAL_Driver/Src/stm32f4xx_hal_spi.o
                0x0000000008006ca4                HAL_SPI_ErrorCallback
 .text.HAL_SPI_GetState
                0x0000000008006cb8       0x1c ./Drivers/STM32F4xx_HAL_Driver/Src/stm32f4xx_hal_spi.o
                0x0000000008006cb8                HAL_SPI_GetState
 .text.SPI_DMATransmitCplt
                0x0000000008006cd4       0xa8 ./Drivers/STM32F4xx_HAL_Driver/Src/stm32f4xx_hal_spi.o
 .text.SPI_DMAHalfTransmitCplt
                0x0000000008006d7c       0x1c ./Drivers/STM32F4xx_HAL_Driver/Src/stm32f4xx_hal_spi.o
 .text.SPI_DMAError
                0x0000000008006d98       0x40 ./Drivers/STM32F4xx_HAL_Driver/Src/stm32f4xx_hal_spi.o
 .text.SPI_DMAAbortOnError
                0x0000000008006dd8       0x28 ./Drivers/STM32F4xx_HAL_Driver/Src/stm32f4xx_hal_spi.o
 .text.SPI_WaitFlagStateUntilTimeout
                0x0000000008006e00      0x110 ./Drivers/STM32F4xx_HAL_Driver/Src/stm32f4xx_hal_spi.o
 .text.SPI_EndRxTxTransaction
                0x0000000008006f10       0x84 ./Drivers/STM32F4xx_HAL_Driver/Src/stm32f4xx_hal_spi.o
 .text.HAL_TIM_Base_Init
                0x0000000008006f94       0x9e ./Drivers/STM32F4xx_HAL_Driver/Src/stm32f4xx_hal_tim.o
                0x0000000008006f94                HAL_TIM_Base_Init
 .text.HAL_TIM_PWM_Init
                0x0000000008007032       0x9e ./Drivers/STM32F4xx_HAL_Driver/Src/stm32f4xx_hal_tim.o
                0x0000000008007032                HAL_TIM_PWM_Init
 .text.HAL_TIM_PWM_MspInit
                0x00000000080070d0       0x14 ./Drivers/STM32F4xx_HAL_Driver/Src/stm32f4xx_hal_tim.o
                0x00000000080070d0                HAL_TIM_PWM_MspInit
 .text.HAL_TIM_PWM_Start
                0x00000000080070e4      0x190 ./Drivers/STM32F4xx_HAL_Driver/Src/stm32f4xx_hal_tim.o
                0x00000000080070e4                HAL_TIM_PWM_Start
 .text.HAL_TIM_IRQHandler
                0x0000000008007274      0x210 ./Drivers/STM32F4xx_HAL_Driver/Src/stm32f4xx_hal_tim.o
                0x0000000008007274                HAL_TIM_IRQHandler
 .text.HAL_TIM_PWM_ConfigChannel
                0x0000000008007484      0x184 ./Drivers/STM32F4xx_HAL_Driver/Src/stm32f4xx_hal_tim.o
                0x0000000008007484                HAL_TIM_PWM_ConfigChannel
 .text.HAL_TIM_ConfigClockSource
                0x0000000008007608      0x18e ./Drivers/STM32F4xx_HAL_Driver/Src/stm32f4xx_hal_tim.o
                0x0000000008007608                HAL_TIM_ConfigClockSource
 .text.HAL_TIM_PeriodElapsedCallback
                0x0000000008007796       0x14 ./Drivers/STM32F4xx_HAL_Driver/Src/stm32f4xx_hal_tim.o
                0x0000000008007796                HAL_TIM_PeriodElapsedCallback
 .text.HAL_TIM_OC_DelayElapsedCallback
                0x00000000080077aa       0x14 ./Drivers/STM32F4xx_HAL_Driver/Src/stm32f4xx_hal_tim.o
                0x00000000080077aa                HAL_TIM_OC_DelayElapsedCallback
 .text.HAL_TIM_IC_CaptureCallback
                0x00000000080077be       0x14 ./Drivers/STM32F4xx_HAL_Driver/Src/stm32f4xx_hal_tim.o
                0x00000000080077be                HAL_TIM_IC_CaptureCallback
 .text.HAL_TIM_PWM_PulseFinishedCallback
                0x00000000080077d2       0x14 ./Drivers/STM32F4xx_HAL_Driver/Src/stm32f4xx_hal_tim.o
                0x00000000080077d2                HAL_TIM_PWM_PulseFinishedCallback
 .text.HAL_TIM_TriggerCallback
                0x00000000080077e6       0x14 ./Drivers/STM32F4xx_HAL_Driver/Src/stm32f4xx_hal_tim.o
                0x00000000080077e6                HAL_TIM_TriggerCallback
 *fill*         0x00000000080077fa        0x2 
 .text.TIM_Base_SetConfig
                0x00000000080077fc      0x140 ./Drivers/STM32F4xx_HAL_Driver/Src/stm32f4xx_hal_tim.o
                0x00000000080077fc                TIM_Base_SetConfig
 .text.TIM_OC1_SetConfig
                0x000000000800793c       0xe0 ./Drivers/STM32F4xx_HAL_Driver/Src/stm32f4xx_hal_tim.o
 .text.TIM_OC2_SetConfig
                0x0000000008007a1c       0xec ./Drivers/STM32F4xx_HAL_Driver/Src/stm32f4xx_hal_tim.o
                0x0000000008007a1c                TIM_OC2_SetConfig
 .text.TIM_OC3_SetConfig
                0x0000000008007b08       0xe8 ./Drivers/STM32F4xx_HAL_Driver/Src/stm32f4xx_hal_tim.o
 .text.TIM_OC4_SetConfig
                0x0000000008007bf0       0xac ./Drivers/STM32F4xx_HAL_Driver/Src/stm32f4xx_hal_tim.o
 .text.TIM_TI1_ConfigInputStage
                0x0000000008007c9c       0x5e ./Drivers/STM32F4xx_HAL_Driver/Src/stm32f4xx_hal_tim.o
 .text.TIM_TI2_ConfigInputStage
                0x0000000008007cfa       0x60 ./Drivers/STM32F4xx_HAL_Driver/Src/stm32f4xx_hal_tim.o
 .text.TIM_ITRx_SetConfig
                0x0000000008007d5a       0x36 ./Drivers/STM32F4xx_HAL_Driver/Src/stm32f4xx_hal_tim.o
 .text.TIM_ETR_SetConfig
                0x0000000008007d90       0x40 ./Drivers/STM32F4xx_HAL_Driver/Src/stm32f4xx_hal_tim.o
                0x0000000008007d90                TIM_ETR_SetConfig
 .text.TIM_CCxChannelCmd
                0x0000000008007dd0       0x4a ./Drivers/STM32F4xx_HAL_Driver/Src/stm32f4xx_hal_tim.o
                0x0000000008007dd0                TIM_CCxChannelCmd
 *fill*         0x0000000008007e1a        0x2 
 .text.HAL_TIMEx_MasterConfigSynchronization
                0x0000000008007e1c       0xf8 ./Drivers/STM32F4xx_HAL_Driver/Src/stm32f4xx_hal_tim_ex.o
                0x0000000008007e1c                HAL_TIMEx_MasterConfigSynchronization
 .text.HAL_TIMEx_CommutCallback
                0x0000000008007f14       0x14 ./Drivers/STM32F4xx_HAL_Driver/Src/stm32f4xx_hal_tim_ex.o
                0x0000000008007f14                HAL_TIMEx_CommutCallback
 .text.HAL_TIMEx_BreakCallback
                0x0000000008007f28       0x14 ./Drivers/STM32F4xx_HAL_Driver/Src/stm32f4xx_hal_tim_ex.o
                0x0000000008007f28                HAL_TIMEx_BreakCallback
 .text.HAL_UART_Init
                0x0000000008007f3c       0x9a ./Drivers/STM32F4xx_HAL_Driver/Src/stm32f4xx_hal_uart.o
                0x0000000008007f3c                HAL_UART_Init
 .text.HAL_UART_Transmit_IT
                0x0000000008007fd6       0x8a ./Drivers/STM32F4xx_HAL_Driver/Src/stm32f4xx_hal_uart.o
                0x0000000008007fd6                HAL_UART_Transmit_IT
 .text.HAL_UART_Receive_IT
                0x0000000008008060       0x60 ./Drivers/STM32F4xx_HAL_Driver/Src/stm32f4xx_hal_uart.o
                0x0000000008008060                HAL_UART_Receive_IT
 .text.HAL_UART_IRQHandler
                0x00000000080080c0      0x51c ./Drivers/STM32F4xx_HAL_Driver/Src/stm32f4xx_hal_uart.o
                0x00000000080080c0                HAL_UART_IRQHandler
 .text.HAL_UART_TxCpltCallback
                0x00000000080085dc       0x14 ./Drivers/STM32F4xx_HAL_Driver/Src/stm32f4xx_hal_uart.o
                0x00000000080085dc                HAL_UART_TxCpltCallback
 .text.HAL_UART_ErrorCallback
                0x00000000080085f0       0x14 ./Drivers/STM32F4xx_HAL_Driver/Src/stm32f4xx_hal_uart.o
                0x00000000080085f0                HAL_UART_ErrorCallback
 .text.HAL_UARTEx_RxEventCallback
                0x0000000008008604       0x18 ./Drivers/STM32F4xx_HAL_Driver/Src/stm32f4xx_hal_uart.o
                0x0000000008008604                HAL_UARTEx_RxEventCallback
 .text.UART_Start_Receive_IT
                0x000000000800861c       0x7c ./Drivers/STM32F4xx_HAL_Driver/Src/stm32f4xx_hal_uart.o
                0x000000000800861c                UART_Start_Receive_IT
 .text.UART_EndRxTransfer
                0x0000000008008698       0xc6 ./Drivers/STM32F4xx_HAL_Driver/Src/stm32f4xx_hal_uart.o
 .text.UART_DMAAbortOnError
                0x000000000800875e       0x28 ./Drivers/STM32F4xx_HAL_Driver/Src/stm32f4xx_hal_uart.o
 .text.UART_Transmit_IT
                0x0000000008008786       0xa0 ./Drivers/STM32F4xx_HAL_Driver/Src/stm32f4xx_hal_uart.o
 .text.UART_EndTransmit_IT
                0x0000000008008826       0x30 ./Drivers/STM32F4xx_HAL_Driver/Src/stm32f4xx_hal_uart.o
 .text.UART_Receive_IT
                0x0000000008008856      0x176 ./Drivers/STM32F4xx_HAL_Driver/Src/stm32f4xx_hal_uart.o
 .text.UART_SetConfig
                0x00000000080089cc      0x4e8 ./Drivers/STM32F4xx_HAL_Driver/Src/stm32f4xx_hal_uart.o
 .text.__errno  0x0000000008008eb4        0xc /Applications/STM32CubeIDE.app/Contents/Eclipse/plugins/com.st.stm32cube.ide.mcu.externaltools.gnu-tools-for-stm32.10.3-2021.10.macos64_1.0.0.202111181127/tools/bin/../lib/gcc/arm-none-eabi/10.3.1/../../../../arm-none-eabi/lib/thumb/v7e-m+fp/hard/libc_nano.a(lib_a-errno.o)
                0x0000000008008eb4                __errno
 .text.__libc_init_array
                0x0000000008008ec0       0x48 /Applications/STM32CubeIDE.app/Contents/Eclipse/plugins/com.st.stm32cube.ide.mcu.externaltools.gnu-tools-for-stm32.10.3-2021.10.macos64_1.0.0.202111181127/tools/bin/../lib/gcc/arm-none-eabi/10.3.1/../../../../arm-none-eabi/lib/thumb/v7e-m+fp/hard/libc_nano.a(lib_a-init.o)
                0x0000000008008ec0                __libc_init_array
 .text.memcpy   0x0000000008008f08       0x1c /Applications/STM32CubeIDE.app/Contents/Eclipse/plugins/com.st.stm32cube.ide.mcu.externaltools.gnu-tools-for-stm32.10.3-2021.10.macos64_1.0.0.202111181127/tools/bin/../lib/gcc/arm-none-eabi/10.3.1/../../../../arm-none-eabi/lib/thumb/v7e-m+fp/hard/libc_nano.a(lib_a-memcpy-stub.o)
                0x0000000008008f08                memcpy
 .text.memset   0x0000000008008f24       0x10 /Applications/STM32CubeIDE.app/Contents/Eclipse/plugins/com.st.stm32cube.ide.mcu.externaltools.gnu-tools-for-stm32.10.3-2021.10.macos64_1.0.0.202111181127/tools/bin/../lib/gcc/arm-none-eabi/10.3.1/../../../../arm-none-eabi/lib/thumb/v7e-m+fp/hard/libc_nano.a(lib_a-memset.o)
                0x0000000008008f24                memset
 .text.sqrt     0x0000000008008f34       0x58 /Applications/STM32CubeIDE.app/Contents/Eclipse/plugins/com.st.stm32cube.ide.mcu.externaltools.gnu-tools-for-stm32.10.3-2021.10.macos64_1.0.0.202111181127/tools/bin/../lib/gcc/arm-none-eabi/10.3.1/../../../../arm-none-eabi/lib/thumb/v7e-m+fp/hard/libm.a(lib_a-w_sqrt.o)
                0x0000000008008f34                sqrt
 .text.__ieee754_sqrt
                0x0000000008008f8c      0x164 /Applications/STM32CubeIDE.app/Contents/Eclipse/plugins/com.st.stm32cube.ide.mcu.externaltools.gnu-tools-for-stm32.10.3-2021.10.macos64_1.0.0.202111181127/tools/bin/../lib/gcc/arm-none-eabi/10.3.1/../../../../arm-none-eabi/lib/thumb/v7e-m+fp/hard/libm.a(lib_a-e_sqrt.o)
                0x0000000008008f8c                __ieee754_sqrt
 *(.glue_7)
 .glue_7        0x00000000080090f0        0x0 linker stubs
 *(.glue_7t)
 .glue_7t       0x00000000080090f0        0x0 linker stubs
 *(.eh_frame)
 .eh_frame      0x00000000080090f0        0x0 /Applications/STM32CubeIDE.app/Contents/Eclipse/plugins/com.st.stm32cube.ide.mcu.externaltools.gnu-tools-for-stm32.10.3-2021.10.macos64_1.0.0.202111181127/tools/bin/../lib/gcc/arm-none-eabi/10.3.1/thumb/v7e-m+fp/hard/crtbegin.o
 *(.init)
 .init          0x00000000080090f0        0x4 /Applications/STM32CubeIDE.app/Contents/Eclipse/plugins/com.st.stm32cube.ide.mcu.externaltools.gnu-tools-for-stm32.10.3-2021.10.macos64_1.0.0.202111181127/tools/bin/../lib/gcc/arm-none-eabi/10.3.1/thumb/v7e-m+fp/hard/crti.o
                0x00000000080090f0                _init
 .init          0x00000000080090f4        0x8 /Applications/STM32CubeIDE.app/Contents/Eclipse/plugins/com.st.stm32cube.ide.mcu.externaltools.gnu-tools-for-stm32.10.3-2021.10.macos64_1.0.0.202111181127/tools/bin/../lib/gcc/arm-none-eabi/10.3.1/thumb/v7e-m+fp/hard/crtn.o
 *(.fini)
 .fini          0x00000000080090fc        0x4 /Applications/STM32CubeIDE.app/Contents/Eclipse/plugins/com.st.stm32cube.ide.mcu.externaltools.gnu-tools-for-stm32.10.3-2021.10.macos64_1.0.0.202111181127/tools/bin/../lib/gcc/arm-none-eabi/10.3.1/thumb/v7e-m+fp/hard/crti.o
                0x00000000080090fc                _fini
 .fini          0x0000000008009100        0x8 /Applications/STM32CubeIDE.app/Contents/Eclipse/plugins/com.st.stm32cube.ide.mcu.externaltools.gnu-tools-for-stm32.10.3-2021.10.macos64_1.0.0.202111181127/tools/bin/../lib/gcc/arm-none-eabi/10.3.1/thumb/v7e-m+fp/hard/crtn.o
                0x0000000008009108                . = ALIGN (0x4)
                0x0000000008009108                _etext = .

.vfp11_veneer   0x0000000008009108        0x0
 .vfp11_veneer  0x0000000008009108        0x0 linker stubs

.v4_bx          0x0000000008009108        0x0
 .v4_bx         0x0000000008009108        0x0 linker stubs

.iplt           0x0000000008009108        0x0
 .iplt          0x0000000008009108        0x0 /Applications/STM32CubeIDE.app/Contents/Eclipse/plugins/com.st.stm32cube.ide.mcu.externaltools.gnu-tools-for-stm32.10.3-2021.10.macos64_1.0.0.202111181127/tools/bin/../lib/gcc/arm-none-eabi/10.3.1/thumb/v7e-m+fp/hard/crtbegin.o

.rodata         0x0000000008009108      0xfcc
                0x0000000008009108                . = ALIGN (0x4)
 *(.rodata)
 .rodata        0x0000000008009108       0x17 ./Core/Src/can.o
 *fill*         0x000000000800911f        0x1 
 .rodata        0x0000000008009120        0x7 ./Core/Src/lcd.o
 *fill*         0x0000000008009127        0x1 
 .rodata        0x0000000008009128       0xfc ./Core/Src/main.o
 .rodata        0x0000000008009224       0x16 ./Core/Src/usart.o
 *(.rodata*)
 *fill*         0x000000000800923a        0x2 
 .rodata.ascii_8x16
                0x000000000800923c      0xdff ./Core/Src/lcd.o
 *fill*         0x000000000800a03b        0x1 
 .rodata.tft_init_code
                0x000000000800a03c       0x71 ./Core/Src/lcd.o
                0x000000000800a03c                tft_init_code
 *fill*         0x000000000800a0ad        0x3 
 .rodata.tft_orientation_init_code
                0x000000000800a0b0        0x4 ./Core/Src/lcd.o
                0x000000000800a0b0                tft_orientation_init_code
 .rodata.AHBPrescTable
                0x000000000800a0b4       0x10 ./Core/Src/system_stm32f4xx.o
                0x000000000800a0b4                AHBPrescTable
 .rodata.APBPrescTable
                0x000000000800a0c4        0x8 ./Core/Src/system_stm32f4xx.o
                0x000000000800a0c4                APBPrescTable
 .rodata.flagBitshiftOffset.0
                0x000000000800a0cc        0x8 ./Drivers/STM32F4xx_HAL_Driver/Src/stm32f4xx_hal_dma.o
                0x000000000800a0d4                . = ALIGN (0x4)

.ARM.extab      0x000000000800a0d4        0x0
                0x000000000800a0d4                . = ALIGN (0x4)
 *(.ARM.extab* .gnu.linkonce.armextab.*)
                0x000000000800a0d4                . = ALIGN (0x4)

.ARM            0x000000000800a0d4        0x8
                0x000000000800a0d4                . = ALIGN (0x4)
                0x000000000800a0d4                __exidx_start = .
 *(.ARM.exidx*)
 .ARM.exidx     0x000000000800a0d4        0x8 /Applications/STM32CubeIDE.app/Contents/Eclipse/plugins/com.st.stm32cube.ide.mcu.externaltools.gnu-tools-for-stm32.10.3-2021.10.macos64_1.0.0.202111181127/tools/bin/../lib/gcc/arm-none-eabi/10.3.1/thumb/v7e-m+fp/hard/libgcc.a(_udivmoddi4.o)
                0x000000000800a0dc                __exidx_end = .
                0x000000000800a0dc                . = ALIGN (0x4)

.rel.dyn        0x000000000800a0dc        0x0
 .rel.iplt      0x000000000800a0dc        0x0 /Applications/STM32CubeIDE.app/Contents/Eclipse/plugins/com.st.stm32cube.ide.mcu.externaltools.gnu-tools-for-stm32.10.3-2021.10.macos64_1.0.0.202111181127/tools/bin/../lib/gcc/arm-none-eabi/10.3.1/thumb/v7e-m+fp/hard/crtbegin.o

.preinit_array  0x000000000800a0dc        0x0
                0x000000000800a0dc                . = ALIGN (0x4)
                0x000000000800a0dc                PROVIDE (__preinit_array_start = .)
 *(.preinit_array*)
                0x000000000800a0dc                PROVIDE (__preinit_array_end = .)
                0x000000000800a0dc                . = ALIGN (0x4)

.init_array     0x000000000800a0dc        0x4
                0x000000000800a0dc                . = ALIGN (0x4)
                0x000000000800a0dc                PROVIDE (__init_array_start = .)
 *(SORT_BY_NAME(.init_array.*))
 *(.init_array*)
 .init_array    0x000000000800a0dc        0x4 /Applications/STM32CubeIDE.app/Contents/Eclipse/plugins/com.st.stm32cube.ide.mcu.externaltools.gnu-tools-for-stm32.10.3-2021.10.macos64_1.0.0.202111181127/tools/bin/../lib/gcc/arm-none-eabi/10.3.1/thumb/v7e-m+fp/hard/crtbegin.o
                0x000000000800a0e0                PROVIDE (__init_array_end = .)
                0x000000000800a0e0                . = ALIGN (0x4)

.fini_array     0x000000000800a0e0        0x4
                0x000000000800a0e0                . = ALIGN (0x4)
                [!provide]                        PROVIDE (__fini_array_start = .)
 *(SORT_BY_NAME(.fini_array.*))
 *(.fini_array*)
 .fini_array    0x000000000800a0e0        0x4 /Applications/STM32CubeIDE.app/Contents/Eclipse/plugins/com.st.stm32cube.ide.mcu.externaltools.gnu-tools-for-stm32.10.3-2021.10.macos64_1.0.0.202111181127/tools/bin/../lib/gcc/arm-none-eabi/10.3.1/thumb/v7e-m+fp/hard/crtbegin.o
                [!provide]                        PROVIDE (__fini_array_end = .)
                0x000000000800a0e4                . = ALIGN (0x4)
                0x000000000800a0e4                _sidata = LOADADDR (.data)

.data           0x0000000020000000       0xd8 load address 0x000000000800a0e4
                0x0000000020000000                . = ALIGN (0x4)
                0x0000000020000000                _sdata = .
 *(.data)
 *(.data*)
 .data.tft_screens
                0x0000000020000000        0x4 ./Core/Src/lcd.o
                0x0000000020000000                tft_screens
 .data.motornum.6
                0x0000000020000004        0x4 ./Core/Src/main.o
 .data.kp.2     0x0000000020000008       0x20 ./Core/Src/main.o
 .data.ki.1     0x0000000020000028       0x20 ./Core/Src/main.o
 .data.kd.0     0x0000000020000048       0x20 ./Core/Src/main.o
 .data.SystemCoreClock
                0x0000000020000068        0x4 ./Core/Src/system_stm32f4xx.o
                0x0000000020000068                SystemCoreClock
 .data.uwTickPrio
                0x000000002000006c        0x4 ./Drivers/STM32F4xx_HAL_Driver/Src/stm32f4xx_hal.o
                0x000000002000006c                uwTickPrio
 .data.uwTickFreq
                0x0000000020000070        0x1 ./Drivers/STM32F4xx_HAL_Driver/Src/stm32f4xx_hal.o
                0x0000000020000070                uwTickFreq
 *fill*         0x0000000020000071        0x3 
 .data._impure_ptr
                0x0000000020000074        0x4 /Applications/STM32CubeIDE.app/Contents/Eclipse/plugins/com.st.stm32cube.ide.mcu.externaltools.gnu-tools-for-stm32.10.3-2021.10.macos64_1.0.0.202111181127/tools/bin/../lib/gcc/arm-none-eabi/10.3.1/../../../../arm-none-eabi/lib/thumb/v7e-m+fp/hard/libc_nano.a(lib_a-impure.o)
                0x0000000020000074                _impure_ptr
 .data.impure_data
                0x0000000020000078       0x60 /Applications/STM32CubeIDE.app/Contents/Eclipse/plugins/com.st.stm32cube.ide.mcu.externaltools.gnu-tools-for-stm32.10.3-2021.10.macos64_1.0.0.202111181127/tools/bin/../lib/gcc/arm-none-eabi/10.3.1/../../../../arm-none-eabi/lib/thumb/v7e-m+fp/hard/libc_nano.a(lib_a-impure.o)
 *(.RamFunc)
 *(.RamFunc*)
                0x00000000200000d8                . = ALIGN (0x4)
                0x00000000200000d8                _edata = .
                0x000000000800a1bc                _siccmram = LOADADDR (.ccmram)

.igot.plt       0x00000000200000d8        0x0 load address 0x000000000800a1bc
 .igot.plt      0x00000000200000d8        0x0 /Applications/STM32CubeIDE.app/Contents/Eclipse/plugins/com.st.stm32cube.ide.mcu.externaltools.gnu-tools-for-stm32.10.3-2021.10.macos64_1.0.0.202111181127/tools/bin/../lib/gcc/arm-none-eabi/10.3.1/thumb/v7e-m+fp/hard/crtbegin.o

.ccmram         0x0000000010000000        0x0 load address 0x000000000800a1bc
                0x0000000010000000                . = ALIGN (0x4)
                0x0000000010000000                _sccmram = .
 *(.ccmram)
 *(.ccmram*)
                0x0000000010000000                . = ALIGN (0x4)
                0x0000000010000000                _eccmram = .
                0x0000000010000000                . = ALIGN (0x4)

.bss            0x00000000200000d8     0xd8b0
                0x00000000200000d8                _sbss = .
                0x00000000200000d8                __bss_start__ = _sbss
 *(.bss)
 .bss           0x00000000200000d8       0x1c /Applications/STM32CubeIDE.app/Contents/Eclipse/plugins/com.st.stm32cube.ide.mcu.externaltools.gnu-tools-for-stm32.10.3-2021.10.macos64_1.0.0.202111181127/tools/bin/../lib/gcc/arm-none-eabi/10.3.1/thumb/v7e-m+fp/hard/crtbegin.o
 *(.bss*)
 .bss.rm_ctrl_cmd
                0x00000000200000f4       0x20 ./Core/Src/can.o
                0x00000000200000f4                rm_ctrl_cmd
 .bss.rm_fb_cmd
                0x0000000020000114       0xc0 ./Core/Src/can.o
                0x0000000020000114                rm_fb_cmd
 .bss.hcan1     0x00000000200001d4       0x28 ./Core/Src/can.o
                0x00000000200001d4                hcan1
 .bss.hcan2     0x00000000200001fc       0x28 ./Core/Src/can.o
                0x00000000200001fc                hcan2
 .bss.HAL_RCC_CAN1_CLK_ENABLED
                0x0000000020000224        0x4 ./Core/Src/can.o
 .bss.currents  0x0000000020000228     0x7d00 ./Core/Src/can.o
                0x0000000020000228                currents
 .bss.indexes   0x0000000020007f28       0x40 ./Core/Src/can.o
 .bss.error     0x0000000020007f68       0x80 ./Core/Src/can.o
 .bss.prev_error
                0x0000000020007fe8       0x80 ./Core/Src/can.o
 .bss.accu      0x0000000020008068       0x80 ./Core/Src/can.o
 .bss.tar_current
                0x00000000200080e8       0x80 ./Core/Src/can.o
 .bss.Cur_vel.0
                0x0000000020008168        0x8 ./Core/Src/can.o
 .bss.curr_bg_color
                0x0000000020008170        0x2 ./Core/Src/lcd.o
                0x0000000020008170                curr_bg_color
 .bss.curr_highlight_color
                0x0000000020008172        0x2 ./Core/Src/lcd.o
                0x0000000020008172                curr_highlight_color
 .bss.curr_text_color
                0x0000000020008174        0x2 ./Core/Src/lcd.o
                0x0000000020008174                curr_text_color
 .bss.curr_text_color_sp
                0x0000000020008176        0x2 ./Core/Src/lcd.o
                0x0000000020008176                curr_text_color_sp
 .bss.tft_orientation
                0x0000000020008178        0x1 ./Core/Src/lcd.o
                0x0000000020008178                tft_orientation
 .bss.char_max_x
                0x0000000020008179        0x1 ./Core/Src/lcd.o
                0x0000000020008179                char_max_x
 .bss.char_max_y
                0x000000002000817a        0x1 ./Core/Src/lcd.o
                0x000000002000817a                char_max_y
 *fill*         0x000000002000817b        0x1 
 .bss.default_tft_screens
                0x000000002000817c      0x642 ./Core/Src/lcd.o
                0x000000002000817c                default_tft_screens
 .bss.col_shift
                0x00000000200087be        0x1 ./Core/Src/lcd.o
 .bss.row_shift
                0x00000000200087bf        0x1 ./Core/Src/lcd.o
 .bss.buf_ptr   0x00000000200087c0        0x1 ./Core/Src/lcd.o
                0x00000000200087c0                buf_ptr
 *fill*         0x00000000200087c1        0x3 
 .bss.tft_dma_bufs
                0x00000000200087c4     0x5000 ./Core/Src/lcd.o
 .bss.last_update.5
                0x000000002000d7c4        0x4 ./Core/Src/lcd.o
 .bss.Btn1_mode.8
                0x000000002000d7c8        0x4 ./Core/Src/main.o
 .bss.Btn1_HoldTime.7
                0x000000002000d7cc        0x4 ./Core/Src/main.o
 .bss.target_vel.5
                0x000000002000d7d0       0x10 ./Core/Src/main.o
 .bss.Btn2_mode.4
                0x000000002000d7e0        0x4 ./Core/Src/main.o
 .bss.Btn2_HoldTime.3
                0x000000002000d7e4        0x4 ./Core/Src/main.o
 .bss.hspi1     0x000000002000d7e8       0x58 ./Core/Src/spi.o
                0x000000002000d7e8                hspi1
 .bss.hdma_spi1_tx
                0x000000002000d840       0x60 ./Core/Src/spi.o
                0x000000002000d840                hdma_spi1_tx
 .bss.htim5     0x000000002000d8a0       0x48 ./Core/Src/tim.o
                0x000000002000d8a0                htim5
 .bss.dat       0x000000002000d8e8        0xa ./Core/Src/usart.o
                0x000000002000d8e8                dat
 *fill*         0x000000002000d8f2        0x2 
 .bss.target    0x000000002000d8f4        0x4 ./Core/Src/usart.o
                0x000000002000d8f4                target
 .bss.huart1    0x000000002000d8f8       0x44 ./Core/Src/usart.o
                0x000000002000d8f8                huart1
 .bss.huart2    0x000000002000d93c       0x44 ./Core/Src/usart.o
                0x000000002000d93c                huart2
 .bss.last_Send_Time.0
                0x000000002000d980        0x4 ./Core/Src/usart.o
 .bss.uwTick    0x000000002000d984        0x4 ./Drivers/STM32F4xx_HAL_Driver/Src/stm32f4xx_hal.o
                0x000000002000d984                uwTick
 *(COMMON)
                0x000000002000d988                . = ALIGN (0x4)
                0x000000002000d988                _ebss = .
                0x000000002000d988                __bss_end__ = _ebss

._user_heap_stack
                0x000000002000d988      0x600
                0x000000002000d988                . = ALIGN (0x8)
                [!provide]                        PROVIDE (end = .)
                0x000000002000d988                PROVIDE (_end = .)
                0x000000002000db88                . = (. + _Min_Heap_Size)
 *fill*         0x000000002000d988      0x200 
                0x000000002000df88                . = (. + _Min_Stack_Size)
 *fill*         0x000000002000db88      0x400 
                0x000000002000df88                . = ALIGN (0x8)

/DISCARD/
 libc.a(*)
 libm.a(*)
 libgcc.a(*)

.ARM.attributes
                0x0000000000000000       0x30
 *(.ARM.attributes)
 .ARM.attributes
                0x0000000000000000       0x1e /Applications/STM32CubeIDE.app/Contents/Eclipse/plugins/com.st.stm32cube.ide.mcu.externaltools.gnu-tools-for-stm32.10.3-2021.10.macos64_1.0.0.202111181127/tools/bin/../lib/gcc/arm-none-eabi/10.3.1/thumb/v7e-m+fp/hard/crti.o
 .ARM.attributes
                0x000000000000001e       0x34 /Applications/STM32CubeIDE.app/Contents/Eclipse/plugins/com.st.stm32cube.ide.mcu.externaltools.gnu-tools-for-stm32.10.3-2021.10.macos64_1.0.0.202111181127/tools/bin/../lib/gcc/arm-none-eabi/10.3.1/thumb/v7e-m+fp/hard/crtbegin.o
 .ARM.attributes
                0x0000000000000052       0x34 ./Core/Src/can.o
 .ARM.attributes
                0x0000000000000086       0x34 ./Core/Src/dma.o
 .ARM.attributes
                0x00000000000000ba       0x34 ./Core/Src/gpio.o
 .ARM.attributes
                0x00000000000000ee       0x34 ./Core/Src/lcd.o
 .ARM.attributes
                0x0000000000000122       0x34 ./Core/Src/main.o
 .ARM.attributes
                0x0000000000000156       0x34 ./Core/Src/spi.o
 .ARM.attributes
                0x000000000000018a       0x34 ./Core/Src/stm32f4xx_hal_msp.o
 .ARM.attributes
                0x00000000000001be       0x34 ./Core/Src/stm32f4xx_it.o
 .ARM.attributes
                0x00000000000001f2       0x34 ./Core/Src/system_stm32f4xx.o
 .ARM.attributes
                0x0000000000000226       0x34 ./Core/Src/tim.o
 .ARM.attributes
                0x000000000000025a       0x34 ./Core/Src/tutorial3_pwm.o
 .ARM.attributes
                0x000000000000028e       0x34 ./Core/Src/usart.o
 .ARM.attributes
                0x00000000000002c2       0x21 ./Core/Startup/startup_stm32f405rgtx.o
 .ARM.attributes
                0x00000000000002e3       0x34 ./Drivers/STM32F4xx_HAL_Driver/Src/stm32f4xx_hal.o
 .ARM.attributes
                0x0000000000000317       0x34 ./Drivers/STM32F4xx_HAL_Driver/Src/stm32f4xx_hal_can.o
 .ARM.attributes
                0x000000000000034b       0x34 ./Drivers/STM32F4xx_HAL_Driver/Src/stm32f4xx_hal_cortex.o
 .ARM.attributes
                0x000000000000037f       0x34 ./Drivers/STM32F4xx_HAL_Driver/Src/stm32f4xx_hal_dma.o
 .ARM.attributes
                0x00000000000003b3       0x34 ./Drivers/STM32F4xx_HAL_Driver/Src/stm32f4xx_hal_gpio.o
 .ARM.attributes
                0x00000000000003e7       0x34 ./Drivers/STM32F4xx_HAL_Driver/Src/stm32f4xx_hal_rcc.o
 .ARM.attributes
                0x000000000000041b       0x34 ./Drivers/STM32F4xx_HAL_Driver/Src/stm32f4xx_hal_spi.o
 .ARM.attributes
                0x000000000000044f       0x34 ./Drivers/STM32F4xx_HAL_Driver/Src/stm32f4xx_hal_tim.o
 .ARM.attributes
                0x0000000000000483       0x34 ./Drivers/STM32F4xx_HAL_Driver/Src/stm32f4xx_hal_tim_ex.o
 .ARM.attributes
                0x00000000000004b7       0x34 ./Drivers/STM32F4xx_HAL_Driver/Src/stm32f4xx_hal_uart.o
 .ARM.attributes
                0x00000000000004eb       0x34 /Applications/STM32CubeIDE.app/Contents/Eclipse/plugins/com.st.stm32cube.ide.mcu.externaltools.gnu-tools-for-stm32.10.3-2021.10.macos64_1.0.0.202111181127/tools/bin/../lib/gcc/arm-none-eabi/10.3.1/../../../../arm-none-eabi/lib/thumb/v7e-m+fp/hard/libc_nano.a(lib_a-errno.o)
 .ARM.attributes
                0x000000000000051f       0x34 /Applications/STM32CubeIDE.app/Contents/Eclipse/plugins/com.st.stm32cube.ide.mcu.externaltools.gnu-tools-for-stm32.10.3-2021.10.macos64_1.0.0.202111181127/tools/bin/../lib/gcc/arm-none-eabi/10.3.1/../../../../arm-none-eabi/lib/thumb/v7e-m+fp/hard/libc_nano.a(lib_a-impure.o)
 .ARM.attributes
                0x0000000000000553       0x34 /Applications/STM32CubeIDE.app/Contents/Eclipse/plugins/com.st.stm32cube.ide.mcu.externaltools.gnu-tools-for-stm32.10.3-2021.10.macos64_1.0.0.202111181127/tools/bin/../lib/gcc/arm-none-eabi/10.3.1/../../../../arm-none-eabi/lib/thumb/v7e-m+fp/hard/libc_nano.a(lib_a-init.o)
 .ARM.attributes
                0x0000000000000587       0x34 /Applications/STM32CubeIDE.app/Contents/Eclipse/plugins/com.st.stm32cube.ide.mcu.externaltools.gnu-tools-for-stm32.10.3-2021.10.macos64_1.0.0.202111181127/tools/bin/../lib/gcc/arm-none-eabi/10.3.1/../../../../arm-none-eabi/lib/thumb/v7e-m+fp/hard/libc_nano.a(lib_a-memcpy-stub.o)
 .ARM.attributes
                0x00000000000005bb       0x34 /Applications/STM32CubeIDE.app/Contents/Eclipse/plugins/com.st.stm32cube.ide.mcu.externaltools.gnu-tools-for-stm32.10.3-2021.10.macos64_1.0.0.202111181127/tools/bin/../lib/gcc/arm-none-eabi/10.3.1/../../../../arm-none-eabi/lib/thumb/v7e-m+fp/hard/libc_nano.a(lib_a-memset.o)
 .ARM.attributes
                0x00000000000005ef       0x34 /Applications/STM32CubeIDE.app/Contents/Eclipse/plugins/com.st.stm32cube.ide.mcu.externaltools.gnu-tools-for-stm32.10.3-2021.10.macos64_1.0.0.202111181127/tools/bin/../lib/gcc/arm-none-eabi/10.3.1/../../../../arm-none-eabi/lib/thumb/v7e-m+fp/hard/libm.a(lib_a-w_sqrt.o)
 .ARM.attributes
                0x0000000000000623       0x34 /Applications/STM32CubeIDE.app/Contents/Eclipse/plugins/com.st.stm32cube.ide.mcu.externaltools.gnu-tools-for-stm32.10.3-2021.10.macos64_1.0.0.202111181127/tools/bin/../lib/gcc/arm-none-eabi/10.3.1/../../../../arm-none-eabi/lib/thumb/v7e-m+fp/hard/libm.a(lib_a-e_sqrt.o)
 .ARM.attributes
                0x0000000000000657       0x1e /Applications/STM32CubeIDE.app/Contents/Eclipse/plugins/com.st.stm32cube.ide.mcu.externaltools.gnu-tools-for-stm32.10.3-2021.10.macos64_1.0.0.202111181127/tools/bin/../lib/gcc/arm-none-eabi/10.3.1/thumb/v7e-m+fp/hard/libgcc.a(_arm_addsubdf3.o)
 .ARM.attributes
                0x0000000000000675       0x1e /Applications/STM32CubeIDE.app/Contents/Eclipse/plugins/com.st.stm32cube.ide.mcu.externaltools.gnu-tools-for-stm32.10.3-2021.10.macos64_1.0.0.202111181127/tools/bin/../lib/gcc/arm-none-eabi/10.3.1/thumb/v7e-m+fp/hard/libgcc.a(_arm_muldivdf3.o)
 .ARM.attributes
                0x0000000000000693       0x1e /Applications/STM32CubeIDE.app/Contents/Eclipse/plugins/com.st.stm32cube.ide.mcu.externaltools.gnu-tools-for-stm32.10.3-2021.10.macos64_1.0.0.202111181127/tools/bin/../lib/gcc/arm-none-eabi/10.3.1/thumb/v7e-m+fp/hard/libgcc.a(_arm_cmpdf2.o)
 .ARM.attributes
                0x00000000000006b1       0x1e /Applications/STM32CubeIDE.app/Contents/Eclipse/plugins/com.st.stm32cube.ide.mcu.externaltools.gnu-tools-for-stm32.10.3-2021.10.macos64_1.0.0.202111181127/tools/bin/../lib/gcc/arm-none-eabi/10.3.1/thumb/v7e-m+fp/hard/libgcc.a(_arm_unorddf2.o)
 .ARM.attributes
                0x00000000000006cf       0x1e /Applications/STM32CubeIDE.app/Contents/Eclipse/plugins/com.st.stm32cube.ide.mcu.externaltools.gnu-tools-for-stm32.10.3-2021.10.macos64_1.0.0.202111181127/tools/bin/../lib/gcc/arm-none-eabi/10.3.1/thumb/v7e-m+fp/hard/libgcc.a(_arm_fixdfsi.o)
 .ARM.attributes
                0x00000000000006ed       0x1e /Applications/STM32CubeIDE.app/Contents/Eclipse/plugins/com.st.stm32cube.ide.mcu.externaltools.gnu-tools-for-stm32.10.3-2021.10.macos64_1.0.0.202111181127/tools/bin/../lib/gcc/arm-none-eabi/10.3.1/thumb/v7e-m+fp/hard/libgcc.a(_arm_fixunsdfsi.o)
 .ARM.attributes
                0x000000000000070b       0x1e /Applications/STM32CubeIDE.app/Contents/Eclipse/plugins/com.st.stm32cube.ide.mcu.externaltools.gnu-tools-for-stm32.10.3-2021.10.macos64_1.0.0.202111181127/tools/bin/../lib/gcc/arm-none-eabi/10.3.1/thumb/v7e-m+fp/hard/libgcc.a(_arm_truncdfsf2.o)
 .ARM.attributes
                0x0000000000000729       0x1e /Applications/STM32CubeIDE.app/Contents/Eclipse/plugins/com.st.stm32cube.ide.mcu.externaltools.gnu-tools-for-stm32.10.3-2021.10.macos64_1.0.0.202111181127/tools/bin/../lib/gcc/arm-none-eabi/10.3.1/thumb/v7e-m+fp/hard/libgcc.a(_aeabi_uldivmod.o)
 .ARM.attributes
                0x0000000000000747       0x34 /Applications/STM32CubeIDE.app/Contents/Eclipse/plugins/com.st.stm32cube.ide.mcu.externaltools.gnu-tools-for-stm32.10.3-2021.10.macos64_1.0.0.202111181127/tools/bin/../lib/gcc/arm-none-eabi/10.3.1/thumb/v7e-m+fp/hard/libgcc.a(_udivmoddi4.o)
 .ARM.attributes
                0x000000000000077b       0x1e /Applications/STM32CubeIDE.app/Contents/Eclipse/plugins/com.st.stm32cube.ide.mcu.externaltools.gnu-tools-for-stm32.10.3-2021.10.macos64_1.0.0.202111181127/tools/bin/../lib/gcc/arm-none-eabi/10.3.1/thumb/v7e-m+fp/hard/libgcc.a(_dvmd_tls.o)
 .ARM.attributes
                0x0000000000000799       0x1e /Applications/STM32CubeIDE.app/Contents/Eclipse/plugins/com.st.stm32cube.ide.mcu.externaltools.gnu-tools-for-stm32.10.3-2021.10.macos64_1.0.0.202111181127/tools/bin/../lib/gcc/arm-none-eabi/10.3.1/thumb/v7e-m+fp/hard/crtn.o
OUTPUT(sw-tutorial.elf elf32-littlearm)
LOAD linker stubs
LOAD /Applications/STM32CubeIDE.app/Contents/Eclipse/plugins/com.st.stm32cube.ide.mcu.externaltools.gnu-tools-for-stm32.10.3-2021.10.macos64_1.0.0.202111181127/tools/bin/../lib/gcc/arm-none-eabi/10.3.1/../../../../arm-none-eabi/lib/thumb/v7e-m+fp/hard/libc.a
LOAD /Applications/STM32CubeIDE.app/Contents/Eclipse/plugins/com.st.stm32cube.ide.mcu.externaltools.gnu-tools-for-stm32.10.3-2021.10.macos64_1.0.0.202111181127/tools/bin/../lib/gcc/arm-none-eabi/10.3.1/../../../../arm-none-eabi/lib/thumb/v7e-m+fp/hard/libm.a
LOAD /Applications/STM32CubeIDE.app/Contents/Eclipse/plugins/com.st.stm32cube.ide.mcu.externaltools.gnu-tools-for-stm32.10.3-2021.10.macos64_1.0.0.202111181127/tools/bin/../lib/gcc/arm-none-eabi/10.3.1/thumb/v7e-m+fp/hard/libgcc.a

.debug_info     0x0000000000000000    0x15f26
 .debug_info    0x0000000000000000     0x146d ./Core/Src/can.o
 .debug_info    0x000000000000146d      0x4da ./Core/Src/dma.o
 .debug_info    0x0000000000001947      0x6dd ./Core/Src/gpio.o
 .debug_info    0x0000000000002024     0x1e2d ./Core/Src/lcd.o
 .debug_info    0x0000000000003e51      0xaa8 ./Core/Src/main.o
 .debug_info    0x00000000000048f9      0xc8d ./Core/Src/spi.o
 .debug_info    0x0000000000005586      0x2a8 ./Core/Src/stm32f4xx_hal_msp.o
 .debug_info    0x000000000000582e      0xd0f ./Core/Src/stm32f4xx_it.o
 .debug_info    0x000000000000653d      0x523 ./Core/Src/system_stm32f4xx.o
 .debug_info    0x0000000000006a60      0xea9 ./Core/Src/tim.o
 .debug_info    0x0000000000007909      0xa15 ./Core/Src/tutorial3_pwm.o
 .debug_info    0x000000000000831e      0xfe2 ./Core/Src/usart.o
 .debug_info    0x0000000000009300       0x22 ./Core/Startup/startup_stm32f405rgtx.o
 .debug_info    0x0000000000009322      0x96a ./Drivers/STM32F4xx_HAL_Driver/Src/stm32f4xx_hal.o
 .debug_info    0x0000000000009c8c      0xfc0 ./Drivers/STM32F4xx_HAL_Driver/Src/stm32f4xx_hal_can.o
 .debug_info    0x000000000000ac4c      0xe09 ./Drivers/STM32F4xx_HAL_Driver/Src/stm32f4xx_hal_cortex.o
 .debug_info    0x000000000000ba55      0x94f ./Drivers/STM32F4xx_HAL_Driver/Src/stm32f4xx_hal_dma.o
 .debug_info    0x000000000000c3a4      0x76a ./Drivers/STM32F4xx_HAL_Driver/Src/stm32f4xx_hal_gpio.o
 .debug_info    0x000000000000cb0e      0x966 ./Drivers/STM32F4xx_HAL_Driver/Src/stm32f4xx_hal_rcc.o
 .debug_info    0x000000000000d474     0x1758 ./Drivers/STM32F4xx_HAL_Driver/Src/stm32f4xx_hal_spi.o
 .debug_info    0x000000000000ebcc     0x2bbe ./Drivers/STM32F4xx_HAL_Driver/Src/stm32f4xx_hal_tim.o
 .debug_info    0x000000000001178a     0x15e0 ./Drivers/STM32F4xx_HAL_Driver/Src/stm32f4xx_hal_tim_ex.o
 .debug_info    0x0000000000012d6a     0x31bc ./Drivers/STM32F4xx_HAL_Driver/Src/stm32f4xx_hal_uart.o

.debug_abbrev   0x0000000000000000     0x3264
 .debug_abbrev  0x0000000000000000      0x40e ./Core/Src/can.o
 .debug_abbrev  0x000000000000040e      0x10a ./Core/Src/dma.o
 .debug_abbrev  0x0000000000000518      0x164 ./Core/Src/gpio.o
 .debug_abbrev  0x000000000000067c      0x477 ./Core/Src/lcd.o
 .debug_abbrev  0x0000000000000af3      0x24c ./Core/Src/main.o
 .debug_abbrev  0x0000000000000d3f      0x211 ./Core/Src/spi.o
 .debug_abbrev  0x0000000000000f50       0xd4 ./Core/Src/stm32f4xx_hal_msp.o
 .debug_abbrev  0x0000000000001024      0x1cb ./Core/Src/stm32f4xx_it.o
 .debug_abbrev  0x00000000000011ef      0x116 ./Core/Src/system_stm32f4xx.o
 .debug_abbrev  0x0000000000001305      0x206 ./Core/Src/tim.o
 .debug_abbrev  0x000000000000150b      0x244 ./Core/Src/tutorial3_pwm.o
 .debug_abbrev  0x000000000000174f      0x2d6 ./Core/Src/usart.o
 .debug_abbrev  0x0000000000001a25       0x12 ./Core/Startup/startup_stm32f405rgtx.o
 .debug_abbrev  0x0000000000001a37      0x20d ./Drivers/STM32F4xx_HAL_Driver/Src/stm32f4xx_hal.o
 .debug_abbrev  0x0000000000001c44      0x21d ./Drivers/STM32F4xx_HAL_Driver/Src/stm32f4xx_hal_can.o
 .debug_abbrev  0x0000000000001e61      0x316 ./Drivers/STM32F4xx_HAL_Driver/Src/stm32f4xx_hal_cortex.o
 .debug_abbrev  0x0000000000002177      0x25b ./Drivers/STM32F4xx_HAL_Driver/Src/stm32f4xx_hal_dma.o
 .debug_abbrev  0x00000000000023d2      0x1c4 ./Drivers/STM32F4xx_HAL_Driver/Src/stm32f4xx_hal_gpio.o
 .debug_abbrev  0x0000000000002596      0x2aa ./Drivers/STM32F4xx_HAL_Driver/Src/stm32f4xx_hal_rcc.o
 .debug_abbrev  0x0000000000002840      0x26e ./Drivers/STM32F4xx_HAL_Driver/Src/stm32f4xx_hal_spi.o
 .debug_abbrev  0x0000000000002aae      0x25d ./Drivers/STM32F4xx_HAL_Driver/Src/stm32f4xx_hal_tim.o
 .debug_abbrev  0x0000000000002d0b      0x265 ./Drivers/STM32F4xx_HAL_Driver/Src/stm32f4xx_hal_tim_ex.o
 .debug_abbrev  0x0000000000002f70      0x2f4 ./Drivers/STM32F4xx_HAL_Driver/Src/stm32f4xx_hal_uart.o

.debug_aranges  0x0000000000000000     0x1238
 .debug_aranges
                0x0000000000000000       0xb8 ./Core/Src/can.o
 .debug_aranges
                0x00000000000000b8       0x20 ./Core/Src/dma.o
 .debug_aranges
                0x00000000000000d8       0x20 ./Core/Src/gpio.o
 .debug_aranges
                0x00000000000000f8      0x150 ./Core/Src/lcd.o
 .debug_aranges
                0x0000000000000248       0x30 ./Core/Src/main.o
 .debug_aranges
                0x0000000000000278       0x30 ./Core/Src/spi.o
 .debug_aranges
                0x00000000000002a8       0x20 ./Core/Src/stm32f4xx_hal_msp.o
 .debug_aranges
                0x00000000000002c8       0x90 ./Core/Src/stm32f4xx_it.o
 .debug_aranges
                0x0000000000000358       0x28 ./Core/Src/system_stm32f4xx.o
 .debug_aranges
                0x0000000000000380       0x38 ./Core/Src/tim.o
 .debug_aranges
                0x00000000000003b8       0x48 ./Core/Src/tutorial3_pwm.o
 .debug_aranges
                0x0000000000000400       0x58 ./Core/Src/usart.o
 .debug_aranges
                0x0000000000000458       0x28 ./Core/Startup/startup_stm32f405rgtx.o
 .debug_aranges
                0x0000000000000480       0xf0 ./Drivers/STM32F4xx_HAL_Driver/Src/stm32f4xx_hal.o
 .debug_aranges
                0x0000000000000570      0x138 ./Drivers/STM32F4xx_HAL_Driver/Src/stm32f4xx_hal_can.o
 .debug_aranges
                0x00000000000006a8      0x118 ./Drivers/STM32F4xx_HAL_Driver/Src/stm32f4xx_hal_cortex.o
 .debug_aranges
                0x00000000000007c0       0x90 ./Drivers/STM32F4xx_HAL_Driver/Src/stm32f4xx_hal_dma.o
 .debug_aranges
                0x0000000000000850       0x58 ./Drivers/STM32F4xx_HAL_Driver/Src/stm32f4xx_hal_gpio.o
 .debug_aranges
                0x00000000000008a8       0x88 ./Drivers/STM32F4xx_HAL_Driver/Src/stm32f4xx_hal_rcc.o
 .debug_aranges
                0x0000000000000930      0x1d0 ./Drivers/STM32F4xx_HAL_Driver/Src/stm32f4xx_hal_spi.o
 .debug_aranges
                0x0000000000000b00      0x3d0 ./Drivers/STM32F4xx_HAL_Driver/Src/stm32f4xx_hal_tim.o
 .debug_aranges
                0x0000000000000ed0      0x168 ./Drivers/STM32F4xx_HAL_Driver/Src/stm32f4xx_hal_tim_ex.o
 .debug_aranges
                0x0000000000001038      0x200 ./Drivers/STM32F4xx_HAL_Driver/Src/stm32f4xx_hal_uart.o

.debug_ranges   0x0000000000000000     0x1100
 .debug_ranges  0x0000000000000000       0xa8 ./Core/Src/can.o
 .debug_ranges  0x00000000000000a8       0x10 ./Core/Src/dma.o
 .debug_ranges  0x00000000000000b8       0x10 ./Core/Src/gpio.o
 .debug_ranges  0x00000000000000c8      0x140 ./Core/Src/lcd.o
 .debug_ranges  0x0000000000000208       0x20 ./Core/Src/main.o
 .debug_ranges  0x0000000000000228       0x20 ./Core/Src/spi.o
 .debug_ranges  0x0000000000000248       0x10 ./Core/Src/stm32f4xx_hal_msp.o
 .debug_ranges  0x0000000000000258       0x80 ./Core/Src/stm32f4xx_it.o
 .debug_ranges  0x00000000000002d8       0x18 ./Core/Src/system_stm32f4xx.o
 .debug_ranges  0x00000000000002f0       0x28 ./Core/Src/tim.o
 .debug_ranges  0x0000000000000318       0x38 ./Core/Src/tutorial3_pwm.o
 .debug_ranges  0x0000000000000350       0x48 ./Core/Src/usart.o
 .debug_ranges  0x0000000000000398       0x20 ./Core/Startup/startup_stm32f405rgtx.o
 .debug_ranges  0x00000000000003b8       0xe0 ./Drivers/STM32F4xx_HAL_Driver/Src/stm32f4xx_hal.o
 .debug_ranges  0x0000000000000498      0x128 ./Drivers/STM32F4xx_HAL_Driver/Src/stm32f4xx_hal_can.o
 .debug_ranges  0x00000000000005c0      0x108 ./Drivers/STM32F4xx_HAL_Driver/Src/stm32f4xx_hal_cortex.o
 .debug_ranges  0x00000000000006c8       0x80 ./Drivers/STM32F4xx_HAL_Driver/Src/stm32f4xx_hal_dma.o
 .debug_ranges  0x0000000000000748       0x48 ./Drivers/STM32F4xx_HAL_Driver/Src/stm32f4xx_hal_gpio.o
 .debug_ranges  0x0000000000000790       0x78 ./Drivers/STM32F4xx_HAL_Driver/Src/stm32f4xx_hal_rcc.o
 .debug_ranges  0x0000000000000808      0x1c0 ./Drivers/STM32F4xx_HAL_Driver/Src/stm32f4xx_hal_spi.o
 .debug_ranges  0x00000000000009c8      0x3c0 ./Drivers/STM32F4xx_HAL_Driver/Src/stm32f4xx_hal_tim.o
 .debug_ranges  0x0000000000000d88      0x158 ./Drivers/STM32F4xx_HAL_Driver/Src/stm32f4xx_hal_tim_ex.o
 .debug_ranges  0x0000000000000ee0      0x220 ./Drivers/STM32F4xx_HAL_Driver/Src/stm32f4xx_hal_uart.o

.debug_macro    0x0000000000000000    0x21d2a
 .debug_macro   0x0000000000000000      0x221 ./Core/Src/can.o
 .debug_macro   0x0000000000000221      0xa78 ./Core/Src/can.o
 .debug_macro   0x0000000000000c99      0x2ad ./Core/Src/can.o
 .debug_macro   0x0000000000000f46       0x2e ./Core/Src/can.o
 .debug_macro   0x0000000000000f74       0x2f ./Core/Src/can.o
 .debug_macro   0x0000000000000fa3       0x22 ./Core/Src/can.o
 .debug_macro   0x0000000000000fc5       0x8e ./Core/Src/can.o
 .debug_macro   0x0000000000001053       0x51 ./Core/Src/can.o
 .debug_macro   0x00000000000010a4      0x103 ./Core/Src/can.o
 .debug_macro   0x00000000000011a7       0x6a ./Core/Src/can.o
 .debug_macro   0x0000000000001211      0x1df ./Core/Src/can.o
 .debug_macro   0x00000000000013f0       0x1c ./Core/Src/can.o
 .debug_macro   0x000000000000140c       0x22 ./Core/Src/can.o
 .debug_macro   0x000000000000142e       0xd9 ./Core/Src/can.o
 .debug_macro   0x0000000000001507     0x102d ./Core/Src/can.o
 .debug_macro   0x0000000000002534      0x11f ./Core/Src/can.o
 .debug_macro   0x0000000000002653    0x1426d ./Core/Src/can.o
 .debug_macro   0x00000000000168c0       0x6d ./Core/Src/can.o
 .debug_macro   0x000000000001692d     0x367e ./Core/Src/can.o
 .debug_macro   0x0000000000019fab      0x174 ./Core/Src/can.o
 .debug_macro   0x000000000001a11f       0x5c ./Core/Src/can.o
 .debug_macro   0x000000000001a17b      0x8a7 ./Core/Src/can.o
 .debug_macro   0x000000000001aa22      0x9fe ./Core/Src/can.o
 .debug_macro   0x000000000001b420      0x115 ./Core/Src/can.o
 .debug_macro   0x000000000001b535      0x130 ./Core/Src/can.o
 .debug_macro   0x000000000001b665       0xa5 ./Core/Src/can.o
 .debug_macro   0x000000000001b70a      0x174 ./Core/Src/can.o
 .debug_macro   0x000000000001b87e      0x287 ./Core/Src/can.o
 .debug_macro   0x000000000001bb05       0x5f ./Core/Src/can.o
 .debug_macro   0x000000000001bb64      0x236 ./Core/Src/can.o
 .debug_macro   0x000000000001bd9a      0x40f ./Core/Src/can.o
 .debug_macro   0x000000000001c1a9      0x12c ./Core/Src/can.o
 .debug_macro   0x000000000001c2d5      0x21e ./Core/Src/can.o
 .debug_macro   0x000000000001c4f3       0x2e ./Core/Src/can.o
 .debug_macro   0x000000000001c521      0x1b5 ./Core/Src/can.o
 .debug_macro   0x000000000001c6d6       0xd6 ./Core/Src/can.o
 .debug_macro   0x000000000001c7ac      0x11a ./Core/Src/can.o
 .debug_macro   0x000000000001c8c6       0x7e ./Core/Src/can.o
 .debug_macro   0x000000000001c944       0x89 ./Core/Src/can.o
 .debug_macro   0x000000000001c9cd      0x225 ./Core/Src/can.o
 .debug_macro   0x000000000001cbf2      0x8e6 ./Core/Src/can.o
 .debug_macro   0x000000000001d4d8       0x47 ./Core/Src/can.o
 .debug_macro   0x000000000001d51f      0x295 ./Core/Src/can.o
 .debug_macro   0x000000000001d7b4      0x12d ./Core/Src/can.o
 .debug_macro   0x000000000001d8e1      0x1ba ./Core/Src/can.o
 .debug_macro   0x000000000001da9b       0x34 ./Core/Src/can.o
 .debug_macro   0x000000000001dacf      0x215 ./Core/Src/dma.o
 .debug_macro   0x000000000001dce4      0x215 ./Core/Src/gpio.o
 .debug_macro   0x000000000001def9      0x40b ./Core/Src/lcd.o
 .debug_macro   0x000000000001e304       0x10 ./Core/Src/lcd.o
 .debug_macro   0x000000000001e314       0x58 ./Core/Src/lcd.o
 .debug_macro   0x000000000001e36c       0x22 ./Core/Src/lcd.o
 .debug_macro   0x000000000001e38e       0x4c ./Core/Src/lcd.o
 .debug_macro   0x000000000001e3da       0x1e ./Core/Src/lcd.o
 .debug_macro   0x000000000001e3f8       0x94 ./Core/Src/lcd.o
 .debug_macro   0x000000000001e48c       0x3c ./Core/Src/lcd.o
 .debug_macro   0x000000000001e4c8       0x34 ./Core/Src/lcd.o
 .debug_macro   0x000000000001e4fc       0x16 ./Core/Src/lcd.o
 .debug_macro   0x000000000001e512       0x57 ./Core/Src/lcd.o
 .debug_macro   0x000000000001e569       0x97 ./Core/Src/lcd.o
 .debug_macro   0x000000000001e600      0x341 ./Core/Src/lcd.o
 .debug_macro   0x000000000001e941       0xfd ./Core/Src/lcd.o
 .debug_macro   0x000000000001ea3e       0x16 ./Core/Src/lcd.o
 .debug_macro   0x000000000001ea54       0x43 ./Core/Src/lcd.o
 .debug_macro   0x000000000001ea97       0x34 ./Core/Src/lcd.o
 .debug_macro   0x000000000001eacb       0x10 ./Core/Src/lcd.o
 .debug_macro   0x000000000001eadb       0x58 ./Core/Src/lcd.o
 .debug_macro   0x000000000001eb33       0x71 ./Core/Src/lcd.o
 .debug_macro   0x000000000001eba4       0x1c ./Core/Src/lcd.o
 .debug_macro   0x000000000001ebc0      0x12a ./Core/Src/lcd.o
 .debug_macro   0x000000000001ecea       0x10 ./Core/Src/lcd.o
 .debug_macro   0x000000000001ecfa       0x1c ./Core/Src/lcd.o
 .debug_macro   0x000000000001ed16       0x52 ./Core/Src/lcd.o
 .debug_macro   0x000000000001ed68       0x22 ./Core/Src/lcd.o
 .debug_macro   0x000000000001ed8a       0x10 ./Core/Src/lcd.o
 .debug_macro   0x000000000001ed9a       0x52 ./Core/Src/lcd.o
 .debug_macro   0x000000000001edec       0xd5 ./Core/Src/lcd.o
 .debug_macro   0x000000000001eec1       0x1c ./Core/Src/lcd.o
 .debug_macro   0x000000000001eedd       0x3d ./Core/Src/lcd.o
 .debug_macro   0x000000000001ef1a       0x16 ./Core/Src/lcd.o
 .debug_macro   0x000000000001ef30      0x145 ./Core/Src/lcd.o
 .debug_macro   0x000000000001f075       0x56 ./Core/Src/lcd.o
 .debug_macro   0x000000000001f0cb       0x16 ./Core/Src/lcd.o
 .debug_macro   0x000000000001f0e1       0xbf ./Core/Src/lcd.o
 .debug_macro   0x000000000001f1a0       0x11 ./Core/Src/lcd.o
 .debug_macro   0x000000000001f1b1       0x22 ./Core/Src/lcd.o
 .debug_macro   0x000000000001f1d3       0x1f ./Core/Src/lcd.o
 .debug_macro   0x000000000001f1f2      0x414 ./Core/Src/main.o
 .debug_macro   0x000000000001f606       0x52 ./Core/Src/main.o
 .debug_macro   0x000000000001f658       0x10 ./Core/Src/main.o
 .debug_macro   0x000000000001f668       0x20 ./Core/Src/main.o
 .debug_macro   0x000000000001f688       0x1c ./Core/Src/main.o
 .debug_macro   0x000000000001f6a4      0x19b ./Core/Src/main.o
 .debug_macro   0x000000000001f83f      0x21a ./Core/Src/spi.o
 .debug_macro   0x000000000001fa59       0x10 ./Core/Src/spi.o
 .debug_macro   0x000000000001fa69      0x20b ./Core/Src/stm32f4xx_hal_msp.o
 .debug_macro   0x000000000001fc74      0x215 ./Core/Src/stm32f4xx_it.o
 .debug_macro   0x000000000001fe89      0x1fc ./Core/Src/system_stm32f4xx.o
 .debug_macro   0x0000000000020085      0x215 ./Core/Src/tim.o
 .debug_macro   0x000000000002029a      0x219 ./Core/Src/tutorial3_pwm.o
 .debug_macro   0x00000000000204b3      0x3bc ./Core/Src/usart.o
 .debug_macro   0x000000000002086f       0x3a ./Core/Src/usart.o
 .debug_macro   0x00000000000208a9      0x25c ./Drivers/STM32F4xx_HAL_Driver/Src/stm32f4xx_hal.o
 .debug_macro   0x0000000000020b05      0x204 ./Drivers/STM32F4xx_HAL_Driver/Src/stm32f4xx_hal_can.o
 .debug_macro   0x0000000000020d09      0x1fc ./Drivers/STM32F4xx_HAL_Driver/Src/stm32f4xx_hal_cortex.o
 .debug_macro   0x0000000000020f05      0x202 ./Drivers/STM32F4xx_HAL_Driver/Src/stm32f4xx_hal_dma.o
 .debug_macro   0x0000000000021107      0x202 ./Drivers/STM32F4xx_HAL_Driver/Src/stm32f4xx_hal_gpio.o
 .debug_macro   0x0000000000021309      0x220 ./Drivers/STM32F4xx_HAL_Driver/Src/stm32f4xx_hal_rcc.o
 .debug_macro   0x0000000000021529      0x20b ./Drivers/STM32F4xx_HAL_Driver/Src/stm32f4xx_hal_spi.o
 .debug_macro   0x0000000000021734      0x1fd ./Drivers/STM32F4xx_HAL_Driver/Src/stm32f4xx_hal_tim.o
 .debug_macro   0x0000000000021931      0x1fc ./Drivers/STM32F4xx_HAL_Driver/Src/stm32f4xx_hal_tim_ex.o
 .debug_macro   0x0000000000021b2d      0x1fd ./Drivers/STM32F4xx_HAL_Driver/Src/stm32f4xx_hal_uart.o

.debug_line     0x0000000000000000    0x16b2e
 .debug_line    0x0000000000000000      0xc2f ./Core/Src/can.o
 .debug_line    0x0000000000000c2f      0x742 ./Core/Src/dma.o
 .debug_line    0x0000000000001371      0x7b1 ./Core/Src/gpio.o
 .debug_line    0x0000000000001b22     0x1aa2 ./Core/Src/lcd.o
 .debug_line    0x00000000000035c4      0xbd6 ./Core/Src/main.o
 .debug_line    0x000000000000419a      0x7eb ./Core/Src/spi.o
 .debug_line    0x0000000000004985      0x746 ./Core/Src/stm32f4xx_hal_msp.o
 .debug_line    0x00000000000050cb      0x899 ./Core/Src/stm32f4xx_it.o
 .debug_line    0x0000000000005964      0x7c8 ./Core/Src/system_stm32f4xx.o
 .debug_line    0x000000000000612c      0x805 ./Core/Src/tim.o
 .debug_line    0x0000000000006931      0xa45 ./Core/Src/tutorial3_pwm.o
 .debug_line    0x0000000000007376      0xcd5 ./Core/Src/usart.o
 .debug_line    0x000000000000804b       0x88 ./Core/Startup/startup_stm32f405rgtx.o
 .debug_line    0x00000000000080d3      0xa2e ./Drivers/STM32F4xx_HAL_Driver/Src/stm32f4xx_hal.o
 .debug_line    0x0000000000008b01     0x119a ./Drivers/STM32F4xx_HAL_Driver/Src/stm32f4xx_hal_can.o
 .debug_line    0x0000000000009c9b      0xcdd ./Drivers/STM32F4xx_HAL_Driver/Src/stm32f4xx_hal_cortex.o
 .debug_line    0x000000000000a978      0xf92 ./Drivers/STM32F4xx_HAL_Driver/Src/stm32f4xx_hal_dma.o
 .debug_line    0x000000000000b90a      0xba2 ./Drivers/STM32F4xx_HAL_Driver/Src/stm32f4xx_hal_gpio.o
 .debug_line    0x000000000000c4ac      0xdaa ./Drivers/STM32F4xx_HAL_Driver/Src/stm32f4xx_hal_rcc.o
 .debug_line    0x000000000000d256     0x1cb8 ./Drivers/STM32F4xx_HAL_Driver/Src/stm32f4xx_hal_spi.o
 .debug_line    0x000000000000ef0e     0x3722 ./Drivers/STM32F4xx_HAL_Driver/Src/stm32f4xx_hal_tim.o
 .debug_line    0x0000000000012630     0x1a2b ./Drivers/STM32F4xx_HAL_Driver/Src/stm32f4xx_hal_tim_ex.o
 .debug_line    0x000000000001405b     0x2ad3 ./Drivers/STM32F4xx_HAL_Driver/Src/stm32f4xx_hal_uart.o

.debug_str      0x0000000000000000    0xc83b3
 .debug_str     0x0000000000000000    0xbe9f0 ./Core/Src/can.o
                                      0xbecf6 (size before relaxing)
 .debug_str     0x00000000000be9f0      0x4fc ./Core/Src/dma.o
                                      0xbe72c (size before relaxing)
 .debug_str     0x00000000000beeec       0x68 ./Core/Src/gpio.o
                                      0xbe7fa (size before relaxing)
 .debug_str     0x00000000000bef54     0x4e33 ./Core/Src/lcd.o
                                      0xc31aa (size before relaxing)
 .debug_str     0x00000000000c3d87      0xb6b ./Core/Src/main.o
                                      0xc337e (size before relaxing)
 .debug_str     0x00000000000c48f2       0x88 ./Core/Src/spi.o
                                      0xbeceb (size before relaxing)
 .debug_str     0x00000000000c497a       0x2c ./Core/Src/stm32f4xx_hal_msp.o
                                      0xbe230 (size before relaxing)
 .debug_str     0x00000000000c49a6      0x58d ./Core/Src/stm32f4xx_it.o
                                      0xbeb6e (size before relaxing)
 .debug_str     0x00000000000c4f33       0xdb ./Core/Src/system_stm32f4xx.o
                                      0xbdb66 (size before relaxing)
 .debug_str     0x00000000000c500e      0x1ea ./Core/Src/tim.o
                                      0xbef2e (size before relaxing)
 .debug_str     0x00000000000c51f8      0x139 ./Core/Src/tutorial3_pwm.o
                                      0xbe88e (size before relaxing)
 .debug_str     0x00000000000c5331       0xe5 ./Core/Src/usart.o
                                      0xc39ae (size before relaxing)
 .debug_str     0x00000000000c5416       0x68 ./Core/Startup/startup_stm32f405rgtx.o
 .debug_str     0x00000000000c547e      0x5f7 ./Drivers/STM32F4xx_HAL_Driver/Src/stm32f4xx_hal.o
                                      0xbe6c9 (size before relaxing)
 .debug_str     0x00000000000c5a75      0x3b8 ./Drivers/STM32F4xx_HAL_Driver/Src/stm32f4xx_hal_can.o
                                      0xbe252 (size before relaxing)
 .debug_str     0x00000000000c5e2d      0x31d ./Drivers/STM32F4xx_HAL_Driver/Src/stm32f4xx_hal_cortex.o
                                      0xbe3fc (size before relaxing)
 .debug_str     0x00000000000c614a      0x2e6 ./Drivers/STM32F4xx_HAL_Driver/Src/stm32f4xx_hal_dma.o
                                      0xbdf80 (size before relaxing)
 .debug_str     0x00000000000c6430       0xdf ./Drivers/STM32F4xx_HAL_Driver/Src/stm32f4xx_hal_gpio.o
                                      0xbdce1 (size before relaxing)
 .debug_str     0x00000000000c650f      0x233 ./Drivers/STM32F4xx_HAL_Driver/Src/stm32f4xx_hal_rcc.o
                                      0xbdf9a (size before relaxing)
 .debug_str     0x00000000000c6742      0x518 ./Drivers/STM32F4xx_HAL_Driver/Src/stm32f4xx_hal_spi.o