../Core/Src/can.c:34:6:MX_CAN1_Init	8	static
../Core/Src/can.c:66:6:MX_CAN2_Init	8	static
../Core/Src/can.c:100:6:HAL_CAN_MspInit	56	static
../Core/Src/can.c:161:6:HAL_CAN_MspDeInit	16	static
../Core/Src/can.c:210:6:can_filter_enable	56	static
../Core/Src/can.c:228:6:can_filter_disable	56	static
../Core/Src/can.c:246:6:can_init	48	static
../Core/Src/can.c:289:6:HAL_CAN_RxFifo0MsgPendingCallback	112	static
../Core/Src/can.c:305:6:can_transmit	64	static
../Core/Src/can.c:330:6:can_ctrl_loop	16	static
../Core/Src/can.c:351:12:get_motor_feedback	16	static
../Core/Src/can.c:353:6:set_motor_current	16	static
../Core/Src/can.c:362:5:max	24	static
../Core/Src/can.c:370:5:min	24	static
../Core/Src/can.c:378:5:average	24	static
../Core/Src/can.c:395:9:General_PID	80	static
../Core/Src/can.c:424:6:PID_variable_init	16	static
../Core/Src/can.c:439:6:set_motor_speed	72	static
../Core/Src/can.c:455:6:testing	24	static
../Core/Src/can.c:466:8:averagespeed	16	static
