../Core/Src/can.c:35:6:MX_CAN1_Init	8	static
../Core/Src/can.c:67:6:MX_CAN2_Init	8	static
../Core/Src/can.c:101:6:HAL_CAN_MspInit	56	static
../Core/Src/can.c:162:6:HAL_CAN_MspDeInit	16	static
../Core/Src/can.c:211:6:can_filter_enable	56	static
../Core/Src/can.c:229:6:can_filter_disable	56	static
../Core/Src/can.c:247:6:can_init	48	static
../Core/Src/can.c:290:6:HAL_CAN_RxFifo0MsgPendingCallback	112	static
../Core/Src/can.c:306:6:can_transmit	64	static
../Core/Src/can.c:331:6:can_ctrl_loop	16	static
../Core/Src/can.c:352:12:get_motor_feedback	16	static
../Core/Src/can.c:354:6:set_motor_current	16	static
../Core/Src/can.c:363:5:max	24	static
../Core/Src/can.c:371:5:min	24	static
../Core/Src/can.c:379:5:average	24	static
../Core/Src/can.c:396:9:General_PID	80	static
../Core/Src/can.c:425:6:PID_variable_init	16	static
../Core/Src/can.c:440:6:set_motor_speed	72	static
../Core/Src/can.c:456:6:testing	32	static
../Core/Src/can.c:467:8:averagespeed	16	static
