../Core/Src/can.c:36:6:MX_CAN1_Init	8	static
../Core/Src/can.c:64:6:MX_CAN2_Init	8	static
../Core/Src/can.c:94:6:HAL_CAN_MspInit	48	static
../Core/Src/can.c:150:6:HAL_CAN_MspDeInit	0	static
../Core/Src/can.c:194:6:can_filter_enable	48	static
../Core/Src/can.c:212:6:can_filter_disable	48	static
../Core/Src/can.c:230:6:can_init	48	static
../Core/Src/can.c:273:6:HAL_CAN_RxFifo0MsgPendingCallback	56	static
../Core/Src/can.c:289:6:can_transmit	64	static
../Core/Src/can.c:314:6:can_ctrl_loop	24	static
../Core/Src/can.c:335:12:get_motor_feedback	0	static
../Core/Src/can.c:337:6:set_motor_current	0	static
../Core/Src/can.c:346:5:max	0	static
../Core/Src/can.c:354:5:min	0	static
../Core/Src/can.c:366:9:General_PID	56	static
../Core/Src/can.c:403:6:set_motor_speed	64	static
../Core/Src/can.c:419:6:testing	16	static
