../Core/Src/can.c:35:6:MX_CAN1_Init	8	static
../Core/Src/can.c:67:6:MX_CAN2_Init	8	static
../Core/Src/can.c:101:6:HAL_CAN_MspInit	48	static
../Core/Src/can.c:162:6:HAL_CAN_MspDeInit	0	static
../Core/Src/can.c:211:6:can_filter_enable	48	static
../Core/Src/can.c:229:6:can_filter_disable	48	static
../Core/Src/can.c:247:6:can_init	48	static
../Core/Src/can.c:290:6:HAL_CAN_RxFifo0MsgPendingCallback	56	static
../Core/Src/can.c:306:6:can_transmit	64	static
../Core/Src/can.c:331:6:can_ctrl_loop	24	static
../Core/Src/can.c:352:12:get_motor_feedback	0	static
../Core/Src/can.c:354:6:set_motor_current	0	static
../Core/Src/can.c:363:5:max	0	static
../Core/Src/can.c:371:5:min	0	static
../Core/Src/can.c:379:5:average	0	static
../Core/Src/can.c:396:9:General_PID	56	static
../Core/Src/can.c:425:6:PID_variable_init	8	static
../Core/Src/can.c:440:6:set_motor_speed	96	static
../Core/Src/can.c:457:6:testing	104	static
../Core/Src/can.c:476:8:averagespeed	8	static
