../Core/Src/usart.c:48:6:MX_USART1_UART_Init	8	static
../Core/Src/usart.c:77:6:MX_USART2_UART_Init	8	static
../Core/Src/usart.c:105:6:HAL_UART_MspInit	48	static
../Core/Src/usart.c:165:6:HAL_UART_MspDeInit	8	static
../Core/Src/usart.c:211:6:HAL_UART_TxCpltCallback	0	static
../Core/Src/usart.c:216:6:Reset_dat_init	0	static
../Core/Src/usart.c:223:6:fast_track	0	static
../Core/Src/usart.c:230:6:HAL_UART_RxCpltCallback	40	static
../Core/Src/usart.c:414:6:ReceiveData	0	static
../Core/Src/usart.c:420:6:SendData	152	static
