../Core/Src/usart.c:54:6:MX_USART1_UART_Init	8	static
../Core/Src/usart.c:83:6:MX_USART2_UART_Init	8	static
../Core/Src/usart.c:111:6:HAL_UART_MspInit	48	static
../Core/Src/usart.c:171:6:HAL_UART_MspDeInit	8	static
../Core/Src/usart.c:217:6:HAL_UART_TxCpltCallback	0	static
../Core/Src/usart.c:222:6:Reset_dat_init	0	static
../Core/Src/usart.c:229:6:Reset_tofdat_init	0	static
../Core/Src/usart.c:236:6:fast_track	0	static
../Core/Src/usart.c:241:6:shift	24	static
../Core/Src/usart.c:249:6:set_tar_velocity	24	static
../Core/Src/usart.c:258:6:decode_command	0	static
../Core/Src/usart.c:339:6:end_bit	24	static
../Core/Src/usart.c:381:6:HAL_UART_RxCpltCallback	8	static
../Core/Src/usart.c:421:6:ReceiveData	8	static
../Core/Src/usart.c:428:6:SendData	152	static
