Archive member included to satisfy reference by file (symbol)

c:/st/stm32cubeide_1.10.1/stm32cubeide/plugins/com.st.stm32cube.ide.mcu.externaltools.gnu-tools-for-stm32.10.3-2021.10.win32_1.0.0.202111181127/tools/bin/../lib/gcc/arm-none-eabi/10.3.1/../../../../arm-none-eabi/lib/thumb/v7e-m+fp/hard\libc_nano.a(lib_a-errno.o)
                              ./Core/Src/syscalls.o (__errno)
c:/st/stm32cubeide_1.10.1/stm32cubeide/plugins/com.st.stm32cube.ide.mcu.externaltools.gnu-tools-for-stm32.10.3-2021.10.win32_1.0.0.202111181127/tools/bin/../lib/gcc/arm-none-eabi/10.3.1/../../../../arm-none-eabi/lib/thumb/v7e-m+fp/hard\libc_nano.a(lib_a-exit.o)
                              c:/st/stm32cubeide_1.10.1/stm32cubeide/plugins/com.st.stm32cube.ide.mcu.externaltools.gnu-tools-for-stm32.10.3-2021.10.win32_1.0.0.202111181127/tools/bin/../lib/gcc/arm-none-eabi/10.3.1/../../../../arm-none-eabi/lib/thumb/v7e-m+fp/hard/crt0.o (exit)
c:/st/stm32cubeide_1.10.1/stm32cubeide/plugins/com.st.stm32cube.ide.mcu.externaltools.gnu-tools-for-stm32.10.3-2021.10.win32_1.0.0.202111181127/tools/bin/../lib/gcc/arm-none-eabi/10.3.1/../../../../arm-none-eabi/lib/thumb/v7e-m+fp/hard\libc_nano.a(lib_a-impure.o)
                              c:/st/stm32cubeide_1.10.1/stm32cubeide/plugins/com.st.stm32cube.ide.mcu.externaltools.gnu-tools-for-stm32.10.3-2021.10.win32_1.0.0.202111181127/tools/bin/../lib/gcc/arm-none-eabi/10.3.1/../../../../arm-none-eabi/lib/thumb/v7e-m+fp/hard\libc_nano.a(lib_a-exit.o) (_global_impure_ptr)
c:/st/stm32cubeide_1.10.1/stm32cubeide/plugins/com.st.stm32cube.ide.mcu.externaltools.gnu-tools-for-stm32.10.3-2021.10.win32_1.0.0.202111181127/tools/bin/../lib/gcc/arm-none-eabi/10.3.1/../../../../arm-none-eabi/lib/thumb/v7e-m+fp/hard\libc_nano.a(lib_a-init.o)
                              c:/st/stm32cubeide_1.10.1/stm32cubeide/plugins/com.st.stm32cube.ide.mcu.externaltools.gnu-tools-for-stm32.10.3-2021.10.win32_1.0.0.202111181127/tools/bin/../lib/gcc/arm-none-eabi/10.3.1/../../../../arm-none-eabi/lib/thumb/v7e-m+fp/hard/crt0.o (__libc_init_array)
c:/st/stm32cubeide_1.10.1/stm32cubeide/plugins/com.st.stm32cube.ide.mcu.externaltools.gnu-tools-for-stm32.10.3-2021.10.win32_1.0.0.202111181127/tools/bin/../lib/gcc/arm-none-eabi/10.3.1/../../../../arm-none-eabi/lib/thumb/v7e-m+fp/hard\libc_nano.a(lib_a-memcpy-stub.o)
                              ./Core/Src/main.o (memcpy)
c:/st/stm32cubeide_1.10.1/stm32cubeide/plugins/com.st.stm32cube.ide.mcu.externaltools.gnu-tools-for-stm32.10.3-2021.10.win32_1.0.0.202111181127/tools/bin/../lib/gcc/arm-none-eabi/10.3.1/../../../../arm-none-eabi/lib/thumb/v7e-m+fp/hard\libc_nano.a(lib_a-memset.o)
                              c:/st/stm32cubeide_1.10.1/stm32cubeide/plugins/com.st.stm32cube.ide.mcu.externaltools.gnu-tools-for-stm32.10.3-2021.10.win32_1.0.0.202111181127/tools/bin/../lib/gcc/arm-none-eabi/10.3.1/../../../../arm-none-eabi/lib/thumb/v7e-m+fp/hard/crt0.o (memset)
c:/st/stm32cubeide_1.10.1/stm32cubeide/plugins/com.st.stm32cube.ide.mcu.externaltools.gnu-tools-for-stm32.10.3-2021.10.win32_1.0.0.202111181127/tools/bin/../lib/gcc/arm-none-eabi/10.3.1/../../../../arm-none-eabi/lib/thumb/v7e-m+fp/hard\libm.a(lib_a-w_sqrt.o)
                              ./Core/Src/usart.o (sqrt)
c:/st/stm32cubeide_1.10.1/stm32cubeide/plugins/com.st.stm32cube.ide.mcu.externaltools.gnu-tools-for-stm32.10.3-2021.10.win32_1.0.0.202111181127/tools/bin/../lib/gcc/arm-none-eabi/10.3.1/../../../../arm-none-eabi/lib/thumb/v7e-m+fp/hard\libm.a(lib_a-e_sqrt.o)
                              c:/st/stm32cubeide_1.10.1/stm32cubeide/plugins/com.st.stm32cube.ide.mcu.externaltools.gnu-tools-for-stm32.10.3-2021.10.win32_1.0.0.202111181127/tools/bin/../lib/gcc/arm-none-eabi/10.3.1/../../../../arm-none-eabi/lib/thumb/v7e-m+fp/hard\libm.a(lib_a-w_sqrt.o) (__ieee754_sqrt)
c:/st/stm32cubeide_1.10.1/stm32cubeide/plugins/com.st.stm32cube.ide.mcu.externaltools.gnu-tools-for-stm32.10.3-2021.10.win32_1.0.0.202111181127/tools/bin/../lib/gcc/arm-none-eabi/10.3.1/thumb/v7e-m+fp/hard\libgcc.a(_arm_muldf3.o)
                              ./Core/Src/can.o (__aeabi_dmul)
c:/st/stm32cubeide_1.10.1/stm32cubeide/plugins/com.st.stm32cube.ide.mcu.externaltools.gnu-tools-for-stm32.10.3-2021.10.win32_1.0.0.202111181127/tools/bin/../lib/gcc/arm-none-eabi/10.3.1/thumb/v7e-m+fp/hard\libgcc.a(_arm_addsubdf3.o)
                              ./Core/Src/can.o (__aeabi_dsub)
c:/st/stm32cubeide_1.10.1/stm32cubeide/plugins/com.st.stm32cube.ide.mcu.externaltools.gnu-tools-for-stm32.10.3-2021.10.win32_1.0.0.202111181127/tools/bin/../lib/gcc/arm-none-eabi/10.3.1/thumb/v7e-m+fp/hard\libgcc.a(_arm_muldivdf3.o)
                              ./Core/Src/usart.o (__aeabi_ddiv)
c:/st/stm32cubeide_1.10.1/stm32cubeide/plugins/com.st.stm32cube.ide.mcu.externaltools.gnu-tools-for-stm32.10.3-2021.10.win32_1.0.0.202111181127/tools/bin/../lib/gcc/arm-none-eabi/10.3.1/thumb/v7e-m+fp/hard\libgcc.a(_arm_cmpdf2.o)
[...]
Memory Configuration

Name             Origin             Length             Attributes
CCMRAM           0x0000000010000000 0x0000000000010000 xrw
RAM              0x0000000020000000 0x0000000000020000 xrw
FLASH            0x0000000008000000 0x0000000000100000 xr
*default*        0x0000000000000000 0xffffffffffffffff

Linker script and memory map

LOAD c:/st/stm32cubeide_1.10.1/stm32cubeide/plugins/com.st.stm32cube.ide.mcu.externaltools.gnu-tools-for-stm32.10.3-2021.10.win32_1.0.0.202111181127/tools/bin/../lib/gcc/arm-none-eabi/10.3.1/thumb/v7e-m+fp/hard/crti.o
LOAD c:/st/stm32cubeide_1.10.1/stm32cubeide/plugins/com.st.stm32cube.ide.mcu.externaltools.gnu-tools-for-stm32.10.3-2021.10.win32_1.0.0.202111181127/tools/bin/../lib/gcc/arm-none-eabi/10.3.1/thumb/v7e-m+fp/hard/crtbegin.o
LOAD c:/st/stm32cubeide_1.10.1/stm32cubeide/plugins/com.st.stm32cube.ide.mcu.externaltools.gnu-tools-for-stm32.10.3-2021.10.win32_1.0.0.202111181127/tools/bin/../lib/gcc/arm-none-eabi/10.3.1/../../../../arm-none-eabi/lib/thumb/v7e-m+fp/hard/crt0.o
LOAD ./Core/Src/can.o
LOAD ./Core/Src/dma.o
LOAD ./Core/Src/gpio.o
LOAD ./Core/Src/i2c.o
LOAD ./Core/Src/lcd.o
LOAD ./Core/Src/lcd_graphics.o
LOAD ./Core/Src/main.o
LOAD ./Core/Src/pwm.o
LOAD ./Core/Src/spi.o
LOAD ./Core/Src/stm32f4xx_hal_msp.o
LOAD ./Core/Src/stm32f4xx_it.o
LOAD ./Core/Src/syscalls.o
LOAD ./Core/Src/sysmem.o
LOAD ./Core/Src/system_stm32f4xx.o
LOAD ./Core/Src/tim.o
LOAD ./Core/Src/tutorial2_hw.o
LOAD ./Core/Src/tutorial3_pwm.o
LOAD ./Core/Src/usart.o
LOAD ./Core/Startup/startup_stm32f405rgtx.o
LOAD ./Drivers/STM32F4xx_HAL_Driver/Src/stm32f4xx_hal.o
LOAD ./Drivers/STM32F4xx_HAL_Driver/Src/stm32f4xx_hal_can.o
LOAD ./Drivers/STM32F4xx_HAL_Driver/Src/stm32f4xx_hal_cortex.o
LOAD ./Drivers/STM32F4xx_HAL_Driver/Src/stm32f4xx_hal_dma.o
LOAD ./Drivers/STM32F4xx_HAL_Driver/Src/stm32f4xx_hal_dma_ex.o
LOAD ./Drivers/STM32F4xx_HAL_Driver/Src/stm32f4xx_hal_exti.o
LOAD ./Drivers/STM32F4xx_HAL_Driver/Src/stm32f4xx_hal_flash.o
LOAD ./Drivers/STM32F4xx_HAL_Driver/Src/stm32f4xx_hal_flash_ex.o
LOAD ./Drivers/STM32F4xx_HAL_Driver/Src/stm32f4xx_hal_flash_ramfunc.o
LOAD ./Drivers/STM32F4xx_HAL_Driver/Src/stm32f4xx_hal_gpio.o
LOAD ./Drivers/STM32F4xx_HAL_Driver/Src/stm32f4xx_hal_i2c.o
LOAD ./Drivers/STM32F4xx_HAL_Driver/Src/stm32f4xx_hal_i2c_ex.o
LOAD ./Drivers/STM32F4xx_HAL_Driver/Src/stm32f4xx_hal_pwr.o
LOAD ./Drivers/STM32F4xx_HAL_Driver/Src/stm32f4xx_hal_pwr_ex.o
LOAD ./Drivers/STM32F4xx_HAL_Driver/Src/stm32f4xx_hal_rcc.o
LOAD ./Drivers/STM32F4xx_HAL_Driver/Src/stm32f4xx_hal_rcc_ex.o
LOAD ./Drivers/STM32F4xx_HAL_Driver/Src/stm32f4xx_hal_spi.o
LOAD ./Drivers/STM32F4xx_HAL_Driver/Src/stm32f4xx_hal_tim.o
LOAD ./Drivers/STM32F4xx_HAL_Driver/Src/stm32f4xx_hal_tim_ex.o
LOAD ./Drivers/STM32F4xx_HAL_Driver/Src/stm32f4xx_hal_uart.o
START GROUP
LOAD c:/st/stm32cubeide_1.10.1/stm32cubeide/plugins/com.st.stm32cube.ide.mcu.externaltools.gnu-tools-for-stm32.10.3-2021.10.win32_1.0.0.202111181127/tools/bin/../lib/gcc/arm-none-eabi/10.3.1/../../../../arm-none-eabi/lib/thumb/v7e-m+fp/hard\libc_nano.a
LOAD c:/st/stm32cubeide_1.10.1/stm32cubeide/plugins/com.st.stm32cube.ide.mcu.externaltools.gnu-tools-for-stm32.10.3-2021.10.win32_1.0.0.202111181127/tools/bin/../lib/gcc/arm-none-eabi/10.3.1/../../../../arm-none-eabi/lib/thumb/v7e-m+fp/hard\libm.a
END GROUP
START GROUP
LOAD c:/st/stm32cubeide_1.10.1/stm32cubeide/plugins/com.st.stm32cube.ide.mcu.externaltools.gnu-tools-for-stm32.10.3-2021.10.win32_1.0.0.202111181127/tools/bin/../lib/gcc/arm-none-eabi/10.3.1/thumb/v7e-m+fp/hard\libgcc.a
LOAD c:/st/stm32cubeide_1.10.1/stm32cubeide/plugins/com.st.stm32cube.ide.mcu.externaltools.gnu-tools-for-stm32.10.3-2021.10.win32_1.0.0.202111181127/tools/bin/../lib/gcc/arm-none-eabi/10.3.1/../../../../arm-none-eabi/lib/thumb/v7e-m+fp/hard\libc_nano.a
END GROUP
START GROUP
LOAD c:/st/stm32cubeide_1.10.1/stm32cubeide/plugins/com.st.stm32cube.ide.mcu.externaltools.gnu-tools-for-stm32.10.3-2021.10.win32_1.0.0.202111181127/tools/bin/../lib/gcc/arm-none-eabi/10.3.1/thumb/v7e-m+fp/hard\libgcc.a
LOAD c:/st/stm32cubeide_1.10.1/stm32cubeide/plugins/com.st.stm32cube.ide.mcu.externaltools.gnu-tools-for-stm32.10.3-2021.10.win32_1.0.0.202111181127/tools/bin/../lib/gcc/arm-none-eabi/10.3.1/../../../../arm-none-eabi/lib/thumb/v7e-m+fp/hard\libc_nano.a
LOAD c:/st/stm32cubeide_1.10.1/stm32cubeide/plugins/com.st.stm32cube.ide.mcu.externaltools.gnu-tools-for-stm32.10.3-2021.10.win32_1.0.0.202111181127/tools/bin/../lib/gcc/arm-none-eabi/10.3.1/../../../../arm-none-eabi/lib/thumb/v7e-m+fp/hard\libnosys.a
END GROUP
START GROUP
LOAD c:/st/stm32cubeide_1.10.1/stm32cubeide/plugins/com.st.stm32cube.ide.mcu.externaltools.gnu-tools-for-stm32.10.3-2021.10.win32_1.0.0.202111181127/tools/bin/../lib/gcc/arm-none-eabi/10.3.1/thumb/v7e-m+fp/hard\libgcc.a
LOAD c:/st/stm32cubeide_1.10.1/stm32cubeide/plugins/com.st.stm32cube.ide.mcu.externaltools.gnu-tools-for-stm32.10.3-2021.10.win32_1.0.0.202111181127/tools/bin/../lib/gcc/arm-none-eabi/10.3.1/../../../../arm-none-eabi/lib/thumb/v7e-m+fp/hard\libc_nano.a
LOAD c:/st/stm32cubeide_1.10.1/stm32cubeide/plugins/com.st.stm32cube.ide.mcu.externaltools.gnu-tools-for-stm32.10.3-2021.10.win32_1.0.0.202111181127/tools/bin/../lib/gcc/arm-none-eabi/10.3.1/../../../../arm-none-eabi/lib/thumb/v7e-m+fp/hard\libnosys.a
END GROUP
LOAD c:/st/stm32cubeide_1.10.1/stm32cubeide/plugins/com.st.stm32cube.ide.mcu.externaltools.gnu-tools-for-stm32.10.3-2021.10.win32_1.0.0.202111181127/tools/bin/../lib/gcc/arm-none-eabi/10.3.1/thumb/v7e-m+fp/hard/crtend.o
LOAD c:/st/stm32cubeide_1.10.1/stm32cubeide/plugins/com.st.stm32cube.ide.mcu.externaltools.gnu-tools-for-stm32.10.3-2021.10.win32_1.0.0.202111181127/tools/bin/../lib/gcc/arm-none-eabi/10.3.1/thumb/v7e-m+fp/hard/crtn.o
                0x0000000020020000                _estack = (ORIGIN (RAM) + LENGTH (RAM))
                0x0000000000000200                _Min_Heap_Size = 0x200
                0x0000000000000400                _Min_Stack_Size = 0x400

.isr_vector     0x0000000008000000      0x188
                0x0000000008000000                . = ALIGN (0x4)
 *(.isr_vector)
 .isr_vector    0x0000000008000000      0x188 ./Core/Startup/startup_stm32f405rgtx.o
                0x0000000008000000                g_pfnVectors
                0x0000000008000188                . = ALIGN (0x4)

.text           0x0000000008000188     0x58d8
                0x0000000008000188                . = ALIGN (0x4)
 *(.text)
 .text          0x0000000008000188       0x40 c:/st/stm32cubeide_1.10.1/stm32cubeide/plugins/com.st.stm32cube.ide.mcu.externaltools.gnu-tools-for-stm32.10.3-2021.10.win32_1.0.0.202111181127/tools/bin/../lib/gcc/arm-none-eabi/10.3.1/thumb/v7e-m+fp/hard/crtbegin.o
 .text          0x00000000080001c8      0x378 c:/st/stm32cubeide_1.10.1/stm32cubeide/plugins/com.st.stm32cube.ide.mcu.externaltools.gnu-tools-for-stm32.10.3-2021.10.win32_1.0.0.202111181127/tools/bin/../lib/gcc/arm-none-eabi/10.3.1/thumb/v7e-m+fp/hard\libgcc.a(_arm_addsubdf3.o)
                0x00000000080001c8                __aeabi_drsub
                0x00000000080001d0                __aeabi_dsub
                0x00000000080001d0                __subdf3
                0x00000000080001d4                __aeabi_dadd
                0x00000000080001d4                __adddf3
                0x000000000800044c                __floatunsidf
                0x000000000800044c                __aeabi_ui2d
                0x000000000800046c                __floatsidf
                0x000000000800046c                __aeabi_i2d
                0x0000000008000490                __aeabi_f2d
                0x0000000008000490                __extendsfdf2
                0x00000000080004d4                __floatundidf
                0x00000000080004d4                __aeabi_ul2d
                0x00000000080004e4                __floatdidf
                0x00000000080004e4                __aeabi_l2d
 .text          0x0000000008000540      0x424 c:/st/stm32cubeide_1.10.1/stm32cubeide/plugins/com.st.stm32cube.ide.mcu.externaltools.gnu-tools-for-stm32.10.3-2021.10.win32_1.0.0.202111181127/tools/bin/../lib/gcc/arm-none-eabi/10.3.1/thumb/v7e-m+fp/hard\libgcc.a(_arm_muldivdf3.o)
                0x0000000008000540                __aeabi_dmul
                0x0000000008000540                __muldf3
                0x0000000008000794                __divdf3
                0x0000000008000794                __aeabi_ddiv
 .text          0x0000000008000964      0x110 c:/st/stm32cubeide_1.10.1/stm32cubeide/plugins/com.st.stm32cube.ide.mcu.externaltools.gnu-tools-for-stm32.10.3-2021.10.win32_1.0.0.202111181127/tools/bin/../lib/gcc/arm-none-eabi/10.3.1/thumb/v7e-m+fp/hard\libgcc.a(_arm_cmpdf2.o)
                0x0000000008000964                __gtdf2
                0x0000000008000964                __gedf2
                0x000000000800096c                __ltdf2
                0x000000000800096c                __ledf2
                0x0000000008000974                __nedf2
                0x0000000008000974                __eqdf2
                0x0000000008000974                __cmpdf2
                0x00000000080009f0                __aeabi_cdrcmple
                0x0000000008000a00                __aeabi_cdcmpeq
                0x0000000008000a00                __aeabi_cdcmple
                0x0000000008000a10                __aeabi_dcmpeq
                0x0000000008000a24                __aeabi_dcmplt
                0x0000000008000a38                __aeabi_dcmple
                0x0000000008000a4c                __aeabi_dcmpge
                0x0000000008000a60                __aeabi_dcmpgt
 .text          0x0000000008000a74       0x2c c:/st/stm32cubeide_1.10.1/stm32cubeide/plugins/com.st.stm32cube.ide.mcu.externaltools.gnu-tools-for-stm32.10.3-2021.10.win32_1.0.0.202111181127/tools/bin/../lib/gcc/arm-none-eabi/10.3.1/thumb/v7e-m+fp/hard\libgcc.a(_arm_unorddf2.o)
                0x0000000008000a74                __unorddf2
                0x0000000008000a74                __aeabi_dcmpun
 .text          0x0000000008000aa0       0x50 c:/st/stm32cubeide_1.10.1/stm32cubeide/plugins/com.st.stm32cube.ide.mcu.externaltools.gnu-tools-for-stm32.10.3-2021.10.win32_1.0.0.202111181127/tools/bin/../lib/gcc/arm-none-eabi/10.3.1/thumb/v7e-m+fp/hard\libgcc.a(_arm_fixdfsi.o)
                0x0000000008000aa0                __aeabi_d2iz
                0x0000000008000aa0                __fixdfsi
 .text          0x0000000008000af0       0x40 c:/st/stm32cubeide_1.10.1/stm32cubeide/plugins/com.st.stm32cube.ide.mcu.externaltools.gnu-tools-for-stm32.10.3-2021.10.win32_1.0.0.202111181127/tools/bin/../lib/gcc/arm-none-eabi/10.3.1/thumb/v7e-m+fp/hard\libgcc.a(_arm_fixunsdfsi.o)
                0x0000000008000af0                __aeabi_d2uiz
                0x0000000008000af0                __fixunsdfsi
 .text          0x0000000008000b30       0xa0 c:/st/stm32cubeide_1.10.1/stm32cubeide/plugins/com.st.stm32cube.ide.mcu.externaltools.gnu-tools-for-stm32.10.3-2021.10.win32_1.0.0.202111181127/tools/bin/../lib/gcc/arm-none-eabi/10.3.1/thumb/v7e-m+fp/hard\libgcc.a(_arm_truncdfsf2.o)
                0x0000000008000b30                __truncdfsf2
                0x0000000008000b30                __aeabi_d2f
 .text          0x0000000008000bd0       0x30 c:/st/stm32cubeide_1.10.1/stm32cubeide/plugins/com.st.stm32cube.ide.mcu.externaltools.gnu-tools-for-stm32.10.3-2021.10.win32_1.0.0.202111181127/tools/bin/../lib/gcc/arm-none-eabi/10.3.1/thumb/v7e-m+fp/hard\libgcc.a(_aeabi_uldivmod.o)
                0x0000000008000bd0                __aeabi_uldivmod
 .text          0x0000000008000c00       0x30 c:/st/stm32cubeide_1.10.1/stm32cubeide/plugins/com.st.stm32cube.ide.mcu.externaltools.gnu-tools-for-stm32.10.3-2021.10.win32_1.0.0.202111181127/tools/bin/../lib/gcc/arm-none-eabi/10.3.1/thumb/v7e-m+fp/hard\libgcc.a(_fixdfdi.o)
                0x0000000008000c00                __fixdfdi
                0x0000000008000c00                __aeabi_d2lz
 .text          0x0000000008000c30       0x3c c:/st/stm32cubeide_1.10.1/stm32cubeide/plugins/com.st.stm32cube.ide.mcu.externaltools.gnu-tools-for-stm32.10.3-2021.10.win32_1.0.0.202111181127/tools/bin/../lib/gcc/arm-none-eabi/10.3.1/thumb/v7e-m+fp/hard\libgcc.a(_fixunsdfdi.o)
                0x0000000008000c30                __fixunsdfdi
                0x0000000008000c30                __aeabi_d2ulz
 .text          0x0000000008000c6c      0x2d0 c:/st/stm32cubeide_1.10.1/stm32cubeide/plugins/com.st.stm32cube.ide.mcu.externaltools.gnu-tools-for-stm32.10.3-2021.10.win32_1.0.0.202111181127/tools/bin/../lib/gcc/arm-none-eabi/10.3.1/thumb/v7e-m+fp/hard\libgcc.a(_udivmoddi4.o)
                0x0000000008000c6c                __udivmoddi4
 .text          0x0000000008000f3c        0x4 c:/st/stm32cubeide_1.10.1/stm32cubeide/plugins/com.st.stm32cube.ide.mcu.externaltools.gnu-tools-for-stm32.10.3-2021.10.win32_1.0.0.202111181127/tools/bin/../lib/gcc/arm-none-eabi/10.3.1/thumb/v7e-m+fp/hard\libgcc.a(_dvmd_tls.o)
                0x0000000008000f3c                __aeabi_idiv0
                0x0000000008000f3c                __aeabi_ldiv0
 *(.text*)
 .text.MX_CAN1_Init
                0x0000000008000f40       0x3c ./Core/Src/can.o
                0x0000000008000f40                MX_CAN1_Init
 .text.MX_CAN2_Init
                0x0000000008000f7c       0x3c ./Core/Src/can.o
                0x0000000008000f7c                MX_CAN2_Init
 .text.HAL_CAN_MspInit
                0x0000000008000fb8       0xfc ./Core/Src/can.o
                0x0000000008000fb8                HAL_CAN_MspInit
 .text.can_init
                0x00000000080010b4       0x58 ./Core/Src/can.o
                0x00000000080010b4                can_init
 .text.HAL_CAN_RxFifo0MsgPendingCallback
                0x000000000800110c       0xa0 ./Core/Src/can.o
                0x000000000800110c                HAL_CAN_RxFifo0MsgPendingCallback
 .text.can_transmit
                0x00000000080011ac       0x6c ./Core/Src/can.o
                0x00000000080011ac                can_transmit
 .text.can_ctrl_loop
                0x0000000008001218       0xa0 ./Core/Src/can.o
                0x0000000008001218                can_ctrl_loop
 .text.get_motor_feedback
                0x00000000080012b8       0x18 ./Core/Src/can.o
                0x00000000080012b8                get_motor_feedback
 .text.set_motor_current
                0x00000000080012d0       0x24 ./Core/Src/can.o
                0x00000000080012d0                set_motor_current
 .text.max      0x00000000080012f4       0x18 ./Core/Src/can.o
                0x00000000080012f4                max
 .text.min      0x000000000800130c       0x18 ./Core/Src/can.o
                0x000000000800130c                min
 .text.average  0x0000000008001324       0x1c ./Core/Src/can.o
                0x0000000008001324                average
 .text.PID_variable_init
                0x0000000008001340       0x30 ./Core/Src/can.o
                0x0000000008001340                PID_variable_init
 .text.set_motor_speed
                0x0000000008001370      0x12c ./Core/Src/can.o
                0x0000000008001370                set_motor_speed
 .text.testing  0x000000000800149c       0xa0 ./Core/Src/can.o
                0x000000000800149c                testing
 .text.averagespeed
                0x000000000800153c       0x20 ./Core/Src/can.o
                0x000000000800153c                averagespeed
 .text.MX_DMA_Init
                0x000000000800155c       0x34 ./Core/Src/dma.o
                0x000000000800155c                MX_DMA_Init
 .text.MX_GPIO_Init
                0x0000000008001590      0x174 ./Core/Src/gpio.o
                0x0000000008001590                MX_GPIO_Init
 .text.MX_I2C2_Init
                0x0000000008001704       0x3c ./Core/Src/i2c.o
                0x0000000008001704                MX_I2C2_Init
 .text.HAL_I2C_MspInit
                0x0000000008001740       0x70 ./Core/Src/i2c.o
                0x0000000008001740                HAL_I2C_MspInit
 .text.tft_char_is_changed
                0x00000000080017b0       0x60 ./Core/Src/lcd.o
 .text.itos     0x0000000008001810       0x4a ./Core/Src/lcd.o
 .text.prints   0x000000000800185a       0x80 ./Core/Src/lcd.o
 .text.printi   0x00000000080018da       0x98 ./Core/Src/lcd.o
 *fill*         0x0000000008001972        0x2 
 .text.tft_clear
                0x0000000008001974       0x4c ./Core/Src/lcd.o
 .text.tft_clear_full
                0x00000000080019c0       0x7c ./Core/Src/lcd.o
 .text.write_data
                0x0000000008001a3c       0x10 ./Core/Src/lcd.o
 .text.write_command
                0x0000000008001a4c       0x40 ./Core/Src/lcd.o
 .text.ftos.isra.0
                0x0000000008001a8c       0xb8 ./Core/Src/lcd.o
 .text.print    0x0000000008001b44      0x17c ./Core/Src/lcd.o
 .text.tft_set_region
                0x0000000008001cc0       0x7c ./Core/Src/lcd.o
 .text.tft_print_colored
                0x0000000008001d3c      0x154 ./Core/Src/lcd.o
                0x0000000008001d3c                tft_print_colored
 .text.tft_printc
                0x0000000008001e90       0x20 ./Core/Src/lcd.o
                0x0000000008001e90                tft_printc
 .text.tft_prints
                0x0000000008001eb0       0x42 ./Core/Src/lcd.o
                0x0000000008001eb0                tft_prints
 *fill*         0x0000000008001ef2        0x2 
 .text.tft_print_rectangle_dma
                0x0000000008001ef4       0xa0 ./Core/Src/lcd.o
                0x0000000008001ef4                tft_print_rectangle_dma
 .text.tft_print_rectangle
                0x0000000008001f94       0x9a ./Core/Src/lcd.o
                0x0000000008001f94                tft_print_rectangle
 *fill*         0x000000000800202e        0x2 
 .text.tft_print_image
                0x0000000008002030       0x4c ./Core/Src/lcd.o
                0x0000000008002030                tft_print_image
 .text.tft_update
                0x000000000800207c      0x1c0 ./Core/Src/lcd.o
                0x000000000800207c                tft_update
 .text.tft_force_clear
                0x000000000800223c       0x44 ./Core/Src/lcd.o
                0x000000000800223c                tft_force_clear
 .text.tft_init
                0x0000000008002280      0x180 ./Core/Src/lcd.o
                0x0000000008002280                tft_init
 .text.SystemClock_Config
                0x0000000008002400       0xa0 ./Core/Src/main.o
                0x0000000008002400                SystemClock_Config
 .text.startup.main
                0x00000000080024a0      0x444 ./Core/Src/main.o
                0x00000000080024a0                main
 .text.Error_Handler
                0x00000000080028e4        0x4 ./Core/Src/main.o
                0x00000000080028e4                Error_Handler
 .text.pwm_init
                0x00000000080028e8       0x40 ./Core/Src/pwm.o
                0x00000000080028e8                pwm_init
 .text.pwm_angle
                0x0000000008002928       0x20 ./Core/Src/pwm.o
                0x0000000008002928                pwm_angle
 .text.MX_SPI1_Init
                0x0000000008002948       0x44 ./Core/Src/spi.o
                0x0000000008002948                MX_SPI1_Init
 .text.HAL_SPI_MspInit
                0x000000000800298c       0xc0 ./Core/Src/spi.o
                0x000000000800298c                HAL_SPI_MspInit
 .text.HAL_MspInit
                0x0000000008002a4c       0x38 ./Core/Src/stm32f4xx_hal_msp.o
                0x0000000008002a4c                HAL_MspInit
 .text.NMI_Handler
                0x0000000008002a84        0x2 ./Core/Src/stm32f4xx_it.o
                0x0000000008002a84                NMI_Handler
 .text.HardFault_Handler
                0x0000000008002a86        0x2 ./Core/Src/stm32f4xx_it.o
                0x0000000008002a86                HardFault_Handler
 .text.MemManage_Handler
                0x0000000008002a88        0x2 ./Core/Src/stm32f4xx_it.o
                0x0000000008002a88                MemManage_Handler
 .text.BusFault_Handler
                0x0000000008002a8a        0x2 ./Core/Src/stm32f4xx_it.o
                0x0000000008002a8a                BusFault_Handler
 .text.UsageFault_Handler
                0x0000000008002a8c        0x2 ./Core/Src/stm32f4xx_it.o
                0x0000000008002a8c                UsageFault_Handler
 .text.SVC_Handler
                0x0000000008002a8e        0x2 ./Core/Src/stm32f4xx_it.o
                0x0000000008002a8e                SVC_Handler
 .text.DebugMon_Handler
                0x0000000008002a90        0x2 ./Core/Src/stm32f4xx_it.o
                0x0000000008002a90                DebugMon_Handler
 .text.PendSV_Handler
                0x0000000008002a92        0x2 ./Core/Src/stm32f4xx_it.o
                0x0000000008002a92                PendSV_Handler
 .text.SysTick_Handler
                0x0000000008002a94        0x4 ./Core/Src/stm32f4xx_it.o
                0x0000000008002a94                SysTick_Handler
 .text.TIM3_IRQHandler
                0x0000000008002a98        0xc ./Core/Src/stm32f4xx_it.o
                0x0000000008002a98                TIM3_IRQHandler
 .text.SPI1_IRQHandler
                0x0000000008002aa4        0xc ./Core/Src/stm32f4xx_it.o
                0x0000000008002aa4                SPI1_IRQHandler
 .text.USART1_IRQHandler
                0x0000000008002ab0        0xc ./Core/Src/stm32f4xx_it.o
                0x0000000008002ab0                USART1_IRQHandler
 .text.USART2_IRQHandler
                0x0000000008002abc        0xc ./Core/Src/stm32f4xx_it.o
                0x0000000008002abc                USART2_IRQHandler
 .text.EXTI15_10_IRQHandler
                0x0000000008002ac8        0x8 ./Core/Src/stm32f4xx_it.o
                0x0000000008002ac8                EXTI15_10_IRQHandler
 .text.TIM5_IRQHandler
                0x0000000008002ad0        0xc ./Core/Src/stm32f4xx_it.o
                0x0000000008002ad0                TIM5_IRQHandler
 .text.DMA2_Stream3_IRQHandler
                0x0000000008002adc        0xc ./Core/Src/stm32f4xx_it.o
                0x0000000008002adc                DMA2_Stream3_IRQHandler
 .text.SystemInit
                0x0000000008002ae8       0x14 ./Core/Src/system_stm32f4xx.o
                0x0000000008002ae8                SystemInit
 .text.HAL_TIM_Base_MspInit
                0x0000000008002afc       0x74 ./Core/Src/tim.o
                0x0000000008002afc                HAL_TIM_Base_MspInit
 .text.HAL_TIM_MspPostInit
                0x0000000008002b70       0x8c ./Core/Src/tim.o
                0x0000000008002b70                HAL_TIM_MspPostInit
 .text.MX_TIM3_Init
                0x0000000008002bfc       0xa0 ./Core/Src/tim.o
                0x0000000008002bfc                MX_TIM3_Init
 .text.MX_TIM5_Init
                0x0000000008002c9c       0x9c ./Core/Src/tim.o
                0x0000000008002c9c                MX_TIM5_Init
 .text.MX_USART1_UART_Init
                0x0000000008002d38       0x38 ./Core/Src/usart.o
                0x0000000008002d38                MX_USART1_UART_Init
 .text.MX_USART2_UART_Init
                0x0000000008002d70       0x38 ./Core/Src/usart.o
                0x0000000008002d70                MX_USART2_UART_Init
 .text.HAL_UART_MspInit
                0x0000000008002da8       0xe0 ./Core/Src/usart.o
                0x0000000008002da8                HAL_UART_MspInit
 .text.HAL_UART_TxCpltCallback
                0x0000000008002e88        0x2 ./Core/Src/usart.o
                0x0000000008002e88                HAL_UART_TxCpltCallback
 *fill*         0x0000000008002e8a        0x2 
 .text.Reset_dat_init
                0x0000000008002e8c       0x10 ./Core/Src/usart.o
                0x0000000008002e8c                Reset_dat_init
 .text.Reset_tofdat_init
                0x0000000008002e9c       0x10 ./Core/Src/usart.o
                0x0000000008002e9c                Reset_tofdat_init
 .text.shift    0x0000000008002eac       0x88 ./Core/Src/usart.o
                0x0000000008002eac                shift
 .text.set_tar_velocity
                0x0000000008002f34       0x38 ./Core/Src/usart.o
                0x0000000008002f34                set_tar_velocity
 .text.decode_command
                0x0000000008002f6c       0x98 ./Core/Src/usart.o
                0x0000000008002f6c                decode_command
 .text.end_bit  0x0000000008003004       0xc4 ./Core/Src/usart.o
                0x0000000008003004                end_bit
 .text.HAL_UART_RxCpltCallback
                0x00000000080030c8       0x84 ./Core/Src/usart.o
                0x00000000080030c8                HAL_UART_RxCpltCallback
 .text.ReceiveData
                0x000000000800314c       0x1c ./Core/Src/usart.o
                0x000000000800314c                ReceiveData
 .text.SendData
                0x0000000008003168      0x160 ./Core/Src/usart.o
                0x0000000008003168                SendData
 .text.Reset_Handler
                0x00000000080032c8       0x50 ./Core/Startup/startup_stm32f405rgtx.o
                0x00000000080032c8                Reset_Handler
 .text.Default_Handler
                0x0000000008003318        0x2 ./Core/Startup/startup_stm32f405rgtx.o
                0x0000000008003318                RTC_Alarm_IRQHandler
                0x0000000008003318                HASH_RNG_IRQHandler
                0x0000000008003318                EXTI2_IRQHandler
                0x0000000008003318                TIM8_CC_IRQHandler
                0x0000000008003318                TIM1_CC_IRQHandler
                0x0000000008003318                DMA2_Stream5_IRQHandler
                0x0000000008003318                DMA1_Stream5_IRQHandler
                0x0000000008003318                PVD_IRQHandler
                0x0000000008003318                SDIO_IRQHandler
                0x0000000008003318                TAMP_STAMP_IRQHandler
                0x0000000008003318                CAN2_RX1_IRQHandler
                0x0000000008003318                EXTI3_IRQHandler
                0x0000000008003318                TIM8_TRG_COM_TIM14_IRQHandler
                0x0000000008003318                TIM1_UP_TIM10_IRQHandler
                0x0000000008003318                TIM8_UP_TIM13_IRQHandler
                0x0000000008003318                I2C3_ER_IRQHandler
                0x0000000008003318                EXTI0_IRQHandler
                0x0000000008003318                I2C2_EV_IRQHandler
                0x0000000008003318                DMA1_Stream2_IRQHandler
                0x0000000008003318                CAN1_RX0_IRQHandler
                0x0000000008003318                FPU_IRQHandler
                0x0000000008003318                OTG_HS_WKUP_IRQHandler
                0x0000000008003318                CAN2_SCE_IRQHandler
                0x0000000008003318                DMA2_Stream2_IRQHandler
                0x0000000008003318                TIM6_DAC_IRQHandler
                0x0000000008003318                TIM1_BRK_TIM9_IRQHandler
                0x0000000008003318                CAN2_RX0_IRQHandler
                0x0000000008003318                USART6_IRQHandler
                0x0000000008003318                USART3_IRQHandler
                0x0000000008003318                CAN1_RX1_IRQHandler
                0x0000000008003318                UART5_IRQHandler
                0x0000000008003318                DMA2_Stream0_IRQHandler
                0x0000000008003318                TIM4_IRQHandler
                0x0000000008003318                I2C1_EV_IRQHandler
                0x0000000008003318                DMA1_Stream6_IRQHandler
                0x0000000008003318                DMA1_Stream1_IRQHandler
                0x0000000008003318                UART4_IRQHandler
                0x0000000008003318                RCC_IRQHandler
                0x0000000008003318                TIM8_BRK_TIM12_IRQHandler
                0x0000000008003318                Default_Handler
                0x0000000008003318                ADC_IRQHandler
                0x0000000008003318                DMA1_Stream7_IRQHandler
                0x0000000008003318                TIM7_IRQHandler
                0x0000000008003318                CAN2_TX_IRQHandler
                0x0000000008003318                DMA2_Stream7_IRQHandler
                0x0000000008003318                I2C3_EV_IRQHandler
                0x0000000008003318                EXTI9_5_IRQHandler
                0x0000000008003318                RTC_WKUP_IRQHandler
                0x0000000008003318                SPI2_IRQHandler
                0x0000000008003318                OTG_HS_EP1_IN_IRQHandler
                0x0000000008003318                DMA1_Stream0_IRQHandler
                0x0000000008003318                CAN1_TX_IRQHandler
                0x0000000008003318                EXTI4_IRQHandler
                0x0000000008003318                FSMC_IRQHandler
                0x0000000008003318                OTG_HS_EP1_OUT_IRQHandler
                0x0000000008003318                WWDG_IRQHandler
                0x0000000008003318                TIM2_IRQHandler
                0x0000000008003318                OTG_FS_WKUP_IRQHandler
                0x0000000008003318                TIM1_TRG_COM_TIM11_IRQHandler
                0x0000000008003318                OTG_HS_IRQHandler
                0x0000000008003318                EXTI1_IRQHandler
                0x0000000008003318                I2C2_ER_IRQHandler
                0x0000000008003318                DMA2_Stream1_IRQHandler
                0x0000000008003318                CAN1_SCE_IRQHandler
                0x0000000008003318                FLASH_IRQHandler
                0x0000000008003318                DMA2_Stream4_IRQHandler
                0x0000000008003318                OTG_FS_IRQHandler
                0x0000000008003318                SPI3_IRQHandler
                0x0000000008003318                DMA1_Stream4_IRQHandler
                0x0000000008003318                I2C1_ER_IRQHandler
                0x0000000008003318                DMA2_Stream6_IRQHandler
                0x0000000008003318                DMA1_Stream3_IRQHandler
 *fill*         0x000000000800331a        0x2 
 .text.HAL_InitTick
                0x000000000800331c       0x48 ./Drivers/STM32F4xx_HAL_Driver/Src/stm32f4xx_hal.o
                0x000000000800331c                HAL_InitTick
 .text.HAL_Init
                0x0000000008003364       0x34 ./Drivers/STM32F4xx_HAL_Driver/Src/stm32f4xx_hal.o
                0x0000000008003364                HAL_Init
 .text.HAL_IncTick
                0x0000000008003398       0x18 ./Drivers/STM32F4xx_HAL_Driver/Src/stm32f4xx_hal.o
                0x0000000008003398                HAL_IncTick
 .text.HAL_GetTick
                0x00000000080033b0        0xc ./Drivers/STM32F4xx_HAL_Driver/Src/stm32f4xx_hal.o
                0x00000000080033b0                HAL_GetTick
 .text.HAL_Delay
                0x00000000080033bc       0x28 ./Drivers/STM32F4xx_HAL_Driver/Src/stm32f4xx_hal.o
                0x00000000080033bc                HAL_Delay
 .text.HAL_CAN_Init
                0x00000000080033e4       0xf6 ./Drivers/STM32F4xx_HAL_Driver/Src/stm32f4xx_hal_can.o
                0x00000000080033e4                HAL_CAN_Init
 *fill*         0x00000000080034da        0x2 
 .text.HAL_CAN_ConfigFilter
                0x00000000080034dc      0x110 ./Drivers/STM32F4xx_HAL_Driver/Src/stm32f4xx_hal_can.o
                0x00000000080034dc                HAL_CAN_ConfigFilter
 .text.HAL_CAN_Start
                0x00000000080035ec       0x5c ./Drivers/STM32F4xx_HAL_Driver/Src/stm32f4xx_hal_can.o
                0x00000000080035ec                HAL_CAN_Start
 .text.HAL_CAN_AddTxMessage
                0x0000000008003648       0xa0 ./Drivers/STM32F4xx_HAL_Driver/Src/stm32f4xx_hal_can.o
                0x0000000008003648                HAL_CAN_AddTxMessage
 .text.HAL_CAN_IsTxMessagePending
                0x00000000080036e8       0x22 ./Drivers/STM32F4xx_HAL_Driver/Src/stm32f4xx_hal_can.o
                0x00000000080036e8                HAL_CAN_IsTxMessagePending
 .text.HAL_CAN_GetRxMessage
                0x000000000800370a       0xee ./Drivers/STM32F4xx_HAL_Driver/Src/stm32f4xx_hal_can.o
                0x000000000800370a                HAL_CAN_GetRxMessage
 .text.HAL_CAN_ActivateNotification
                0x00000000080037f8       0x22 ./Drivers/STM32F4xx_HAL_Driver/Src/stm32f4xx_hal_can.o
                0x00000000080037f8                HAL_CAN_ActivateNotification
 *fill*         0x000000000800381a        0x2 
 .text.HAL_NVIC_SetPriorityGrouping
                0x000000000800381c       0x24 ./Drivers/STM32F4xx_HAL_Driver/Src/stm32f4xx_hal_cortex.o
                0x000000000800381c                HAL_NVIC_SetPriorityGrouping
 .text.HAL_NVIC_SetPriority
                0x0000000008003840       0x64 ./Drivers/STM32F4xx_HAL_Driver/Src/stm32f4xx_hal_cortex.o
                0x0000000008003840                HAL_NVIC_SetPriority
 .text.HAL_NVIC_EnableIRQ
                0x00000000080038a4       0x1c ./Drivers/STM32F4xx_HAL_Driver/Src/stm32f4xx_hal_cortex.o
                0x00000000080038a4                HAL_NVIC_EnableIRQ
 .text.HAL_SYSTICK_Config
                0x00000000080038c0       0x28 ./Drivers/STM32F4xx_HAL_Driver/Src/stm32f4xx_hal_cortex.o
                0x00000000080038c0                HAL_SYSTICK_Config
 .text.DMA_CalcBaseAndBitshift
                0x00000000080038e8       0x2c ./Drivers/STM32F4xx_HAL_Driver/Src/stm32f4xx_hal_dma.o
 .text.HAL_DMA_Init
                0x0000000008003914      0x100 ./Drivers/STM32F4xx_HAL_Driver/Src/stm32f4xx_hal_dma.o
                0x0000000008003914                HAL_DMA_Init
 .text.HAL_DMA_Start_IT
                0x0000000008003a14       0x74 ./Drivers/STM32F4xx_HAL_Driver/Src/stm32f4xx_hal_dma.o
                0x0000000008003a14                HAL_DMA_Start_IT
 .text.HAL_DMA_Abort
                0x0000000008003a88       0x88 ./Drivers/STM32F4xx_HAL_Driver/Src/stm32f4xx_hal_dma.o
                0x0000000008003a88                HAL_DMA_Abort
 .text.HAL_DMA_Abort_IT
                0x0000000008003b10       0x24 ./Drivers/STM32F4xx_HAL_Driver/Src/stm32f4xx_hal_dma.o
                0x0000000008003b10                HAL_DMA_Abort_IT
 .text.HAL_DMA_IRQHandler
                0x0000000008003b34      0x17c ./Drivers/STM32F4xx_HAL_Driver/Src/stm32f4xx_hal_dma.o
                0x0000000008003b34                HAL_DMA_IRQHandler
 .text.HAL_GPIO_Init
                0x0000000008003cb0      0x1b4 ./Drivers/STM32F4xx_HAL_Driver/Src/stm32f4xx_hal_gpio.o
                0x0000000008003cb0                HAL_GPIO_Init
 .text.HAL_GPIO_ReadPin
                0x0000000008003e64        0xc ./Drivers/STM32F4xx_HAL_Driver/Src/stm32f4xx_hal_gpio.o
                0x0000000008003e64                HAL_GPIO_ReadPin
 .text.HAL_GPIO_WritePin
                0x0000000008003e70        0xa ./Drivers/STM32F4xx_HAL_Driver/Src/stm32f4xx_hal_gpio.o
                0x0000000008003e70                HAL_GPIO_WritePin
 .text.HAL_GPIO_TogglePin
                0x0000000008003e7a       0x12 ./Drivers/STM32F4xx_HAL_Driver/Src/stm32f4xx_hal_gpio.o
                0x0000000008003e7a                HAL_GPIO_TogglePin
 .text.HAL_GPIO_EXTI_Callback
                0x0000000008003e8c        0x2 ./Drivers/STM32F4xx_HAL_Driver/Src/stm32f4xx_hal_gpio.o
                0x0000000008003e8c                HAL_GPIO_EXTI_Callback
 *fill*         0x0000000008003e8e        0x2 
 .text.HAL_GPIO_EXTI_IRQHandler
                0x0000000008003e90       0x18 ./Drivers/STM32F4xx_HAL_Driver/Src/stm32f4xx_hal_gpio.o
                0x0000000008003e90                HAL_GPIO_EXTI_IRQHandler
 .text.HAL_I2C_Init
                0x0000000008003ea8      0x150 ./Drivers/STM32F4xx_HAL_Driver/Src/stm32f4xx_hal_i2c.o
                0x0000000008003ea8                HAL_I2C_Init
 .text.HAL_RCC_OscConfig
                0x0000000008003ff8      0x360 ./Drivers/STM32F4xx_HAL_Driver/Src/stm32f4xx_hal_rcc.o
                0x0000000008003ff8                HAL_RCC_OscConfig
 .text.HAL_RCC_GetSysClockFreq
                0x0000000008004358       0x5c ./Drivers/STM32F4xx_HAL_Driver/Src/stm32f4xx_hal_rcc.o
                0x0000000008004358                HAL_RCC_GetSysClockFreq
 .text.HAL_RCC_ClockConfig
                0x00000000080043b4      0x138 ./Drivers/STM32F4xx_HAL_Driver/Src/stm32f4xx_hal_rcc.o
                0x00000000080043b4                HAL_RCC_ClockConfig
 .text.HAL_RCC_GetPCLK1Freq
                0x00000000080044ec       0x20 ./Drivers/STM32F4xx_HAL_Driver/Src/stm32f4xx_hal_rcc.o
                0x00000000080044ec                HAL_RCC_GetPCLK1Freq
 .text.HAL_RCC_GetPCLK2Freq
                0x000000000800450c       0x20 ./Drivers/STM32F4xx_HAL_Driver/Src/stm32f4xx_hal_rcc.o
                0x000000000800450c                HAL_RCC_GetPCLK2Freq
 .text.SPI_WaitFlagStateUntilTimeout.constprop.0
                0x000000000800452c       0xa8 ./Drivers/STM32F4xx_HAL_Driver/Src/stm32f4xx_hal_spi.o
 .text.SPI_EndRxTxTransaction
                0x00000000080045d4       0x58 ./Drivers/STM32F4xx_HAL_Driver/Src/stm32f4xx_hal_spi.o
 .text.HAL_SPI_Init
                0x000000000800462c       0xb8 ./Drivers/STM32F4xx_HAL_Driver/Src/stm32f4xx_hal_spi.o
                0x000000000800462c                HAL_SPI_Init
 .text.HAL_SPI_Transmit
                0x00000000080046e4      0x15c ./Drivers/STM32F4xx_HAL_Driver/Src/stm32f4xx_hal_spi.o
                0x00000000080046e4                HAL_SPI_Transmit
 .text.HAL_SPI_Transmit_DMA
                0x0000000008004840       0xc8 ./Drivers/STM32F4xx_HAL_Driver/Src/stm32f4xx_hal_spi.o
                0x0000000008004840                HAL_SPI_Transmit_DMA
 .text.HAL_SPI_TxCpltCallback
                0x0000000008004908        0x2 ./Drivers/STM32F4xx_HAL_Driver/Src/stm32f4xx_hal_spi.o
                0x0000000008004908                HAL_SPI_TxCpltCallback
 .text.HAL_SPI_TxHalfCpltCallback
                0x000000000800490a        0x2 ./Drivers/STM32F4xx_HAL_Driver/Src/stm32f4xx_hal_spi.o
                0x000000000800490a                HAL_SPI_TxHalfCpltCallback
 .text.SPI_DMAHalfTransmitCplt
                0x000000000800490c        0xa ./Drivers/STM32F4xx_HAL_Driver/Src/stm32f4xx_hal_spi.o
 .text.HAL_SPI_ErrorCallback
                0x0000000008004916        0x2 ./Drivers/STM32F4xx_HAL_Driver/Src/stm32f4xx_hal_spi.o
                0x0000000008004916                HAL_SPI_ErrorCallback
 .text.SPI_DMAError
                0x0000000008004918       0x22 ./Drivers/STM32F4xx_HAL_Driver/Src/stm32f4xx_hal_spi.o
 .text.SPI_DMATransmitCplt
                0x000000000800493a       0x6a ./Drivers/STM32F4xx_HAL_Driver/Src/stm32f4xx_hal_spi.o
 .text.HAL_SPI_IRQHandler
                0x00000000080049a4      0x10c ./Drivers/STM32F4xx_HAL_Driver/Src/stm32f4xx_hal_spi.o
                0x00000000080049a4                HAL_SPI_IRQHandler
 .text.SPI_DMAAbortOnError
                0x0000000008004ab0       0x10 ./Drivers/STM32F4xx_HAL_Driver/Src/stm32f4xx_hal_spi.o
 .text.HAL_SPI_GetState
                0x0000000008004ac0        0x6 ./Drivers/STM32F4xx_HAL_Driver/Src/stm32f4xx_hal_spi.o
                0x0000000008004ac0                HAL_SPI_GetState
 *fill*         0x0000000008004ac6        0x2 
 .text.TIM_OC1_SetConfig
                0x0000000008004ac8       0x64 ./Drivers/STM32F4xx_HAL_Driver/Src/stm32f4xx_hal_tim.o
 .text.TIM_OC3_SetConfig
                0x0000000008004b2c       0x6c ./Drivers/STM32F4xx_HAL_Driver/Src/stm32f4xx_hal_tim.o
 .text.TIM_OC4_SetConfig
                0x0000000008004b98       0x4c ./Drivers/STM32F4xx_HAL_Driver/Src/stm32f4xx_hal_tim.o
 .text.HAL_TIM_PWM_MspInit
                0x0000000008004be4        0x2 ./Drivers/STM32F4xx_HAL_Driver/Src/stm32f4xx_hal_tim.o
                0x0000000008004be4                HAL_TIM_PWM_MspInit
 .text.HAL_TIM_PeriodElapsedCallback
                0x0000000008004be6        0x2 ./Drivers/STM32F4xx_HAL_Driver/Src/stm32f4xx_hal_tim.o
                0x0000000008004be6                HAL_TIM_PeriodElapsedCallback
 .text.HAL_TIM_OC_DelayElapsedCallback
                0x0000000008004be8        0x2 ./Drivers/STM32F4xx_HAL_Driver/Src/stm32f4xx_hal_tim.o
                0x0000000008004be8                HAL_TIM_OC_DelayElapsedCallback
 .text.HAL_TIM_IC_CaptureCallback
                0x0000000008004bea        0x2 ./Drivers/STM32F4xx_HAL_Driver/Src/stm32f4xx_hal_tim.o
                0x0000000008004bea                HAL_TIM_IC_CaptureCallback
 .text.HAL_TIM_PWM_PulseFinishedCallback
                0x0000000008004bec        0x2 ./Drivers/STM32F4xx_HAL_Driver/Src/stm32f4xx_hal_tim.o
                0x0000000008004bec                HAL_TIM_PWM_PulseFinishedCallback
 .text.HAL_TIM_TriggerCallback
                0x0000000008004bee        0x2 ./Drivers/STM32F4xx_HAL_Driver/Src/stm32f4xx_hal_tim.o
                0x0000000008004bee                HAL_TIM_TriggerCallback
 .text.HAL_TIM_IRQHandler
                0x0000000008004bf0      0x144 ./Drivers/STM32F4xx_HAL_Driver/Src/stm32f4xx_hal_tim.o
                0x0000000008004bf0                HAL_TIM_IRQHandler
 .text.TIM_Base_SetConfig
                0x0000000008004d34       0xcc ./Drivers/STM32F4xx_HAL_Driver/Src/stm32f4xx_hal_tim.o
                0x0000000008004d34                TIM_Base_SetConfig
 .text.HAL_TIM_Base_Init
                0x0000000008004e00       0x58 ./Drivers/STM32F4xx_HAL_Driver/Src/stm32f4xx_hal_tim.o
                0x0000000008004e00                HAL_TIM_Base_Init
 .text.HAL_TIM_PWM_Init
                0x0000000008004e58       0x58 ./Drivers/STM32F4xx_HAL_Driver/Src/stm32f4xx_hal_tim.o
                0x0000000008004e58                HAL_TIM_PWM_Init
 .text.TIM_OC2_SetConfig
                0x0000000008004eb0       0x6c ./Drivers/STM32F4xx_HAL_Driver/Src/stm32f4xx_hal_tim.o
                0x0000000008004eb0                TIM_OC2_SetConfig
 .text.HAL_TIM_PWM_ConfigChannel
                0x0000000008004f1c       0xb8 ./Drivers/STM32F4xx_HAL_Driver/Src/stm32f4xx_hal_tim.o
                0x0000000008004f1c                HAL_TIM_PWM_ConfigChannel
 .text.TIM_ETR_SetConfig
                0x0000000008004fd4       0x14 ./Drivers/STM32F4xx_HAL_Driver/Src/stm32f4xx_hal_tim.o
                0x0000000008004fd4                TIM_ETR_SetConfig
 .text.HAL_TIM_ConfigClockSource
                0x0000000008004fe8      0x138 ./Drivers/STM32F4xx_HAL_Driver/Src/stm32f4xx_hal_tim.o
                0x0000000008004fe8                HAL_TIM_ConfigClockSource
 .text.TIM_CCxChannelCmd
                0x0000000008005120       0x1c ./Drivers/STM32F4xx_HAL_Driver/Src/stm32f4xx_hal_tim.o
                0x0000000008005120                TIM_CCxChannelCmd
 .text.HAL_TIM_OC_Start
                0x000000000800513c       0xd0 ./Drivers/STM32F4xx_HAL_Driver/Src/stm32f4xx_hal_tim.o
                0x000000000800513c                HAL_TIM_OC_Start
 .text.HAL_TIM_PWM_Start
                0x000000000800520c        0x4 ./Drivers/STM32F4xx_HAL_Driver/Src/stm32f4xx_hal_tim.o
                0x000000000800520c                HAL_TIM_PWM_Start
 .text.HAL_TIMEx_MasterConfigSynchronization
                0x0000000008005210       0x7c ./Drivers/STM32F4xx_HAL_Driver/Src/stm32f4xx_hal_tim_ex.o
                0x0000000008005210                HAL_TIMEx_MasterConfigSynchronization
 .text.HAL_TIMEx_CommutCallback
                0x000000000800528c        0x2 ./Drivers/STM32F4xx_HAL_Driver/Src/stm32f4xx_hal_tim_ex.o
                0x000000000800528c                HAL_TIMEx_CommutCallback
 .text.HAL_TIMEx_BreakCallback
                0x000000000800528e        0x2 ./Drivers/STM32F4xx_HAL_Driver/Src/stm32f4xx_hal_tim_ex.o
                0x000000000800528e                HAL_TIMEx_BreakCallback
 .text.UART_EndRxTransfer
                0x0000000008005290       0x5c ./Drivers/STM32F4xx_HAL_Driver/Src/stm32f4xx_hal_uart.o
 .text.UART_SetConfig
                0x00000000080052ec       0xbc ./Drivers/STM32F4xx_HAL_Driver/Src/stm32f4xx_hal_uart.o
 .text.HAL_UART_Init
                0x00000000080053a8       0x5c ./Drivers/STM32F4xx_HAL_Driver/Src/stm32f4xx_hal_uart.o
                0x00000000080053a8                HAL_UART_Init
 .text.HAL_UART_Transmit_IT
                0x0000000008005404       0x3e ./Drivers/STM32F4xx_HAL_Driver/Src/stm32f4xx_hal_uart.o
                0x0000000008005404                HAL_UART_Transmit_IT
 .text.HAL_UART_ErrorCallback
                0x0000000008005442        0x2 ./Drivers/STM32F4xx_HAL_Driver/Src/stm32f4xx_hal_uart.o
                0x0000000008005442                HAL_UART_ErrorCallback
 .text.UART_DMAAbortOnError
                0x0000000008005444       0x10 ./Drivers/STM32F4xx_HAL_Driver/Src/stm32f4xx_hal_uart.o
 .text.HAL_UARTEx_RxEventCallback
                0x0000000008005454        0x2 ./Drivers/STM32F4xx_HAL_Driver/Src/stm32f4xx_hal_uart.o
                0x0000000008005454                HAL_UARTEx_RxEventCallback
 .text.UART_Receive_IT.part.0.isra.0
                0x0000000008005456       0xac ./Drivers/STM32F4xx_HAL_Driver/Src/stm32f4xx_hal_uart.o
 *fill*         0x0000000008005502        0x2 
 .text.HAL_UART_IRQHandler
                0x0000000008005504      0x2a0 ./Drivers/STM32F4xx_HAL_Driver/Src/stm32f4xx_hal_uart.o
                0x0000000008005504                HAL_UART_IRQHandler
 .text.UART_Start_Receive_IT
                0x00000000080057a4       0x36 ./Drivers/STM32F4xx_HAL_Driver/Src/stm32f4xx_hal_uart.o
                0x00000000080057a4                UART_Start_Receive_IT
 .text.HAL_UART_Receive_IT
                0x00000000080057da       0x30 ./Drivers/STM32F4xx_HAL_Driver/Src/stm32f4xx_hal_uart.o
                0x00000000080057da                HAL_UART_Receive_IT
 *fill*         0x000000000800580a        0x2 
 .text.__errno  0x000000000800580c        0xc c:/st/stm32cubeide_1.10.1/stm32cubeide/plugins/com.st.stm32cube.ide.mcu.externaltools.gnu-tools-for-stm32.10.3-2021.10.win32_1.0.0.202111181127/tools/bin/../lib/gcc/arm-none-eabi/10.3.1/../../../../arm-none-eabi/lib/thumb/v7e-m+fp/hard\libc_nano.a(lib_a-errno.o)
                0x000000000800580c                __errno
 .text.__libc_init_array
                0x0000000008005818       0x48 c:/st/stm32cubeide_1.10.1/stm32cubeide/plugins/com.st.stm32cube.ide.mcu.externaltools.gnu-tools-for-stm32.10.3-2021.10.win32_1.0.0.202111181127/tools/bin/../lib/gcc/arm-none-eabi/10.3.1/../../../../arm-none-eabi/lib/thumb/v7e-m+fp/hard\libc_nano.a(lib_a-init.o)
                0x0000000008005818                __libc_init_array
 .text.memcpy   0x0000000008005860       0x1c c:/st/stm32cubeide_1.10.1/stm32cubeide/plugins/com.st.stm32cube.ide.mcu.externaltools.gnu-tools-for-stm32.10.3-2021.10.win32_1.0.0.202111181127/tools/bin/../lib/gcc/arm-none-eabi/10.3.1/../../../../arm-none-eabi/lib/thumb/v7e-m+fp/hard\libc_nano.a(lib_a-memcpy-stub.o)
                0x0000000008005860                memcpy
 .text.memset   0x000000000800587c       0x10 c:/st/stm32cubeide_1.10.1/stm32cubeide/plugins/com.st.stm32cube.ide.mcu.externaltools.gnu-tools-for-stm32.10.3-2021.10.win32_1.0.0.202111181127/tools/bin/../lib/gcc/arm-none-eabi/10.3.1/../../../../arm-none-eabi/lib/thumb/v7e-m+fp/hard\libc_nano.a(lib_a-memset.o)
                0x000000000800587c                memset
 .text.sqrt     0x000000000800588c       0x58 c:/st/stm32cubeide_1.10.1/stm32cubeide/plugins/com.st.stm32cube.ide.mcu.externaltools.gnu-tools-for-stm32.10.3-2021.10.win32_1.0.0.202111181127/tools/bin/../lib/gcc/arm-none-eabi/10.3.1/../../../../arm-none-eabi/lib/thumb/v7e-m+fp/hard\libm.a(lib_a-w_sqrt.o)
                0x000000000800588c                sqrt
 .text.__ieee754_sqrt
                0x00000000080058e4      0x164 c:/st/stm32cubeide_1.10.1/stm32cubeide/plugins/com.st.stm32cube.ide.mcu.externaltools.gnu-tools-for-stm32.10.3-2021.10.win32_1.0.0.202111181127/tools/bin/../lib/gcc/arm-none-eabi/10.3.1/../../../../arm-none-eabi/lib/thumb/v7e-m+fp/hard\libm.a(lib_a-e_sqrt.o)
                0x00000000080058e4                __ieee754_sqrt
 *(.glue_7)
 .glue_7        0x0000000008005a48        0x0 linker stubs
 *(.glue_7t)
 .glue_7t       0x0000000008005a48        0x0 linker stubs
 *(.eh_frame)
 .eh_frame      0x0000000008005a48        0x0 c:/st/stm32cubeide_1.10.1/stm32cubeide/plugins/com.st.stm32cube.ide.mcu.externaltools.gnu-tools-for-stm32.10.3-2021.10.win32_1.0.0.202111181127/tools/bin/../lib/gcc/arm-none-eabi/10.3.1/thumb/v7e-m+fp/hard/crtbegin.o
 *(.init)
 .init          0x0000000008005a48        0x4 c:/st/stm32cubeide_1.10.1/stm32cubeide/plugins/com.st.stm32cube.ide.mcu.externaltools.gnu-tools-for-stm32.10.3-2021.10.win32_1.0.0.202111181127/tools/bin/../lib/gcc/arm-none-eabi/10.3.1/thumb/v7e-m+fp/hard/crti.o
                0x0000000008005a48                _init
 .init          0x0000000008005a4c        0x8 c:/st/stm32cubeide_1.10.1/stm32cubeide/plugins/com.st.stm32cube.ide.mcu.externaltools.gnu-tools-for-stm32.10.3-2021.10.win32_1.0.0.202111181127/tools/bin/../lib/gcc/arm-none-eabi/10.3.1/thumb/v7e-m+fp/hard/crtn.o
 *(.fini)
 .fini          0x0000000008005a54        0x4 c:/st/stm32cubeide_1.10.1/stm32cubeide/plugins/com.st.stm32cube.ide.mcu.externaltools.gnu-tools-for-stm32.10.3-2021.10.win32_1.0.0.202111181127/tools/bin/../lib/gcc/arm-none-eabi/10.3.1/thumb/v7e-m+fp/hard/crti.o
                0x0000000008005a54                _fini
 .fini          0x0000000008005a58        0x8 c:/st/stm32cubeide_1.10.1/stm32cubeide/plugins/com.st.stm32cube.ide.mcu.externaltools.gnu-tools-for-stm32.10.3-2021.10.win32_1.0.0.202111181127/tools/bin/../lib/gcc/arm-none-eabi/10.3.1/thumb/v7e-m+fp/hard/crtn.o
                0x0000000008005a60                . = ALIGN (0x4)
                0x0000000008005a60                _etext = .

.vfp11_veneer   0x0000000008005a60        0x0
 .vfp11_veneer  0x0000000008005a60        0x0 linker stubs

.v4_bx          0x0000000008005a60        0x0
 .v4_bx         0x0000000008005a60        0x0 linker stubs

.iplt           0x0000000008005a60        0x0
 .iplt          0x0000000008005a60        0x0 c:/st/stm32cubeide_1.10.1/stm32cubeide/plugins/com.st.stm32cube.ide.mcu.externaltools.gnu-tools-for-stm32.10.3-2021.10.win32_1.0.0.202111181127/tools/bin/../lib/gcc/arm-none-eabi/10.3.1/thumb/v7e-m+fp/hard/crtbegin.o

.rodata         0x0000000008005a60      0xfc8
                0x0000000008005a60                . = ALIGN (0x4)
 *(.rodata)
 .rodata        0x0000000008005a60       0xcc ./Core/Src/main.o
 *(.rodata*)
 .rodata.testing.str1.1
                0x0000000008005b2c       0x1a ./Core/Src/can.o
                                         0x21 (size before relaxing)
 .rodata.print.str1.1
                0x0000000008005b46        0x7 ./Core/Src/lcd.o
 .rodata.ascii_8x16
                0x0000000008005b4d      0xdff ./Core/Src/lcd.o
 .rodata.tft_init_code
                0x000000000800694c       0x71 ./Core/Src/lcd.o
                0x000000000800694c                tft_init_code
 .rodata.tft_orientation_init_code
                0x00000000080069bd        0x4 ./Core/Src/lcd.o
                0x00000000080069bd                tft_orientation_init_code
 .rodata.main.str1.1
                0x00000000080069c1       0x2a ./Core/Src/main.o
 .rodata.AHBPrescTable
                0x00000000080069eb       0x10 ./Core/Src/system_stm32f4xx.o
                0x00000000080069eb                AHBPrescTable
 .rodata.APBPrescTable
                0x00000000080069fb        0x8 ./Core/Src/system_stm32f4xx.o
                0x00000000080069fb                APBPrescTable
 .rodata.shift.str1.1
                0x0000000008006a03        0xc ./Core/Src/usart.o
 .rodata.end_bit.str1.1
                0x0000000008006a0f        0xe ./Core/Src/usart.o
 .rodata.flagBitshiftOffset.0
                0x0000000008006a1d        0x8 ./Drivers/STM32F4xx_HAL_Driver/Src/stm32f4xx_hal_dma.o
                0x0000000008006a28                . = ALIGN (0x4)
 *fill*         0x0000000008006a25        0x3 

.ARM.extab      0x0000000008006a28        0x0
                0x0000000008006a28                . = ALIGN (0x4)
 *(.ARM.extab* .gnu.linkonce.armextab.*)
                0x0000000008006a28                . = ALIGN (0x4)

.ARM            0x0000000008006a28        0x8
                0x0000000008006a28                . = ALIGN (0x4)
                0x0000000008006a28                __exidx_start = .
 *(.ARM.exidx*)
 .ARM.exidx     0x0000000008006a28        0x8 c:/st/stm32cubeide_1.10.1/stm32cubeide/plugins/com.st.stm32cube.ide.mcu.externaltools.gnu-tools-for-stm32.10.3-2021.10.win32_1.0.0.202111181127/tools/bin/../lib/gcc/arm-none-eabi/10.3.1/thumb/v7e-m+fp/hard\libgcc.a(_udivmoddi4.o)
                0x0000000008006a30                __exidx_end = .
                0x0000000008006a30                . = ALIGN (0x4)

.rel.dyn        0x0000000008006a30        0x0
 .rel.iplt      0x0000000008006a30        0x0 c:/st/stm32cubeide_1.10.1/stm32cubeide/plugins/com.st.stm32cube.ide.mcu.externaltools.gnu-tools-for-stm32.10.3-2021.10.win32_1.0.0.202111181127/tools/bin/../lib/gcc/arm-none-eabi/10.3.1/thumb/v7e-m+fp/hard/crtbegin.o

.preinit_array  0x0000000008006a30        0x0
                0x0000000008006a30                . = ALIGN (0x4)
                0x0000000008006a30                PROVIDE (__preinit_array_start = .)
 *(.preinit_array*)
                0x0000000008006a30                PROVIDE (__preinit_array_end = .)
                0x0000000008006a30                . = ALIGN (0x4)

.init_array     0x0000000008006a30        0x4
                0x0000000008006a30                . = ALIGN (0x4)
                0x0000000008006a30                PROVIDE (__init_array_start = .)
 *(SORT_BY_NAME(.init_array.*))
 *(.init_array*)
 .init_array    0x0000000008006a30        0x4 c:/st/stm32cubeide_1.10.1/stm32cubeide/plugins/com.st.stm32cube.ide.mcu.externaltools.gnu-tools-for-stm32.10.3-2021.10.win32_1.0.0.202111181127/tools/bin/../lib/gcc/arm-none-eabi/10.3.1/thumb/v7e-m+fp/hard/crtbegin.o
                0x0000000008006a34                PROVIDE (__init_array_end = .)
                0x0000000008006a34                . = ALIGN (0x4)

.fini_array     0x0000000008006a34        0x4
                0x0000000008006a34                . = ALIGN (0x4)
                [!provide]                        PROVIDE (__fini_array_start = .)
 *(SORT_BY_NAME(.fini_array.*))
 *(.fini_array*)
 .fini_array    0x0000000008006a34        0x4 c:/st/stm32cubeide_1.10.1/stm32cubeide/plugins/com.st.stm32cube.ide.mcu.externaltools.gnu-tools-for-stm32.10.3-2021.10.win32_1.0.0.202111181127/tools/bin/../lib/gcc/arm-none-eabi/10.3.1/thumb/v7e-m+fp/hard/crtbegin.o
                [!provide]                        PROVIDE (__fini_array_end = .)
                0x0000000008006a38                . = ALIGN (0x4)
                0x0000000008006a38                _sidata = LOADADDR (.data)

.data           0x0000000020000000       0xa4 load address 0x0000000008006a38
                0x0000000020000000                . = ALIGN (0x4)
                0x0000000020000000                _sdata = .
 *(.data)
 *(.data*)
 .data.tft_screens
                0x0000000020000000        0x4 ./Core/Src/lcd.o
                0x0000000020000000                tft_screens
 .data.angle.5  0x0000000020000004        0x4 ./Core/Src/main.o
 .data.btn1_choice.10
                0x0000000020000008        0x4 ./Core/Src/main.o
 *fill*         0x000000002000000c        0x4 
 .data.kd.0     0x0000000020000010        0x8 ./Core/Src/main.o
 .data.ki.1     0x0000000020000018        0x8 ./Core/Src/main.o
 .data.kp.2     0x0000000020000020        0x8 ./Core/Src/main.o
 .data.velocity.9
                0x0000000020000028        0x4 ./Core/Src/main.o
 .data.SystemCoreClock
                0x000000002000002c        0x4 ./Core/Src/system_stm32f4xx.o
                0x000000002000002c                SystemCoreClock
 .data.percent_vel
                0x0000000020000030        0x4 ./Core/Src/usart.o
                0x0000000020000030                percent_vel
 .data.velocity
                0x0000000020000034        0x4 ./Core/Src/usart.o
                0x0000000020000034                velocity
 .data.uwTickFreq
                0x0000000020000038        0x1 ./Drivers/STM32F4xx_HAL_Driver/Src/stm32f4xx_hal.o
                0x0000000020000038                uwTickFreq
 *fill*         0x0000000020000039        0x3 
 .data.uwTickPrio
                0x000000002000003c        0x4 ./Drivers/STM32F4xx_HAL_Driver/Src/stm32f4xx_hal.o
                0x000000002000003c                uwTickPrio
 .data._impure_ptr
                0x0000000020000040        0x4 c:/st/stm32cubeide_1.10.1/stm32cubeide/plugins/com.st.stm32cube.ide.mcu.externaltools.gnu-tools-for-stm32.10.3-2021.10.win32_1.0.0.202111181127/tools/bin/../lib/gcc/arm-none-eabi/10.3.1/../../../../arm-none-eabi/lib/thumb/v7e-m+fp/hard\libc_nano.a(lib_a-impure.o)
                0x0000000020000040                _impure_ptr
 .data.impure_data
                0x0000000020000044       0x60 c:/st/stm32cubeide_1.10.1/stm32cubeide/plugins/com.st.stm32cube.ide.mcu.externaltools.gnu-tools-for-stm32.10.3-2021.10.win32_1.0.0.202111181127/tools/bin/../lib/gcc/arm-none-eabi/10.3.1/../../../../arm-none-eabi/lib/thumb/v7e-m+fp/hard\libc_nano.a(lib_a-impure.o)
 *(.RamFunc)
 *(.RamFunc*)
                0x00000000200000a4                . = ALIGN (0x4)
                0x00000000200000a4                _edata = .
                0x0000000008006adc                _siccmram = LOADADDR (.ccmram)

.igot.plt       0x00000000200000a4        0x0 load address 0x0000000008006adc
 .igot.plt      0x00000000200000a4        0x0 c:/st/stm32cubeide_1.10.1/stm32cubeide/plugins/com.st.stm32cube.ide.mcu.externaltools.gnu-tools-for-stm32.10.3-2021.10.win32_1.0.0.202111181127/tools/bin/../lib/gcc/arm-none-eabi/10.3.1/thumb/v7e-m+fp/hard/crtbegin.o

.ccmram         0x0000000010000000        0x0 load address 0x0000000008006adc
                0x0000000010000000                . = ALIGN (0x4)
                0x0000000010000000                _sccmram = .
 *(.ccmram)
 *(.ccmram*)
                0x0000000010000000                . = ALIGN (0x4)
                0x0000000010000000                _eccmram = .
                0x0000000010000000                . = ALIGN (0x4)

.bss            0x00000000200000a8     0xd8d4
                0x00000000200000a8                _sbss = .
                0x00000000200000a8                __bss_start__ = _sbss
 *(.bss)
 .bss           0x00000000200000a8       0x1c c:/st/stm32cubeide_1.10.1/stm32cubeide/plugins/com.st.stm32cube.ide.mcu.externaltools.gnu-tools-for-stm32.10.3-2021.10.win32_1.0.0.202111181127/tools/bin/../lib/gcc/arm-none-eabi/10.3.1/thumb/v7e-m+fp/hard/crtbegin.o
 *(.bss*)
 *fill*         0x00000000200000c4        0x4 
 .bss.Cur_vel.0
                0x00000000200000c8        0x8 ./Core/Src/can.o
 .bss.HAL_RCC_CAN1_CLK_ENABLED
                0x00000000200000d0        0x4 ./Core/Src/can.o
 *fill*         0x00000000200000d4        0x4 
 .bss.accu      0x00000000200000d8       0x80 ./Core/Src/can.o
 .bss.currents  0x0000000020000158     0x7d00 ./Core/Src/can.o
                0x0000000020000158                currents
 .bss.hcan1     0x0000000020007e58       0x28 ./Core/Src/can.o
                0x0000000020007e58                hcan1
 .bss.hcan2     0x0000000020007e80       0x28 ./Core/Src/can.o
                0x0000000020007e80                hcan2
 .bss.indexes   0x0000000020007ea8       0x40 ./Core/Src/can.o
 .bss.prev_error
                0x0000000020007ee8       0x80 ./Core/Src/can.o
 .bss.rm_ctrl_cmd
                0x0000000020007f68       0x20 ./Core/Src/can.o
                0x0000000020007f68                rm_ctrl_cmd
 .bss.rm_fb_cmd
                0x0000000020007f88       0xc0 ./Core/Src/can.o
                0x0000000020007f88                rm_fb_cmd
 .bss.hi2c2     0x0000000020008048       0x54 ./Core/Src/i2c.o
                0x0000000020008048                hi2c2
 .bss.buf_ptr   0x000000002000809c        0x1 ./Core/Src/lcd.o
                0x000000002000809c                buf_ptr
 .bss.char_max_x
                0x000000002000809d        0x1 ./Core/Src/lcd.o
                0x000000002000809d                char_max_x
 .bss.char_max_y
                0x000000002000809e        0x1 ./Core/Src/lcd.o
                0x000000002000809e                char_max_y
 .bss.col_shift
                0x000000002000809f        0x1 ./Core/Src/lcd.o
 .bss.curr_bg_color
                0x00000000200080a0        0x2 ./Core/Src/lcd.o
                0x00000000200080a0                curr_bg_color
 .bss.curr_highlight_color
                0x00000000200080a2        0x2 ./Core/Src/lcd.o
                0x00000000200080a2                curr_highlight_color
 .bss.curr_text_color
                0x00000000200080a4        0x2 ./Core/Src/lcd.o
                0x00000000200080a4                curr_text_color
 .bss.curr_text_color_sp
                0x00000000200080a6        0x2 ./Core/Src/lcd.o
                0x00000000200080a6                curr_text_color_sp
 .bss.default_tft_screens
                0x00000000200080a8      0x642 ./Core/Src/lcd.o
                0x00000000200080a8                default_tft_screens
 *fill*         0x00000000200086ea        0x2 
 .bss.last_update.5
                0x00000000200086ec        0x4 ./Core/Src/lcd.o
 .bss.row_shift
                0x00000000200086f0        0x1 ./Core/Src/lcd.o
 .bss.tft_dma_bufs
                0x00000000200086f1     0x5000 ./Core/Src/lcd.o
 .bss.tft_orientation
                0x000000002000d6f1        0x1 ./Core/Src/lcd.o
                0x000000002000d6f1                tft_orientation
 *fill*         0x000000002000d6f2        0x2 
 .bss.Btn1_HoldTime.11
                0x000000002000d6f4        0x4 ./Core/Src/main.o
 .bss.Btn1_mode.12
                0x000000002000d6f8        0x4 ./Core/Src/main.o
 .bss.Btn2_HoldTime.3
                0x000000002000d6fc        0x4 ./Core/Src/main.o
 .bss.Btn2_mode.4
                0x000000002000d700        0x4 ./Core/Src/main.o
 .bss.deltatime.8
                0x000000002000d704        0x4 ./Core/Src/main.o
 .bss.last_servo_time.6
                0x000000002000d708        0x4 ./Core/Src/main.o
 .bss.target_vel.7
                0x000000002000d70c       0x10 ./Core/Src/main.o
 .bss.hdma_spi1_tx
                0x000000002000d71c       0x60 ./Core/Src/spi.o
                0x000000002000d71c                hdma_spi1_tx
 .bss.hspi1     0x000000002000d77c       0x58 ./Core/Src/spi.o
                0x000000002000d77c                hspi1
 .bss.htim3     0x000000002000d7d4       0x48 ./Core/Src/tim.o
                0x000000002000d7d4                htim3
 .bss.htim5     0x000000002000d81c       0x48 ./Core/Src/tim.o
                0x000000002000d81c                htim5
 .bss.count     0x000000002000d864        0x4 ./Core/Src/usart.o
                0x000000002000d864                count
 .bss.dat       0x000000002000d868       0x1e ./Core/Src/usart.o
                0x000000002000d868                dat
 .bss.fulldat   0x000000002000d886       0x1e ./Core/Src/usart.o
                0x000000002000d886                fulldat
 .bss.huart1    0x000000002000d8a4       0x44 ./Core/Src/usart.o
                0x000000002000d8a4                huart1
 .bss.huart2    0x000000002000d8e8       0x44 ./Core/Src/usart.o
                0x000000002000d8e8                huart2
 .bss.last_Send_Time.0
                0x000000002000d92c        0x4 ./Core/Src/usart.o
 .bss.mode1     0x000000002000d930        0x4 ./Core/Src/usart.o
                0x000000002000d930                mode1
 .bss.shifted   0x000000002000d934        0x4 ./Core/Src/usart.o
                0x000000002000d934                shifted
 .bss.target    0x000000002000d938        0x4 ./Core/Src/usart.o
                0x000000002000d938                target
 .bss.tofdat    0x000000002000d93c       0x3c ./Core/Src/usart.o
                0x000000002000d93c                tofdat
 .bss.uwTick    0x000000002000d978        0x4 ./Drivers/STM32F4xx_HAL_Driver/Src/stm32f4xx_hal.o
                0x000000002000d978                uwTick
 *(COMMON)
                0x000000002000d97c                . = ALIGN (0x4)
                0x000000002000d97c                _ebss = .
                0x000000002000d97c                __bss_end__ = _ebss

._user_heap_stack
                0x000000002000d97c      0x604
                0x000000002000d980                . = ALIGN (0x8)
 *fill*         0x000000002000d97c        0x4 
                [!provide]                        PROVIDE (end = .)
                0x000000002000d980                PROVIDE (_end = .)
                0x000000002000db80                . = (. + _Min_Heap_Size)
 *fill*         0x000000002000d980      0x200 
                0x000000002000df80                . = (. + _Min_Stack_Size)
 *fill*         0x000000002000db80      0x400 
                0x000000002000df80                . = ALIGN (0x8)

/DISCARD/
 libc.a(*)
 libm.a(*)
 libgcc.a(*)

.ARM.attributes
                0x0000000000000000       0x30
 *(.ARM.attributes)
 .ARM.attributes
                0x0000000000000000       0x1e c:/st/stm32cubeide_1.10.1/stm32cubeide/plugins/com.st.stm32cube.ide.mcu.externaltools.gnu-tools-for-stm32.10.3-2021.10.win32_1.0.0.202111181127/tools/bin/../lib/gcc/arm-none-eabi/10.3.1/thumb/v7e-m+fp/hard/crti.o
 .ARM.attributes
                0x000000000000001e       0x34 c:/st/stm32cubeide_1.10.1/stm32cubeide/plugins/com.st.stm32cube.ide.mcu.externaltools.gnu-tools-for-stm32.10.3-2021.10.win32_1.0.0.202111181127/tools/bin/../lib/gcc/arm-none-eabi/10.3.1/thumb/v7e-m+fp/hard/crtbegin.o
 .ARM.attributes
                0x0000000000000052       0x34 ./Core/Src/can.o
 .ARM.attributes
                0x0000000000000086       0x34 ./Core/Src/dma.o
 .ARM.attributes
                0x00000000000000ba       0x34 ./Core/Src/gpio.o
 .ARM.attributes
                0x00000000000000ee       0x34 ./Core/Src/i2c.o
 .ARM.attributes
                0x0000000000000122       0x34 ./Core/Src/lcd.o
 .ARM.attributes
                0x0000000000000156       0x34 ./Core/Src/main.o
 .ARM.attributes
                0x000000000000018a       0x34 ./Core/Src/pwm.o
 .ARM.attributes
                0x00000000000001be       0x34 ./Core/Src/spi.o
 .ARM.attributes
                0x00000000000001f2       0x34 ./Core/Src/stm32f4xx_hal_msp.o
 .ARM.attributes
                0x0000000000000226       0x34 ./Core/Src/stm32f4xx_it.o
 .ARM.attributes
                0x000000000000025a       0x34 ./Core/Src/system_stm32f4xx.o
 .ARM.attributes
                0x000000000000028e       0x34 ./Core/Src/tim.o
 .ARM.attributes
                0x00000000000002c2       0x34 ./Core/Src/usart.o
 .ARM.attributes
                0x00000000000002f6       0x21 ./Core/Startup/startup_stm32f405rgtx.o
 .ARM.attributes
                0x0000000000000317       0x34 ./Drivers/STM32F4xx_HAL_Driver/Src/stm32f4xx_hal.o
 .ARM.attributes
                0x000000000000034b       0x34 ./Drivers/STM32F4xx_HAL_Driver/Src/stm32f4xx_hal_can.o
 .ARM.attributes
                0x000000000000037f       0x34 ./Drivers/STM32F4xx_HAL_Driver/Src/stm32f4xx_hal_cortex.o
 .ARM.attributes
                0x00000000000003b3       0x34 ./Drivers/STM32F4xx_HAL_Driver/Src/stm32f4xx_hal_dma.o
 .ARM.attributes
                0x00000000000003e7       0x34 ./Drivers/STM32F4xx_HAL_Driver/Src/stm32f4xx_hal_gpio.o
 .ARM.attributes
                0x000000000000041b       0x34 ./Drivers/STM32F4xx_HAL_Driver/Src/stm32f4xx_hal_i2c.o
 .ARM.attributes
                0x000000000000044f       0x34 ./Drivers/STM32F4xx_HAL_Driver/Src/stm32f4xx_hal_rcc.o
 .ARM.attributes
                0x0000000000000483       0x34 ./Drivers/STM32F4xx_HAL_Driver/Src/stm32f4xx_hal_spi.o
 .ARM.attributes
                0x00000000000004b7       0x34 ./Drivers/STM32F4xx_HAL_Driver/Src/stm32f4xx_hal_tim.o
 .ARM.attributes
                0x00000000000004eb       0x34 ./Drivers/STM32F4xx_HAL_Driver/Src/stm32f4xx_hal_tim_ex.o
 .ARM.attributes
                0x000000000000051f       0x34 ./Drivers/STM32F4xx_HAL_Driver/Src/stm32f4xx_hal_uart.o
 .ARM.attributes
                0x0000000000000553       0x34 c:/st/stm32cubeide_1.10.1/stm32cubeide/plugins/com.st.stm32cube.ide.mcu.externaltools.gnu-tools-for-stm32.10.3-2021.10.win32_1.0.0.202111181127/tools/bin/../lib/gcc/arm-none-eabi/10.3.1/../../../../arm-none-eabi/lib/thumb/v7e-m+fp/hard\libc_nano.a(lib_a-errno.o)
 .ARM.attributes
                0x0000000000000587       0x34 c:/st/stm32cubeide_1.10.1/stm32cubeide/plugins/com.st.stm32cube.ide.mcu.externaltools.gnu-tools-for-stm32.10.3-2021.10.win32_1.0.0.202111181127/tools/bin/../lib/gcc/arm-none-eabi/10.3.1/../../../../arm-none-eabi/lib/thumb/v7e-m+fp/hard\libc_nano.a(lib_a-impure.o)
 .ARM.attributes
                0x00000000000005bb       0x34 c:/st/stm32cubeide_1.10.1/stm32cubeide/plugins/com.st.stm32cube.ide.mcu.externaltools.gnu-tools-for-stm32.10.3-2021.10.win32_1.0.0.202111181127/tools/bin/../lib/gcc/arm-none-eabi/10.3.1/../../../../arm-none-eabi/lib/thumb/v7e-m+fp/hard\libc_nano.a(lib_a-init.o)
 .ARM.attributes
                0x00000000000005ef       0x34 c:/st/stm32cubeide_1.10.1/stm32cubeide/plugins/com.st.stm32cube.ide.mcu.externaltools.gnu-tools-for-stm32.10.3-2021.10.win32_1.0.0.202111181127/tools/bin/../lib/gcc/arm-none-eabi/10.3.1/../../../../arm-none-eabi/lib/thumb/v7e-m+fp/hard\libc_nano.a(lib_a-memcpy-stub.o)
 .ARM.attributes
                0x0000000000000623       0x34 c:/st/stm32cubeide_1.10.1/stm32cubeide/plugins/com.st.stm32cube.ide.mcu.externaltools.gnu-tools-for-stm32.10.3-2021.10.win32_1.0.0.202111181127/tools/bin/../lib/gcc/arm-none-eabi/10.3.1/../../../../arm-none-eabi/lib/thumb/v7e-m+fp/hard\libc_nano.a(lib_a-memset.o)
 .ARM.attributes
                0x0000000000000657       0x34 c:/st/stm32cubeide_1.10.1/stm32cubeide/plugins/com.st.stm32cube.ide.mcu.externaltools.gnu-tools-for-stm32.10.3-2021.10.win32_1.0.0.202111181127/tools/bin/../lib/gcc/arm-none-eabi/10.3.1/../../../../arm-none-eabi/lib/thumb/v7e-m+fp/hard\libm.a(lib_a-w_sqrt.o)
 .ARM.attributes
                0x000000000000068b       0x34 c:/st/stm32cubeide_1.10.1/stm32cubeide/plugins/com.st.stm32cube.ide.mcu.externaltools.gnu-tools-for-stm32.10.3-2021.10.win32_1.0.0.202111181127/tools/bin/../lib/gcc/arm-none-eabi/10.3.1/../../../../arm-none-eabi/lib/thumb/v7e-m+fp/hard\libm.a(lib_a-e_sqrt.o)
 .ARM.attributes
                0x00000000000006bf       0x1e c:/st/stm32cubeide_1.10.1/stm32cubeide/plugins/com.st.stm32cube.ide.mcu.externaltools.gnu-tools-for-stm32.10.3-2021.10.win32_1.0.0.202111181127/tools/bin/../lib/gcc/arm-none-eabi/10.3.1/thumb/v7e-m+fp/hard\libgcc.a(_arm_addsubdf3.o)
 .ARM.attributes
                0x00000000000006dd       0x1e c:/st/stm32cubeide_1.10.1/stm32cubeide/plugins/com.st.stm32cube.ide.mcu.externaltools.gnu-tools-for-stm32.10.3-2021.10.win32_1.0.0.202111181127/tools/bin/../lib/gcc/arm-none-eabi/10.3.1/thumb/v7e-m+fp/hard\libgcc.a(_arm_muldivdf3.o)
 .ARM.attributes
                0x00000000000006fb       0x1e c:/st/stm32cubeide_1.10.1/stm32cubeide/plugins/com.st.stm32cube.ide.mcu.externaltools.gnu-tools-for-stm32.10.3-2021.10.win32_1.0.0.202111181127/tools/bin/../lib/gcc/arm-none-eabi/10.3.1/thumb/v7e-m+fp/hard\libgcc.a(_arm_cmpdf2.o)
 .ARM.attributes
                0x0000000000000719       0x1e c:/st/stm32cubeide_1.10.1/stm32cubeide/plugins/com.st.stm32cube.ide.mcu.externaltools.gnu-tools-for-stm32.10.3-2021.10.win32_1.0.0.202111181127/tools/bin/../lib/gcc/arm-none-eabi/10.3.1/thumb/v7e-m+fp/hard\libgcc.a(_arm_unorddf2.o)
 .ARM.attributes
                0x0000000000000737       0x1e c:/st/stm32cubeide_1.10.1/stm32cubeide/plugins/com.st.stm32cube.ide.mcu.externaltools.gnu-tools-for-stm32.10.3-2021.10.win32_1.0.0.202111181127/tools/bin/../lib/gcc/arm-none-eabi/10.3.1/thumb/v7e-m+fp/hard\libgcc.a(_arm_fixdfsi.o)
 .ARM.attributes
                0x0000000000000755       0x1e c:/st/stm32cubeide_1.10.1/stm32cubeide/plugins/com.st.stm32cube.ide.mcu.externaltools.gnu-tools-for-stm32.10.3-2021.10.win32_1.0.0.202111181127/tools/bin/../lib/gcc/arm-none-eabi/10.3.1/thumb/v7e-m+fp/hard\libgcc.a(_arm_fixunsdfsi.o)
 .ARM.attributes
                0x0000000000000773       0x1e c:/st/stm32cubeide_1.10.1/stm32cubeide/plugins/com.st.stm32cube.ide.mcu.externaltools.gnu-tools-for-stm32.10.3-2021.10.win32_1.0.0.202111181127/tools/bin/../lib/gcc/arm-none-eabi/10.3.1/thumb/v7e-m+fp/hard\libgcc.a(_arm_truncdfsf2.o)
 .ARM.attributes
                0x0000000000000791       0x1e c:/st/stm32cubeide_1.10.1/stm32cubeide/plugins/com.st.stm32cube.ide.mcu.externaltools.gnu-tools-for-stm32.10.3-2021.10.win32_1.0.0.202111181127/tools/bin/../lib/gcc/arm-none-eabi/10.3.1/thumb/v7e-m+fp/hard\libgcc.a(_aeabi_uldivmod.o)
 .ARM.attributes
                0x00000000000007af       0x34 c:/st/stm32cubeide_1.10.1/stm32cubeide/plugins/com.st.stm32cube.ide.mcu.externaltools.gnu-tools-for-stm32.10.3-2021.10.win32_1.0.0.202111181127/tools/bin/../lib/gcc/arm-none-eabi/10.3.1/thumb/v7e-m+fp/hard\libgcc.a(_fixdfdi.o)
 .ARM.attributes
                0x00000000000007e3       0x34 c:/st/stm32cubeide_1.10.1/stm32cubeide/plugins/com.st.stm32cube.ide.mcu.externaltools.gnu-tools-for-stm32.10.3-2021.10.win32_1.0.0.202111181127/tools/bin/../lib/gcc/arm-none-eabi/10.3.1/thumb/v7e-m+fp/hard\libgcc.a(_fixunsdfdi.o)
 .ARM.attributes
                0x0000000000000817       0x34 c:/st/stm32cubeide_1.10.1/stm32cubeide/plugins/com.st.stm32cube.ide.mcu.externaltools.gnu-tools-for-stm32.10.3-2021.10.win32_1.0.0.202111181127/tools/bin/../lib/gcc/arm-none-eabi/10.3.1/thumb/v7e-m+fp/hard\libgcc.a(_udivmoddi4.o)
 .ARM.attributes
                0x000000000000084b       0x1e c:/st/stm32cubeide_1.10.1/stm32cubeide/plugins/com.st.stm32cube.ide.mcu.externaltools.gnu-tools-for-stm32.10.3-2021.10.win32_1.0.0.202111181127/tools/bin/../lib/gcc/arm-none-eabi/10.3.1/thumb/v7e-m+fp/hard\libgcc.a(_dvmd_tls.o)
 .ARM.attributes
                0x0000000000000869       0x1e c:/st/stm32cubeide_1.10.1/stm32cubeide/plugins/com.st.stm32cube.ide.mcu.externaltools.gnu-tools-for-stm32.10.3-2021.10.win32_1.0.0.202111181127/tools/bin/../lib/gcc/arm-none-eabi/10.3.1/thumb/v7e-m+fp/hard/crtn.o
OUTPUT(sw-tutorial.elf elf32-littlearm)
LOAD linker stubs
LOAD c:/st/stm32cubeide_1.10.1/stm32cubeide/plugins/com.st.stm32cube.ide.mcu.externaltools.gnu-tools-for-stm32.10.3-2021.10.win32_1.0.0.202111181127/tools/bin/../lib/gcc/arm-none-eabi/10.3.1/../../../../arm-none-eabi/lib/thumb/v7e-m+fp/hard\libc.a
LOAD c:/st/stm32cubeide_1.10.1/stm32cubeide/plugins/com.st.stm32cube.ide.mcu.externaltools.gnu-tools-for-stm32.10.3-2021.10.win32_1.0.0.202111181127/tools/bin/../lib/gcc/arm-none-eabi/10.3.1/../../../../arm-none-eabi/lib/thumb/v7e-m+fp/hard\libm.a
LOAD c:/st/stm32cubeide_1.10.1/stm32cubeide/plugins/com.st.stm32cube.ide.mcu.externaltools.gnu-tools-for-stm32.10.3-2021.10.win32_1.0.0.202111181127/tools/bin/../lib/gcc/arm-none-eabi/10.3.1/thumb/v7e-m+fp/hard\libgcc.a

.comment        0x0000000000000000       0x50
 .comment       0x0000000000000000       0x50 ./Core/Src/can.o
                                         0x51 (size before relaxing)
 .comment       0x0000000000000050       0x51 ./Core/Src/dma.o
 .comment       0x0000000000000050       0x51 ./Core/Src/gpio.o
 .comment       0x0000000000000050       0x51 ./Core/Src/i2c.o
 .comment       0x0000000000000050       0x51 ./Core/Src/lcd.o
 .comment       0x0000000000000050       0x51 ./Core/Src/main.o
 .comment       0x0000000000000050       0x51 ./Core/Src/pwm.o
 .comment       0x0000000000000050       0x51 ./Core/Src/spi.o
 .comment       0x0000000000000050       0x51 ./Core/Src/stm32f4xx_hal_msp.o
 .comment       0x0000000000000050       0x51 ./Core/Src/stm32f4xx_it.o
 .comment       0x0000000000000050       0x51 ./Core/Src/system_stm32f4xx.o
 .comment       0x0000000000000050       0x51 ./Core/Src/tim.o
 .comment       0x0000000000000050       0x51 ./Core/Src/usart.o
 .comment       0x0000000000000050       0x51 ./Drivers/STM32F4xx_HAL_Driver/Src/stm32f4xx_hal.o
 .comment       0x0000000000000050       0x51 ./Drivers/STM32F4xx_HAL_Driver/Src/stm32f4xx_hal_can.o
 .comment       0x0000000000000050       0x51 ./Drivers/STM32F4xx_HAL_Driver/Src/stm32f4xx_hal_cortex.o
 .comment       0x0000000000000050       0x51 ./Drivers/STM32F4xx_HAL_Driver/Src/stm32f4xx_hal_dma.o
 .comment       0x0000000000000050       0x51 ./Drivers/STM32F4xx_HAL_Driver/Src/stm32f4xx_hal_gpio.o
 .comment       0x0000000000000050       0x51 ./Drivers/STM32F4xx_HAL_Driver/Src/stm32f4xx_hal_i2c.o
 .comment       0x0000000000000050       0x51 ./Drivers/STM32F4xx_HAL_Driver/Src/stm32f4xx_hal_rcc.o
 .comment       0x0000000000000050       0x51 ./Drivers/STM32F4xx_HAL_Driver/Src/stm32f4xx_hal_spi.o
 .comment       0x0000000000000050       0x51 ./Drivers/STM32F4xx_HAL_Driver/Src/stm32f4xx_hal_tim.o
 .comment       0x0000000000000050       0x51 ./Drivers/STM32F4xx_HAL_Driver/Src/stm32f4xx_hal_tim_ex.o
 .comment       0x0000000000000050       0x51 ./Drivers/STM32F4xx_HAL_Driver/Src/stm32f4xx_hal_uart.o

.debug_frame    0x0000000000000000      0x410
 .debug_frame   0x0000000000000000       0x20 c:/st/stm32cubeide_1.10.1/stm32cubeide/plugins/com.st.stm32cube.ide.mcu.externaltools.gnu-tools-for-stm32.10.3-2021.10.win32_1.0.0.202111181127/tools/bin/../lib/gcc/arm-none-eabi/10.3.1/../../../../arm-none-eabi/lib/thumb/v7e-m+fp/hard\libc_nano.a(lib_a-errno.o)
 .debug_frame   0x0000000000000020       0x2c c:/st/stm32cubeide_1.10.1/stm32cubeide/plugins/com.st.stm32cube.ide.mcu.externaltools.gnu-tools-for-stm32.10.3-2021.10.win32_1.0.0.202111181127/tools/bin/../lib/gcc/arm-none-eabi/10.3.1/../../../../arm-none-eabi/lib/thumb/v7e-m+fp/hard\libc_nano.a(lib_a-init.o)
 .debug_frame   0x000000000000004c       0x28 c:/st/stm32cubeide_1.10.1/stm32cubeide/plugins/com.st.stm32cube.ide.mcu.externaltools.gnu-tools-for-stm32.10.3-2021.10.win32_1.0.0.202111181127/tools/bin/../lib/gcc/arm-none-eabi/10.3.1/../../../../arm-none-eabi/lib/thumb/v7e-m+fp/hard\libc_nano.a(lib_a-memcpy-stub.o)
 .debug_frame   0x0000000000000074       0x20 c:/st/stm32cubeide_1.10.1/stm32cubeide/plugins/com.st.stm32cube.ide.mcu.externaltools.gnu-tools-for-stm32.10.3-2021.10.win32_1.0.0.202111181127/tools/bin/../lib/gcc/arm-none-eabi/10.3.1/../../../../arm-none-eabi/lib/thumb/v7e-m+fp/hard\libc_nano.a(lib_a-memset.o)
 .debug_frame   0x0000000000000094       0x3c c:/st/stm32cubeide_1.10.1/stm32cubeide/plugins/com.st.stm32cube.ide.mcu.externaltools.gnu-tools-for-stm32.10.3-2021.10.win32_1.0.0.202111181127/tools/bin/../lib/gcc/arm-none-eabi/10.3.1/../../../../arm-none-eabi/lib/thumb/v7e-m+fp/hard\libm.a(lib_a-w_sqrt.o)
 .debug_frame   0x00000000000000d0       0x30 c:/st/stm32cubeide_1.10.1/stm32cubeide/plugins/com.st.stm32cube.ide.mcu.externaltools.gnu-tools-for-stm32.10.3-2021.10.win32_1.0.0.202111181127/tools/bin/../lib/gcc/arm-none-eabi/10.3.1/../../../../arm-none-eabi/lib/thumb/v7e-m+fp/hard\libm.a(lib_a-e_sqrt.o)
 .debug_frame   0x0000000000000100       0xac c:/st/stm32cubeide_1.10.1/stm32cubeide/plugins/com.st.stm32cube.ide.mcu.externaltools.gnu-tools-for-stm32.10.3-2021.10.win32_1.0.0.202111181127/tools/bin/../lib/gcc/arm-none-eabi/10.3.1/thumb/v7e-m+fp/hard\libgcc.a(_arm_addsubdf3.o)
 .debug_frame   0x00000000000001ac       0x50 c:/st/stm32cubeide_1.10.1/stm32cubeide/plugins/com.st.stm32cube.ide.mcu.externaltools.gnu-tools-for-stm32.10.3-2021.10.win32_1.0.0.202111181127/tools/bin/../lib/gcc/arm-none-eabi/10.3.1/thumb/v7e-m+fp/hard\libgcc.a(_arm_muldivdf3.o)
 .debug_frame   0x00000000000001fc       0xc4 c:/st/stm32cubeide_1.10.1/stm32cubeide/plugins/com.st.stm32cube.ide.mcu.externaltools.gnu-tools-for-stm32.10.3-2021.10.win32_1.0.0.202111181127/tools/bin/../lib/gcc/arm-none-eabi/10.3.1/thumb/v7e-m+fp/hard\libgcc.a(_arm_cmpdf2.o)
 .debug_frame   0x00000000000002c0       0x20 c:/st/stm32cubeide_1.10.1/stm32cubeide/plugins/com.st.stm32cube.ide.mcu.externaltools.gnu-tools-for-stm32.10.3-2021.10.win32_1.0.0.202111181127/tools/bin/../lib/gcc/arm-none-eabi/10.3.1/thumb/v7e-m+fp/hard\libgcc.a(_arm_unorddf2.o)
 .debug_frame   0x00000000000002e0       0x24 c:/st/stm32cubeide_1.10.1/stm32cubeide/plugins/com.st.stm32cube.ide.mcu.externaltools.gnu-tools-for-stm32.10.3-2021.10.win32_1.0.0.202111181127/tools/bin/../lib/gcc/arm-none-eabi/10.3.1/thumb/v7e-m+fp/hard\libgcc.a(_arm_fixdfsi.o)
 .debug_frame   0x0000000000000304       0x24 c:/st/stm32cubeide_1.10.1/stm32cubeide/plugins/com.st.stm32cube.ide.mcu.externaltools.gnu-tools-for-stm32.10.3-2021.10.win32_1.0.0.202111181127/tools/bin/../lib/gcc/arm-none-eabi/10.3.1/thumb/v7e-m+fp/hard\libgcc.a(_arm_fixunsdfsi.o)
 .debug_frame   0x0000000000000328       0x24 c:/st/stm32cubeide_1.10.1/stm32cubeide/plugins/com.st.stm32cube.ide.mcu.externaltools.gnu-tools-for-stm32.10.3-2021.10.win32_1.0.0.202111181127/tools/bin/../lib/gcc/arm-none-eabi/10.3.1/thumb/v7e-m+fp/hard\libgcc.a(_arm_truncdfsf2.o)
 .debug_frame   0x000000000000034c       0x2c c:/st/stm32cubeide_1.10.1/stm32cubeide/plugins/com.st.stm32cube.ide.mcu.externaltools.gnu-tools-for-stm32.10.3-2021.10.win32_1.0.0.202111181127/tools/bin/../lib/gcc/arm-none-eabi/10.3.1/thumb/v7e-m+fp/hard\libgcc.a(_aeabi_uldivmod.o)
 .debug_frame   0x0000000000000378       0x38 c:/st/stm32cubeide_1.10.1/stm32cubeide/plugins/com.st.stm32cube.ide.mcu.externaltools.gnu-tools-for-stm32.10.3-2021.10.win32_1.0.0.202111181127/tools/bin/../lib/gcc/arm-none-eabi/10.3.1/thumb/v7e-m+fp/hard\libgcc.a(_fixdfdi.o)
 .debug_frame   0x00000000000003b0       0x2c c:/st/stm32cubeide_1.10.1/stm32cubeide/plugins/com.st.stm32cube.ide.mcu.externaltools.gnu-tools-for-stm32.10.3-2021.10.win32_1.0.0.202111181127/tools/bin/../lib/gcc/arm-none-eabi/10.3.1/thumb/v7e-m+fp/hard\libgcc.a(_fixunsdfdi.o)
 .debug_frame   0x00000000000003dc       0x34 c:/st/stm32cubeide_1.10.1/stm32cubeide/plugins/com.st.stm32cube.ide.mcu.externaltools.gnu-tools-for-stm32.10.3-2021.10.win32_1.0.0.202111181127/tools/bin/../lib/gcc/arm-none-eabi/10.3.1/thumb/v7e-m+fp/hard\libgcc.a(_udivmoddi4.o)
